=== Program: arithmetic_034.src ===
--- Iteration 1 ---
  [ANALYZE] Found 17 opportunities: DEAD_CODEx2 (priority=80), COPY_PROPAGATIONx15 (priority=50)
  [PROPOSE] Applying DEAD_CODE at instruction 7: acc = t5 → (removed)
  [VERIFY]  PASS (differential: 25/25 inputs matched, symbolic: equivalent)
  [COST]    Before: 56.5, After: 54.0 (reduction: 4.4%)
  [ACCEPT]  ✓ Change accepted
--- Iteration 2 ---
  [ANALYZE] Found 16 opportunities: DEAD_CODEx2 (priority=80), COPY_PROPAGATIONx14 (priority=50)
  [PROPOSE] Applying DEAD_CODE at instruction 6: t5 = t3 - t4 → (removed)
  [VERIFY]  PASS (differential: 25/25 inputs matched, symbolic: equivalent)
  [COST]    Before: 54.0, After: 50.5 (reduction: 6.5%)
  [ACCEPT]  ✓ Change accepted
--- Iteration 3 ---
  [ANALYZE] Found 15 opportunities: DEAD_CODEx3 (priority=80), COPY_PROPAGATIONx12 (priority=50)
  [PROPOSE] Applying DEAD_CODE at instruction 4: t3 = 10 → (removed)
  [VERIFY]  PASS (differential: 25/25 inputs matched, symbolic: equivalent)
  [COST]    Before: 50.5, After: 47.5 (reduction: 5.9%)
  [ACCEPT]  ✓ Change accepted
--- Iteration 4 ---
  [ANALYZE] Found 14 opportunities: DEAD_CODEx2 (priority=80), COPY_PROPAGATIONx12 (priority=50)
  [PROPOSE] Applying DEAD_CODE at instruction 4: t4 = 12 → (removed)
  [VERIFY]  PASS (differential: 25/25 inputs matched, symbolic: equivalent)
  [COST]    Before: 47.5, After: 44.5 (reduction: 6.3%)
  [ACCEPT]  ✓ Change accepted
--- Iteration 5 ---
  [ANALYZE] Found 13 opportunities: DEAD_CODE (priority=80), COPY_PROPAGATIONx12 (priority=50)
  [PROPOSE] Applying DEAD_CODE at instruction 7: s = t8 → (removed)
  [VERIFY]  PASS (differential: 25/25 inputs matched, symbolic: equivalent)
  [COST]    Before: 44.5, After: 42.0 (reduction: 5.6%)
  [ACCEPT]  ✓ Change accepted
--- Iteration 6 ---
  [ANALYZE] Found 12 opportunities: DEAD_CODE (priority=80), COPY_PROPAGATIONx11 (priority=50)
  [PROPOSE] Applying DEAD_CODE at instruction 6: t8 = t6 * t7 → (removed)
  [VERIFY]  PASS (differential: 25/25 inputs matched, symbolic: equivalent)
  [COST]    Before: 42.0, After: 38.5 (reduction: 8.3%)
  [ACCEPT]  ✓ Change accepted
--- Iteration 7 ---
  [ANALYZE] Found 11 opportunities: DEAD_CODEx2 (priority=80), COPY_PROPAGATIONx9 (priority=50)
  [PROPOSE] Applying DEAD_CODE at instruction 4: t6 = 5 → (removed)
  [VERIFY]  PASS (differential: 25/25 inputs matched, symbolic: equivalent)
  [COST]    Before: 38.5, After: 35.5 (reduction: 7.8%)
  [ACCEPT]  ✓ Change accepted
--- Iteration 8 ---
  [ANALYZE] Found 10 opportunities: DEAD_CODE (priority=80), COPY_PROPAGATIONx9 (priority=50)
  [PROPOSE] Applying DEAD_CODE at instruction 4: t7 = 3 → (removed)
  [VERIFY]  PASS (differential: 25/25 inputs matched, symbolic: equivalent)
  [COST]    Before: 35.5, After: 32.5 (reduction: 8.5%)
  [ACCEPT]  ✓ Change accepted
--- Iteration 9 ---
  [ANALYZE] Found 9 opportunities: COPY_PROPAGATIONx9 (priority=50)
  [PROPOSE] Applying COPY_PROPAGATION at instruction 0: t0 = 9 → uses of t0 -> 9 at instr 2
  [VERIFY]  PASS (differential: 25/25 inputs matched, symbolic: equivalent)
  [COST]    Before: 32.5, After: 29.5 (reduction: 9.2%)
  [ACCEPT]  ✓ Change accepted
--- Iteration 10 ---
  [ANALYZE] Found 8 opportunities: COPY_PROPAGATIONx8 (priority=50)
  [PROPOSE] Applying COPY_PROPAGATION at instruction 0: t1 = 6 → uses of t1 -> 6 at instr 1
  [VERIFY]  PASS (differential: 25/25 inputs matched, symbolic: equivalent)
  [COST]    Before: 29.5, After: 26.5 (reduction: 10.2%)
  [ACCEPT]  ✓ Change accepted
--- Iteration 11 ---
  [ANALYZE] Found 8 opportunities: CONSTANT_FOLD (priority=100), COPY_PROPAGATIONx7 (priority=50)
  [PROPOSE] Applying CONSTANT_FOLD at instruction 0: t2 = 9 + 6 → t2 = 15
  [VERIFY]  PASS (differential: 25/25 inputs matched, symbolic: equivalent)
  [COST]    Before: 26.5, After: 26.0 (reduction: 1.9%)
  [ACCEPT]  ✓ Change accepted
--- Iteration 12 ---
  [ANALYZE] Found 7 opportunities: COPY_PROPAGATIONx7 (priority=50)
  [PROPOSE] Applying COPY_PROPAGATION at instruction 0: t2 = 15 → uses of t2 -> 15 at instr 1
  [VERIFY]  PASS (differential: 25/25 inputs matched, symbolic: equivalent)
  [COST]    Before: 26.0, After: 23.0 (reduction: 11.5%)
  [ACCEPT]  ✓ Change accepted
--- Iteration 13 ---
  [ANALYZE] Found 6 opportunities: COPY_PROPAGATIONx6 (priority=50)
  [PROPOSE] Applying COPY_PROPAGATION at instruction 0: val = 15 → uses of val -> 15 at instr 7
  [VERIFY]  PASS (differential: 25/25 inputs matched, symbolic: equivalent)
  [COST]    Before: 23.0, After: 20.5 (reduction: 10.9%)
  [ACCEPT]  ✓ Change accepted
--- Iteration 14 ---
  [ANALYZE] Found 5 opportunities: COPY_PROPAGATIONx5 (priority=50)
  [PROPOSE] Applying COPY_PROPAGATION at instruction 0: t9 = 1 → uses of t9 -> 1 at instr 2
  [VERIFY]  PASS (differential: 25/25 inputs matched, symbolic: equivalent)
  [COST]    Before: 20.5, After: 17.5 (reduction: 14.6%)
  [ACCEPT]  ✓ Change accepted
--- Iteration 15 ---
  [ANALYZE] Found 4 opportunities: COPY_PROPAGATIONx4 (priority=50)
  [PROPOSE] Applying COPY_PROPAGATION at instruction 0: t10 = 17 → uses of t10 -> 17 at instr 1
  [VERIFY]  PASS (differential: 25/25 inputs matched, symbolic: equivalent)
  [COST]    Before: 17.5, After: 14.5 (reduction: 17.1%)
  [ACCEPT]  ✓ Change accepted
--- Iteration 16 ---
  [ANALYZE] Found 4 opportunities: CONSTANT_FOLD (priority=100), COPY_PROPAGATIONx3 (priority=50)
  [PROPOSE] Applying CONSTANT_FOLD at instruction 0: t11 = 1 + 17 → t11 = 18
  [VERIFY]  PASS (differential: 25/25 inputs matched, symbolic: equivalent)
  [COST]    Before: 14.5, After: 14.0 (reduction: 3.4%)
  [ACCEPT]  ✓ Change accepted
--- Iteration 17 ---
  [ANALYZE] Found 3 opportunities: COPY_PROPAGATIONx3 (priority=50)
  [PROPOSE] Applying COPY_PROPAGATION at instruction 0: t11 = 18 → uses of t11 -> 18 at instr 1
  [VERIFY]  PASS (differential: 25/25 inputs matched, symbolic: equivalent)
  [COST]    Before: 14.0, After: 11.0 (reduction: 21.4%)
  [ACCEPT]  ✓ Change accepted
--- Iteration 18 ---
  [ANALYZE] Found 2 opportunities: COPY_PROPAGATIONx2 (priority=50)
  [PROPOSE] Applying COPY_PROPAGATION at instruction 0: b = 18 → uses of b -> 18 at instr 1
  [VERIFY]  PASS (differential: 25/25 inputs matched, symbolic: equivalent)
  [COST]    Before: 11.0, After: 8.5 (reduction: 22.7%)
  [ACCEPT]  ✓ Change accepted
--- Iteration 19 ---
  [ANALYZE] Found 1 opportunity: COPY_PROPAGATION (priority=50)
  [PROPOSE] Applying COPY_PROPAGATION at instruction 1: t12 = 15 → uses of t12 -> 15 at instr 2
  [VERIFY]  PASS (differential: 25/25 inputs matched, symbolic: equivalent)
  [COST]    Before: 8.5, After: 5.5 (reduction: 35.3%)
  [ACCEPT]  ✓ Change accepted
--- Iteration 20 ---
  [ANALYZE] Found 1 opportunity: CONSTANT_FOLD (priority=100)
  [PROPOSE] Applying CONSTANT_FOLD at instruction 1: t13 = 15 * 15 → t13 = 225
  [VERIFY]  PASS (differential: 25/25 inputs matched, symbolic: equivalent)
  [COST]    Before: 5.5, After: 5.0 (reduction: 9.1%)
  [ACCEPT]  ✓ Change accepted
--- Iteration 21 ---
  [ANALYZE] Found 1 opportunity: COPY_PROPAGATION (priority=50)
  [PROPOSE] Applying COPY_PROPAGATION at instruction 1: t13 = 225 → uses of t13 -> 225 at instr 2
  [VERIFY]  PASS (differential: 25/25 inputs matched, symbolic: equivalent)
  [COST]    Before: 5.0, After: 2.0 (reduction: 60.0%)
  [ACCEPT]  ✓ Change accepted
--- Iteration 22 ---
  [ANALYZE] No more opportunities found.
=== RESULT ===
  Original cost: 56.5
  Final cost:    2.0
  Reduction:     96.5%
  Iterations:    22
  Accepted:      21
  Rejected:      0
  Invalid:       0
  Output match:  PASS ✓
=== Original TAC ===
   0 |     t0 = 9
   1 |     t1 = 6
   2 |     t2 = t0 + t1
   3 |     val = t2
   4 |     t3 = 10
   5 |     t4 = 12
   6 |     t5 = t3 - t4
   7 |     acc = t5
   8 |     t6 = 5
   9 |     t7 = 3
  10 |     t8 = t6 * t7
  11 |     s = t8
  12 |     t9 = 1
  13 |     t10 = 17
  14 |     t11 = t9 + t10
  15 |     b = t11
  16 |     print b
  17 |     t12 = 15
  18 |     t13 = val * t12
  19 |     print t13
=== Optimized TAC ===
  0 |     print 18
  1 |     print 225
