=== Program: conditionals_077.src ===
--- Iteration 1 ---
  [ANALYZE] Found 13 opportunities: DEAD_CODE (priority=80), COPY_PROPAGATIONx12 (priority=50)
  [PROPOSE] Applying DEAD_CODE at instruction 3: num = t1 → (removed)
  [VERIFY]  PASS (differential: 25/25 inputs matched, symbolic: skipped (control flow))
  [COST]    Before: 56.0, After: 53.5 (reduction: 4.5%)
  [ACCEPT]  ✓ Change accepted
--- Iteration 2 ---
  [ANALYZE] Found 12 opportunities: DEAD_CODE (priority=80), COPY_PROPAGATIONx11 (priority=50)
  [PROPOSE] Applying DEAD_CODE at instruction 2: t1 = 0 → (removed)
  [VERIFY]  PASS (differential: 25/25 inputs matched, symbolic: skipped (control flow))
  [COST]    Before: 53.5, After: 50.5 (reduction: 5.6%)
  [ACCEPT]  ✓ Change accepted
--- Iteration 3 ---
  [ANALYZE] Found 11 opportunities: COPY_PROPAGATIONx11 (priority=50)
  [PROPOSE] Applying COPY_PROPAGATION at instruction 0: t0 = 11 → uses of t0 -> 11 at instr 1
  [VERIFY]  PASS (differential: 25/25 inputs matched, symbolic: skipped (control flow))
  [COST]    Before: 50.5, After: 47.5 (reduction: 5.9%)
  [ACCEPT]  ✓ Change accepted
--- Iteration 4 ---
  [ANALYZE] Found 10 opportunities: COPY_PROPAGATIONx10 (priority=50)
  [PROPOSE] Applying COPY_PROPAGATION at instruction 0: g = 11 → uses of g -> 11 at instr 2, 5, 15
  [VERIFY]  PASS (differential: 25/25 inputs matched, symbolic: skipped (control flow))
  [COST]    Before: 47.5, After: 45.0 (reduction: 5.3%)
  [ACCEPT]  ✓ Change accepted
--- Iteration 5 ---
  [ANALYZE] Found 9 opportunities: COPY_PROPAGATIONx9 (priority=50)
  [PROPOSE] Applying COPY_PROPAGATION at instruction 0: t2 = 3 → uses of t2 -> 3 at instr 1
  [VERIFY]  PASS (differential: 25/25 inputs matched, symbolic: skipped (control flow))
  [COST]    Before: 45.0, After: 42.0 (reduction: 6.7%)
  [ACCEPT]  ✓ Change accepted
--- Iteration 6 ---
  [ANALYZE] Found 9 opportunities: CONSTANT_FOLD (priority=100), COPY_PROPAGATIONx8 (priority=50)
  [PROPOSE] Applying CONSTANT_FOLD at instruction 0: t3 = 11 != 3 → t3 = 1 (forwarded into uses of t3)
  [VERIFY]  PASS (differential: 25/25 inputs matched, symbolic: skipped (control flow))
  [COST]    Before: 42.0, After: 40.5 (reduction: 3.6%)
  [ACCEPT]  ✓ Change accepted
--- Iteration 7 ---
  [ANALYZE] Found 8 opportunities: COPY_PROPAGATIONx8 (priority=50)
  [PROPOSE] Applying COPY_PROPAGATION at instruction 1: t4 = 1 → uses of t4 -> 1 at instr 2
  [VERIFY]  PASS (differential: 25/25 inputs matched, symbolic: skipped (control flow))
  [COST]    Before: 40.5, After: 37.5 (reduction: 7.4%)
  [ACCEPT]  ✓ Change accepted
--- Iteration 8 ---
  [ANALYZE] Found 8 opportunities: CONSTANT_FOLD (priority=100), COPY_PROPAGATIONx7 (priority=50)
  [PROPOSE] Applying CONSTANT_FOLD at instruction 1: t5 = 1 * 11 → t5 = 11
  [VERIFY]  PASS (differential: 25/25 inputs matched, symbolic: skipped (control flow))
  [COST]    Before: 37.5, After: 37.0 (reduction: 1.3%)
  [ACCEPT]  ✓ Change accepted
--- Iteration 9 ---
  [ANALYZE] Found 7 opportunities: COPY_PROPAGATIONx7 (priority=50)
  [PROPOSE] Applying COPY_PROPAGATION at instruction 1: t5 = 11 → uses of t5 -> 11 at instr 2
  [VERIFY]  PASS (differential: 25/25 inputs matched, symbolic: skipped (control flow))
  [COST]    Before: 37.0, After: 34.0 (reduction: 8.1%)
  [ACCEPT]  ✓ Change accepted
--- Iteration 10 ---
  [ANALYZE] Found 6 opportunities: COPY_PROPAGATIONx6 (priority=50)
  [PROPOSE] Applying COPY_PROPAGATION at instruction 1: num = 11 → uses of num -> 11 at instr 5
  [VERIFY]  PASS (differential: 25/25 inputs matched, symbolic: skipped (control flow))
  [COST]    Before: 34.0, After: 31.5 (reduction: 7.4%)
  [ACCEPT]  ✓ Change accepted
--- Iteration 11 ---
  [ANALYZE] Found 5 opportunities: COPY_PROPAGATIONx5 (priority=50)
  [PROPOSE] Applying COPY_PROPAGATION at instruction 1: t6 = 3 → uses of t6 -> 3 at instr 3
  [VERIFY]  PASS (differential: 25/25 inputs matched, symbolic: skipped (control flow))
  [COST]    Before: 31.5, After: 28.5 (reduction: 9.5%)
  [ACCEPT]  ✓ Change accepted
--- Iteration 12 ---
  [ANALYZE] Found 4 opportunities: COPY_PROPAGATIONx4 (priority=50)
  [PROPOSE] Applying COPY_PROPAGATION at instruction 1: t7 = 3 → uses of t7 -> 3 at instr 2
  [VERIFY]  PASS (differential: 25/25 inputs matched, symbolic: skipped (control flow))
  [COST]    Before: 28.5, After: 25.5 (reduction: 10.5%)
  [ACCEPT]  ✓ Change accepted
--- Iteration 13 ---
  [ANALYZE] Found 4 opportunities: CONSTANT_FOLD (priority=100), COPY_PROPAGATIONx3 (priority=50)
  [PROPOSE] Applying CONSTANT_FOLD at instruction 1: t8 = 3 * 3 → t8 = 9
  [VERIFY]  PASS (differential: 25/25 inputs matched, symbolic: skipped (control flow))
  [COST]    Before: 25.5, After: 25.0 (reduction: 2.0%)
  [ACCEPT]  ✓ Change accepted
--- Iteration 14 ---
  [ANALYZE] Found 4 opportunities: COPY_PROPAGATIONx4 (priority=50)
  [PROPOSE] Applying COPY_PROPAGATION at instruction 1: t8 = 9 → uses of t8 -> 9 at instr 2
  [VERIFY]  PASS (differential: 25/25 inputs matched, symbolic: skipped (control flow))
  [COST]    Before: 25.0, After: 22.0 (reduction: 12.0%)
  [ACCEPT]  ✓ Change accepted
--- Iteration 15 ---
  [ANALYZE] Found 4 opportunities: CONSTANT_FOLD (priority=100), COPY_PROPAGATIONx3 (priority=50)
  [PROPOSE] Applying CONSTANT_FOLD at instruction 1: t9 = 11 + 9 → t9 = 20
  [VERIFY]  PASS (differential: 25/25 inputs matched, symbolic: skipped (control flow))
  [COST]    Before: 22.0, After: 21.5 (reduction: 2.3%)
  [ACCEPT]  ✓ Change accepted
--- Iteration 16 ---
  [ANALYZE] Found 3 opportunities: COPY_PROPAGATIONx3 (priority=50)
  [PROPOSE] Applying COPY_PROPAGATION at instruction 1: t9 = 20 → uses of t9 -> 20 at instr 2
  [VERIFY]  PASS (differential: 25/25 inputs matched, symbolic: skipped (control flow))
  [COST]    Before: 21.5, After: 18.5 (reduction: 14.0%)
  [ACCEPT]  ✓ Change accepted
--- Iteration 17 ---
  [ANALYZE] Found 2 opportunities: COPY_PROPAGATIONx2 (priority=50)
  [PROPOSE] Applying COPY_PROPAGATION at instruction 4: t10 = 6 → uses of t10 -> 6 at instr 5
  [VERIFY]  PASS (differential: 25/25 inputs matched, symbolic: skipped (control flow))
  [COST]    Before: 18.5, After: 15.5 (reduction: 16.2%)
  [ACCEPT]  ✓ Change accepted
--- Iteration 18 ---
  [ANALYZE] Found 2 opportunities: CONSTANT_FOLD (priority=100), COPY_PROPAGATION (priority=50)
  [PROPOSE] Applying CONSTANT_FOLD at instruction 4: t11 = 11 - 6 → t11 = 5
  [VERIFY]  PASS (differential: 25/25 inputs matched, symbolic: skipped (control flow))
  [COST]    Before: 15.5, After: 15.0 (reduction: 3.2%)
  [ACCEPT]  ✓ Change accepted
--- Iteration 19 ---
  [ANALYZE] Found 1 opportunity: COPY_PROPAGATION (priority=50)
  [PROPOSE] Applying COPY_PROPAGATION at instruction 4: t11 = 5 → uses of t11 -> 5 at instr 5
  [VERIFY]  PASS (differential: 25/25 inputs matched, symbolic: skipped (control flow))
  [COST]    Before: 15.0, After: 12.0 (reduction: 20.0%)
  [ACCEPT]  ✓ Change accepted
--- Iteration 20 ---
  [ANALYZE] No more opportunities found.
=== RESULT ===
  Original cost: 56.0
  Final cost:    12.0
  Reduction:     78.6%
  Iterations:    20
  Accepted:      19
  Rejected:      0
  Invalid:       0
  Output match:  PASS ✓
=== Original TAC ===
   0 |     t0 = 11
   1 |     g = t0
   2 |     t1 = 0
   3 |     num = t1
   4 |     t2 = 3
   5 |     t3 = g != t2
   6 |     ifFalse t3 goto L0
   7 |     t4 = 1
   8 |     t5 = t4 * g
   9 |     num = t5
  10 |     t6 = 3
  11 |     t7 = 3
  12 |     t8 = t6 * t7
  13 |     t9 = num + t8
  14 |     num = t9
  15 |     goto L1
  16 | L0:
  17 |     t10 = 6
  18 |     t11 = g - t10
  19 |     num = t11
  20 | L1:
  21 |     print num
=== Optimized TAC ===
  0 |     ifFalse 1 goto L0
  1 |     num = 20
  2 |     goto L1
  3 | L0:
  4 |     num = 5
  5 | L1:
  6 |     print num
