=== Program: conditionals_033.src ===
--- Iteration 1 ---
  [ANALYZE] Found 11 opportunities: DEAD_CODE (priority=80), COPY_PROPAGATIONx10 (priority=50)
  [PROPOSE] Applying DEAD_CODE at instruction 1: k = t0 → (removed)
  [VERIFY]  PASS (differential: 34/34 inputs matched, symbolic: skipped (control flow))
  [COST]    Before: 52.0, After: 49.5 (reduction: 4.8%)
  [ACCEPT]  ✓ Change accepted
--- Iteration 2 ---
  [ANALYZE] Found 10 opportunities: DEAD_CODE (priority=80), COPY_PROPAGATIONx9 (priority=50)
  [PROPOSE] Applying DEAD_CODE at instruction 0: t0 = 0 → (removed)
  [VERIFY]  PASS (differential: 34/34 inputs matched, symbolic: skipped (control flow))
  [COST]    Before: 49.5, After: 46.5 (reduction: 6.1%)
  [ACCEPT]  ✓ Change accepted
--- Iteration 3 ---
  [ANALYZE] Found 9 opportunities: COPY_PROPAGATIONx9 (priority=50)
  [PROPOSE] Applying COPY_PROPAGATION at instruction 0: t1 = 5 → uses of t1 -> 5 at instr 1
  [VERIFY]  PASS (differential: 34/34 inputs matched, symbolic: skipped (control flow))
  [COST]    Before: 46.5, After: 43.5 (reduction: 6.5%)
  [ACCEPT]  ✓ Change accepted
--- Iteration 4 ---
  [ANALYZE] Found 9 opportunities: CONSTANT_FOLD (priority=100), COPY_PROPAGATIONx8 (priority=50)
  [PROPOSE] Applying CONSTANT_FOLD at instruction 0: t2 = -5 → t2 = -5 (forwarded into uses of t2)
  [VERIFY]  PASS (differential: 37/37 inputs matched, symbolic: skipped (control flow))
  [COST]    Before: 43.5, After: 42.0 (reduction: 3.4%)
  [ACCEPT]  ✓ Change accepted
--- Iteration 5 ---
  [ANALYZE] Found 8 opportunities: COPY_PROPAGATIONx8 (priority=50)
  [PROPOSE] Applying COPY_PROPAGATION at instruction 2: t4 = 0 → uses of t4 -> 0 at instr 3
  [VERIFY]  PASS (differential: 37/37 inputs matched, symbolic: skipped (control flow))
  [COST]    Before: 42.0, After: 39.0 (reduction: 7.1%)
  [ACCEPT]  ✓ Change accepted
--- Iteration 6 ---
  [ANALYZE] Found 8 opportunities: ALGEBRAIC_SIMPLIFY (priority=90), COPY_PROPAGATIONx7 (priority=50)
  [PROPOSE] Applying ALGEBRAIC_SIMPLIFY at instruction 2: t5 = in_a - 0 → t5 = in_a
  [VERIFY]  PASS (differential: 37/37 inputs matched, symbolic: skipped (control flow))
  [COST]    Before: 39.0, After: 38.5 (reduction: 1.3%)
  [ACCEPT]  ✓ Change accepted
--- Iteration 7 ---
  [ANALYZE] Found 7 opportunities: COPY_PROPAGATIONx7 (priority=50)
  [PROPOSE] Applying COPY_PROPAGATION at instruction 2: t5 = in_a → uses of t5 -> in_a at instr 3
  [VERIFY]  PASS (differential: 35/35 inputs matched, symbolic: skipped (control flow))
  [COST]    Before: 38.5, After: 35.5 (reduction: 7.8%)
  [ACCEPT]  ✓ Change accepted
--- Iteration 8 ---
  [ANALYZE] Found 6 opportunities: COPY_PROPAGATIONx6 (priority=50)
  [PROPOSE] Applying COPY_PROPAGATION at instruction 2: k = in_a → uses of k -> in_a at instr 6
  [VERIFY]  PASS (differential: 35/35 inputs matched, symbolic: skipped (control flow))
  [COST]    Before: 35.5, After: 33.0 (reduction: 7.0%)
  [ACCEPT]  ✓ Change accepted
--- Iteration 9 ---
  [ANALYZE] Found 5 opportunities: COPY_PROPAGATIONx5 (priority=50)
  [PROPOSE] Applying COPY_PROPAGATION at instruction 2: t6 = 2 → uses of t6 -> 2 at instr 4
  [VERIFY]  PASS (differential: 35/35 inputs matched, symbolic: skipped (control flow))
  [COST]    Before: 33.0, After: 30.0 (reduction: 9.1%)
  [ACCEPT]  ✓ Change accepted
--- Iteration 10 ---
  [ANALYZE] Found 5 opportunities: STRENGTH_REDUCTION (priority=60), COPY_PROPAGATIONx4 (priority=50)
  [PROPOSE] Applying STRENGTH_REDUCTION at instruction 3: t8 = 2 * t7 → t8 = t7 + t7
  [VERIFY]  PASS (differential: 35/35 inputs matched, symbolic: skipped (control flow))
  [COST]    Before: 30.0, After: 30.0 (reduction: 0.0%)
  [REJECT]  ✗ Change rejected: No cost improvement
--- Iteration 11 ---
  [ANALYZE] Found 4 opportunities: COPY_PROPAGATIONx4 (priority=50)
  [PROPOSE] Applying COPY_PROPAGATION at instruction 2: t7 = 5 → uses of t7 -> 5 at instr 3
  [VERIFY]  PASS (differential: 35/35 inputs matched, symbolic: skipped (control flow))
  [COST]    Before: 30.0, After: 27.0 (reduction: 10.0%)
  [ACCEPT]  ✓ Change accepted
--- Iteration 12 ---
  [ANALYZE] Found 4 opportunities: CONSTANT_FOLD (priority=100), COPY_PROPAGATIONx3 (priority=50)
  [PROPOSE] Applying CONSTANT_FOLD at instruction 2: t8 = 2 * 5 → t8 = 10
  [VERIFY]  PASS (differential: 38/38 inputs matched, symbolic: skipped (control flow))
  [COST]    Before: 27.0, After: 26.5 (reduction: 1.9%)
  [ACCEPT]  ✓ Change accepted
--- Iteration 13 ---
  [ANALYZE] Found 4 opportunities: COPY_PROPAGATIONx4 (priority=50)
  [PROPOSE] Applying COPY_PROPAGATION at instruction 2: t8 = 10 → uses of t8 -> 10 at instr 3
  [VERIFY]  PASS (differential: 34/34 inputs matched, symbolic: skipped (control flow))
  [COST]    Before: 26.5, After: 23.5 (reduction: 11.3%)
  [ACCEPT]  ✓ Change accepted
--- Iteration 14 ---
  [ANALYZE] Found 3 opportunities: COPY_PROPAGATIONx3 (priority=50)
  [PROPOSE] Applying COPY_PROPAGATION at instruction 3: t9 = in_a + 10; k = t9 → k = in_a + 10
  [VERIFY]  PASS (differential: 34/34 inputs matched, symbolic: skipped (control flow))
  [COST]    Before: 23.5, After: 20.5 (reduction: 12.8%)
  [ACCEPT]  ✓ Change accepted
--- Iteration 15 ---
  [ANALYZE] Found 2 opportunities: COPY_PROPAGATIONx2 (priority=50)
  [PROPOSE] Applying COPY_PROPAGATION at instruction 5: t10 = 6 → uses of t10 -> 6 at instr 6
  [VERIFY]  PASS (differential: 34/34 inputs matched, symbolic: skipped (control flow))
  [COST]    Before: 20.5, After: 17.5 (reduction: 14.6%)
  [ACCEPT]  ✓ Change accepted
--- Iteration 16 ---
  [ANALYZE] Found 1 opportunity: COPY_PROPAGATION (priority=50)
  [PROPOSE] Applying COPY_PROPAGATION at instruction 6: t11 = in_a + 6; k = t11 → k = in_a + 6
  [VERIFY]  PASS (differential: 34/34 inputs matched, symbolic: skipped (control flow))
  [COST]    Before: 17.5, After: 14.5 (reduction: 17.1%)
  [ACCEPT]  ✓ Change accepted
--- Iteration 17 ---
  [ANALYZE] No more opportunities found.
=== RESULT ===
  Original cost: 52.0
  Final cost:    14.5
  Reduction:     72.1%
  Iterations:    17
  Accepted:      15
  Rejected:      1
  Invalid:       0
  Output match:  PASS ✓
=== Original TAC ===
   0 |     t0 = 0
   1 |     k = t0
   2 |     t1 = 5
   3 |     t2 = -t1
   4 |     t3 = in_a < t2
   5 |     ifFalse t3 goto L0
   6 |     t4 = 0
   7 |     t5 = in_a - t4
   8 |     k = t5
   9 |     t6 = 2
  10 |     t7 = 5
  11 |     t8 = t6 * t7
  12 |     t9 = k + t8
  13 |     k = t9
  14 |     goto L1
  15 | L0:
  16 |     t10 = 6
  17 |     t11 = in_a + t10
  18 |     k = t11
  19 | L1:
  20 |     print k
=== Optimized TAC ===
  0 |     t3 = in_a < -5
  1 |     ifFalse t3 goto L0
  2 |     k = in_a + 10
  3 |     goto L1
  4 | L0:
  5 |     k = in_a + 6
  6 | L1:
  7 |     print k
