=== Program: conditionals_004.src ===
--- Iteration 1 ---
  [ANALYZE] Found 19 opportunities: DEAD_CODE (priority=80), COPY_PROPAGATIONx18 (priority=50)
  [PROPOSE] Applying DEAD_CODE at instruction 3: k = t1 → (removed)
  [VERIFY]  PASS (differential: 25/25 inputs matched, symbolic: skipped (control flow))
  [COST]    Before: 87.5, After: 85.0 (reduction: 2.9%)
  [ACCEPT]  ✓ Change accepted
--- Iteration 2 ---
  [ANALYZE] Found 18 opportunities: DEAD_CODE (priority=80), COPY_PROPAGATIONx17 (priority=50)
  [PROPOSE] Applying DEAD_CODE at instruction 2: t1 = 0 → (removed)
  [VERIFY]  PASS (differential: 25/25 inputs matched, symbolic: skipped (control flow))
  [COST]    Before: 85.0, After: 82.0 (reduction: 3.5%)
  [ACCEPT]  ✓ Change accepted
--- Iteration 3 ---
  [ANALYZE] Found 17 opportunities: COPY_PROPAGATIONx17 (priority=50)
  [PROPOSE] Applying COPY_PROPAGATION at instruction 0: t0 = 8 → uses of t0 -> 8 at instr 1
  [VERIFY]  PASS (differential: 25/25 inputs matched, symbolic: skipped (control flow))
  [COST]    Before: 82.0, After: 79.0 (reduction: 3.7%)
  [ACCEPT]  ✓ Change accepted
--- Iteration 4 ---
  [ANALYZE] Found 16 opportunities: COPY_PROPAGATIONx16 (priority=50)
  [PROPOSE] Applying COPY_PROPAGATION at instruction 0: w = 8 → uses of w -> 8 at instr 2, 4, 8, 18
  [VERIFY]  PASS (differential: 25/25 inputs matched, symbolic: skipped (control flow))
  [COST]    Before: 79.0, After: 76.5 (reduction: 3.2%)
  [ACCEPT]  ✓ Change accepted
--- Iteration 5 ---
  [ANALYZE] Found 17 opportunities: STRENGTH_REDUCTIONx2 (priority=60), COPY_PROPAGATIONx15 (priority=50)
  [PROPOSE] Applying STRENGTH_REDUCTION at instruction 7: t8 = t7 * 8 → t8 = t7 << 3
  [VERIFY]  PASS (differential: 25/25 inputs matched, symbolic: skipped (control flow))
  [COST]    Before: 76.5, After: 74.5 (reduction: 2.6%)
  [ACCEPT]  ✓ Change accepted
--- Iteration 6 ---
  [ANALYZE] Found 16 opportunities: STRENGTH_REDUCTION (priority=60), COPY_PROPAGATIONx15 (priority=50)
  [PROPOSE] Applying STRENGTH_REDUCTION at instruction 17: t14 = 8 * t13 → t14 = t13 << 3
  [VERIFY]  PASS (differential: 25/25 inputs matched, symbolic: skipped (control flow))
  [COST]    Before: 74.5, After: 72.5 (reduction: 2.7%)
  [ACCEPT]  ✓ Change accepted
--- Iteration 7 ---
  [ANALYZE] Found 15 opportunities: COPY_PROPAGATIONx15 (priority=50)
  [PROPOSE] Applying COPY_PROPAGATION at instruction 0: t2 = 5 → uses of t2 -> 5 at instr 1
  [VERIFY]  PASS (differential: 25/25 inputs matched, symbolic: skipped (control flow))
  [COST]    Before: 72.5, After: 69.5 (reduction: 4.1%)
  [ACCEPT]  ✓ Change accepted
--- Iteration 8 ---
  [ANALYZE] Found 15 opportunities: CONSTANT_FOLD (priority=100), COPY_PROPAGATIONx14 (priority=50)
  [PROPOSE] Applying CONSTANT_FOLD at instruction 0: t3 = 8 != 5 → t3 = 1 (forwarded into uses of t3)
  [VERIFY]  PASS (differential: 25/25 inputs matched, symbolic: skipped (control flow))
  [COST]    Before: 69.5, After: 68.0 (reduction: 2.2%)
  [ACCEPT]  ✓ Change accepted
--- Iteration 9 ---
  [ANALYZE] Found 14 opportunities: COPY_PROPAGATIONx14 (priority=50)
  [PROPOSE] Applying COPY_PROPAGATION at instruction 0: t4 = 21 → uses of t4 -> 21 at instr 1
  [VERIFY]  PASS (differential: 25/25 inputs matched, symbolic: skipped (control flow))
  [COST]    Before: 68.0, After: 65.0 (reduction: 4.4%)
  [ACCEPT]  ✓ Change accepted
--- Iteration 10 ---
  [ANALYZE] Found 14 opportunities: CONSTANT_FOLD (priority=100), COPY_PROPAGATIONx13 (priority=50)
  [PROPOSE] Applying CONSTANT_FOLD at instruction 0: t5 = 8 != 21 → t5 = 1 (forwarded into uses of t5)
  [VERIFY]  PASS (differential: 25/25 inputs matched, symbolic: skipped (control flow))
  [COST]    Before: 65.0, After: 63.5 (reduction: 2.3%)
  [ACCEPT]  ✓ Change accepted
--- Iteration 11 ---
  [ANALYZE] Found 14 opportunities: CONSTANT_FOLD (priority=100), COPY_PROPAGATIONx13 (priority=50)
  [PROPOSE] Applying CONSTANT_FOLD at instruction 0: t6 = 1 && 1 → t6 = 1 (forwarded into uses of t6)
  [VERIFY]  PASS (differential: 25/25 inputs matched, symbolic: skipped (control flow))
  [COST]    Before: 63.5, After: 62.0 (reduction: 2.4%)
  [ACCEPT]  ✓ Change accepted
--- Iteration 12 ---
  [ANALYZE] Found 13 opportunities: COPY_PROPAGATIONx13 (priority=50)
  [PROPOSE] Applying COPY_PROPAGATION at instruction 1: t7 = 1 → uses of t7 -> 1 at instr 2
  [VERIFY]  PASS (differential: 25/25 inputs matched, symbolic: skipped (control flow))
  [COST]    Before: 62.0, After: 59.0 (reduction: 4.8%)
  [ACCEPT]  ✓ Change accepted
--- Iteration 13 ---
  [ANALYZE] Found 13 opportunities: CONSTANT_FOLD (priority=100), COPY_PROPAGATIONx12 (priority=50)
  [PROPOSE] Applying CONSTANT_FOLD at instruction 1: t8 = 1 << 3 → t8 = 8 (forwarded into uses of t8)
  [VERIFY]  PASS (differential: 25/25 inputs matched, symbolic: skipped (control flow))
  [COST]    Before: 59.0, After: 57.5 (reduction: 2.5%)
  [ACCEPT]  ✓ Change accepted
--- Iteration 14 ---
  [ANALYZE] Found 11 opportunities: COPY_PROPAGATIONx11 (priority=50)
  [PROPOSE] Applying COPY_PROPAGATION at instruction 1: k = 8 → uses of k -> 8 at instr 5
  [VERIFY]  PASS (differential: 25/25 inputs matched, symbolic: skipped (control flow))
  [COST]    Before: 57.5, After: 55.0 (reduction: 4.3%)
  [ACCEPT]  ✓ Change accepted
--- Iteration 15 ---
  [ANALYZE] Found 10 opportunities: COPY_PROPAGATIONx10 (priority=50)
  [PROPOSE] Applying COPY_PROPAGATION at instruction 1: t9 = 5 → uses of t9 -> 5 at instr 3
  [VERIFY]  PASS (differential: 25/25 inputs matched, symbolic: skipped (control flow))
  [COST]    Before: 55.0, After: 52.0 (reduction: 5.5%)
  [ACCEPT]  ✓ Change accepted
--- Iteration 16 ---
  [ANALYZE] Found 9 opportunities: COPY_PROPAGATIONx9 (priority=50)
  [PROPOSE] Applying COPY_PROPAGATION at instruction 1: t10 = 4 → uses of t10 -> 4 at instr 2
  [VERIFY]  PASS (differential: 25/25 inputs matched, symbolic: skipped (control flow))
  [COST]    Before: 52.0, After: 49.0 (reduction: 5.8%)
  [ACCEPT]  ✓ Change accepted
--- Iteration 17 ---
  [ANALYZE] Found 9 opportunities: CONSTANT_FOLD (priority=100), COPY_PROPAGATIONx8 (priority=50)
  [PROPOSE] Applying CONSTANT_FOLD at instruction 1: t11 = 5 * 4 → t11 = 20
  [VERIFY]  PASS (differential: 25/25 inputs matched, symbolic: skipped (control flow))
  [COST]    Before: 49.0, After: 48.5 (reduction: 1.0%)
  [ACCEPT]  ✓ Change accepted
--- Iteration 18 ---
  [ANALYZE] Found 9 opportunities: COPY_PROPAGATIONx9 (priority=50)
  [PROPOSE] Applying COPY_PROPAGATION at instruction 1: t11 = 20 → uses of t11 -> 20 at instr 2
  [VERIFY]  PASS (differential: 25/25 inputs matched, symbolic: skipped (control flow))
  [COST]    Before: 48.5, After: 45.5 (reduction: 6.2%)
  [ACCEPT]  ✓ Change accepted
--- Iteration 19 ---
  [ANALYZE] Found 9 opportunities: CONSTANT_FOLD (priority=100), COPY_PROPAGATIONx8 (priority=50)
  [PROPOSE] Applying CONSTANT_FOLD at instruction 1: t12 = 8 + 20 → t12 = 28
  [VERIFY]  PASS (differential: 25/25 inputs matched, symbolic: skipped (control flow))
  [COST]    Before: 45.5, After: 45.0 (reduction: 1.1%)
  [ACCEPT]  ✓ Change accepted
--- Iteration 20 ---
  [ANALYZE] Found 8 opportunities: COPY_PROPAGATIONx8 (priority=50)
  [PROPOSE] Applying COPY_PROPAGATION at instruction 1: t12 = 28 → uses of t12 -> 28 at instr 2
  [VERIFY]  PASS (differential: 25/25 inputs matched, symbolic: skipped (control flow))
  [COST]    Before: 45.0, After: 42.0 (reduction: 6.7%)
  [ACCEPT]  ✓ Change accepted
--- Iteration 21 ---
  [ANALYZE] Found 7 opportunities: COPY_PROPAGATIONx7 (priority=50)
  [PROPOSE] Applying COPY_PROPAGATION at instruction 4: t13 = 1 → uses of t13 -> 1 at instr 5
  [VERIFY]  PASS (differential: 25/25 inputs matched, symbolic: skipped (control flow))
  [COST]    Before: 42.0, After: 39.0 (reduction: 7.1%)
  [ACCEPT]  ✓ Change accepted
--- Iteration 22 ---
  [ANALYZE] Found 7 opportunities: CONSTANT_FOLD (priority=100), COPY_PROPAGATIONx6 (priority=50)
  [PROPOSE] Applying CONSTANT_FOLD at instruction 4: t14 = 1 << 3 → t14 = 8 (forwarded into uses of t14)
  [VERIFY]  PASS (differential: 25/25 inputs matched, symbolic: skipped (control flow))
  [COST]    Before: 39.0, After: 37.5 (reduction: 3.8%)
  [ACCEPT]  ✓ Change accepted
--- Iteration 23 ---
  [ANALYZE] Found 5 opportunities: COPY_PROPAGATIONx5 (priority=50)
  [PROPOSE] Applying COPY_PROPAGATION at instruction 6: t15 = 5 → uses of t15 -> 5 at instr 7
  [VERIFY]  PASS (differential: 25/25 inputs matched, symbolic: skipped (control flow))
  [COST]    Before: 37.5, After: 34.5 (reduction: 8.0%)
  [ACCEPT]  ✓ Change accepted
--- Iteration 24 ---
  [ANALYZE] Found 4 opportunities: COPY_PROPAGATIONx4 (priority=50)
  [PROPOSE] Applying COPY_PROPAGATION at instruction 6: d = 5 → uses of d -> 5 at instr 8, 11
  [VERIFY]  PASS (differential: 25/25 inputs matched, symbolic: skipped (control flow))
  [COST]    Before: 34.5, After: 32.0 (reduction: 7.2%)
  [ACCEPT]  ✓ Change accepted
--- Iteration 25 ---
  [ANALYZE] Found 3 opportunities: COPY_PROPAGATIONx3 (priority=50)
  [PROPOSE] Applying COPY_PROPAGATION at instruction 6: t16 = 9 → uses of t16 -> 9 at instr 7
  [VERIFY]  PASS (differential: 25/25 inputs matched, symbolic: skipped (control flow))
  [COST]    Before: 32.0, After: 29.0 (reduction: 9.4%)
  [ACCEPT]  ✓ Change accepted
--- Iteration 26 ---
  [ANALYZE] Found 3 opportunities: CONSTANT_FOLD (priority=100), COPY_PROPAGATIONx2 (priority=50)
  [PROPOSE] Applying CONSTANT_FOLD at instruction 6: t17 = 5 > 9 → t17 = 0 (forwarded into uses of t17)
  [VERIFY]  PASS (differential: 25/25 inputs matched, symbolic: skipped (control flow))
  [COST]    Before: 29.0, After: 27.5 (reduction: 5.2%)
  [ACCEPT]  ✓ Change accepted
--- Iteration 27 ---
  [ANALYZE] Found 2 opportunities: COPY_PROPAGATIONx2 (priority=50)
  [PROPOSE] Applying COPY_PROPAGATION at instruction 7: t18 = 1 → uses of t18 -> 1 at instr 8
  [VERIFY]  PASS (differential: 25/25 inputs matched, symbolic: skipped (control flow))
  [COST]    Before: 27.5, After: 24.5 (reduction: 10.9%)
  [ACCEPT]  ✓ Change accepted
--- Iteration 28 ---
  [ANALYZE] Found 2 opportunities: CONSTANT_FOLD (priority=100), COPY_PROPAGATION (priority=50)
  [PROPOSE] Applying CONSTANT_FOLD at instruction 7: t19 = 5 * 1 → t19 = 5
  [VERIFY]  PASS (differential: 25/25 inputs matched, symbolic: skipped (control flow))
  [COST]    Before: 24.5, After: 24.0 (reduction: 2.0%)
  [ACCEPT]  ✓ Change accepted
--- Iteration 29 ---
  [ANALYZE] Found 2 opportunities: COPY_PROPAGATIONx2 (priority=50)
  [PROPOSE] Applying COPY_PROPAGATION at instruction 7: t19 = 5 → uses of t19 -> 5 at instr 8
  [VERIFY]  PASS (differential: 25/25 inputs matched, symbolic: skipped (control flow))
  [COST]    Before: 24.0, After: 21.0 (reduction: 12.5%)
  [ACCEPT]  ✓ Change accepted
--- Iteration 30 ---
  [ANALYZE] Found 1 opportunity: COPY_PROPAGATION (priority=50)
  [PROPOSE] Applying COPY_PROPAGATION at instruction 8: t20 = k + 5; k = t20 → k = k + 5
  [VERIFY]  PASS (differential: 25/25 inputs matched, symbolic: skipped (control flow))
  [COST]    Before: 21.0, After: 18.0 (reduction: 14.3%)
  [ACCEPT]  ✓ Change accepted
--- Iteration 31 ---
  [ANALYZE] No more opportunities found.
=== RESULT ===
  Original cost: 87.5
  Final cost:    18.0
  Reduction:     79.4%
  Iterations:    31
  Accepted:      30
  Rejected:      0
  Invalid:       0
  Output match:  PASS ✓
=== Original TAC ===
   0 |     t0 = 8
   1 |     w = t0
   2 |     t1 = 0
   3 |     k = t1
   4 |     t2 = 5
   5 |     t3 = w != t2
   6 |     t4 = 21
   7 |     t5 = w != t4
   8 |     t6 = t3 && t5
   9 |     ifFalse t6 goto L0
  10 |     t7 = 1
  11 |     t8 = t7 * w
  12 |     k = t8
  13 |     t9 = 5
  14 |     t10 = 4
  15 |     t11 = t9 * t10
  16 |     t12 = k + t11
  17 |     k = t12
  18 |     goto L1
  19 | L0:
  20 |     t13 = 1
  21 |     t14 = w * t13
  22 |     k = t14
  23 | L1:
  24 |     t15 = 5
  25 |     d = t15
  26 |     t16 = 9
  27 |     t17 = d > t16
  28 |     ifFalse t17 goto L2
  29 |     t18 = 1
  30 |     t19 = d * t18
  31 |     t20 = k + t19
  32 |     k = t20
  33 | L2:
  34 |     print k
=== Optimized TAC ===
  0 |     ifFalse 1 goto L0
  1 |     k = 28
  2 |     goto L1
  3 | L0:
  4 |     k = 8
  5 | L1:
  6 |     ifFalse 0 goto L2
  7 |     k = k + 5
  8 | L2:
  9 |     print k
