=== Program: conditionals_061.src ===
--- Iteration 1 ---
  [ANALYZE] Found 16 opportunities: DEAD_CODE (priority=80), COPY_PROPAGATIONx15 (priority=50)
  [PROPOSE] Applying DEAD_CODE at instruction 12: x = t8 → (removed)
  [VERIFY]  PASS (differential: 25/25 inputs matched, symbolic: skipped (control flow))
  [COST]    Before: 69.0, After: 66.5 (reduction: 3.6%)
  [ACCEPT]  ✓ Change accepted
--- Iteration 2 ---
  [ANALYZE] Found 15 opportunities: DEAD_CODE (priority=80), COPY_PROPAGATIONx14 (priority=50)
  [PROPOSE] Applying DEAD_CODE at instruction 11: t8 = t6 + t7 → (removed)
  [VERIFY]  PASS (differential: 25/25 inputs matched, symbolic: skipped (control flow))
  [COST]    Before: 66.5, After: 63.0 (reduction: 5.3%)
  [ACCEPT]  ✓ Change accepted
--- Iteration 3 ---
  [ANALYZE] Found 14 opportunities: DEAD_CODEx2 (priority=80), COPY_PROPAGATIONx12 (priority=50)
  [PROPOSE] Applying DEAD_CODE at instruction 9: t6 = 15 → (removed)
  [VERIFY]  PASS (differential: 25/25 inputs matched, symbolic: skipped (control flow))
  [COST]    Before: 63.0, After: 60.0 (reduction: 4.8%)
  [ACCEPT]  ✓ Change accepted
--- Iteration 4 ---
  [ANALYZE] Found 13 opportunities: DEAD_CODE (priority=80), COPY_PROPAGATIONx12 (priority=50)
  [PROPOSE] Applying DEAD_CODE at instruction 9: t7 = 1 → (removed)
  [VERIFY]  PASS (differential: 25/25 inputs matched, symbolic: skipped (control flow))
  [COST]    Before: 60.0, After: 57.0 (reduction: 5.0%)
  [ACCEPT]  ✓ Change accepted
--- Iteration 5 ---
  [ANALYZE] Found 12 opportunities: COPY_PROPAGATIONx12 (priority=50)
  [PROPOSE] Applying COPY_PROPAGATION at instruction 0: t0 = 16 → uses of t0 -> 16 at instr 1
  [VERIFY]  PASS (differential: 25/25 inputs matched, symbolic: skipped (control flow))
  [COST]    Before: 57.0, After: 54.0 (reduction: 5.3%)
  [ACCEPT]  ✓ Change accepted
--- Iteration 6 ---
  [ANALYZE] Found 12 opportunities: CONSTANT_FOLD (priority=100), COPY_PROPAGATIONx11 (priority=50)
  [PROPOSE] Applying CONSTANT_FOLD at instruction 0: t1 = -16 → t1 = -16 (forwarded into uses of t1)
  [VERIFY]  PASS (differential: 25/25 inputs matched, symbolic: skipped (control flow))
  [COST]    Before: 54.0, After: 52.5 (reduction: 2.8%)
  [ACCEPT]  ✓ Change accepted
--- Iteration 7 ---
  [ANALYZE] Found 10 opportunities: COPY_PROPAGATIONx10 (priority=50)
  [PROPOSE] Applying COPY_PROPAGATION at instruction 0: y = -16 → uses of y -> -16 at instr 5, 8
  [VERIFY]  PASS (differential: 25/25 inputs matched, symbolic: skipped (control flow))
  [COST]    Before: 52.5, After: 50.0 (reduction: 4.8%)
  [ACCEPT]  ✓ Change accepted
--- Iteration 8 ---
  [ANALYZE] Found 9 opportunities: COPY_PROPAGATIONx9 (priority=50)
  [PROPOSE] Applying COPY_PROPAGATION at instruction 0: t2 = 0 → uses of t2 -> 0 at instr 1
  [VERIFY]  PASS (differential: 25/25 inputs matched, symbolic: skipped (control flow))
  [COST]    Before: 50.0, After: 47.0 (reduction: 6.0%)
  [ACCEPT]  ✓ Change accepted
--- Iteration 9 ---
  [ANALYZE] Found 8 opportunities: COPY_PROPAGATIONx8 (priority=50)
  [PROPOSE] Applying COPY_PROPAGATION at instruction 1: t3 = 2 → uses of t3 -> 2 at instr 2
  [VERIFY]  PASS (differential: 25/25 inputs matched, symbolic: skipped (control flow))
  [COST]    Before: 47.0, After: 44.0 (reduction: 6.4%)
  [ACCEPT]  ✓ Change accepted
--- Iteration 10 ---
  [ANALYZE] Found 8 opportunities: CONSTANT_FOLD (priority=100), COPY_PROPAGATIONx7 (priority=50)
  [PROPOSE] Applying CONSTANT_FOLD at instruction 1: t4 = -2 → t4 = -2 (forwarded into uses of t4)
  [VERIFY]  PASS (differential: 25/25 inputs matched, symbolic: skipped (control flow))
  [COST]    Before: 44.0, After: 42.5 (reduction: 3.4%)
  [ACCEPT]  ✓ Change accepted
--- Iteration 11 ---
  [ANALYZE] Found 8 opportunities: CONSTANT_FOLD (priority=100), COPY_PROPAGATIONx7 (priority=50)
  [PROPOSE] Applying CONSTANT_FOLD at instruction 1: t5 = -16 != -2 → t5 = 1 (forwarded into uses of t5)
  [VERIFY]  PASS (differential: 25/25 inputs matched, symbolic: skipped (control flow))
  [COST]    Before: 42.5, After: 41.0 (reduction: 3.5%)
  [ACCEPT]  ✓ Change accepted
--- Iteration 12 ---
  [ANALYZE] Found 7 opportunities: COPY_PROPAGATIONx7 (priority=50)
  [PROPOSE] Applying COPY_PROPAGATION at instruction 2: t9 = 0 → uses of t9 -> 0 at instr 3
  [VERIFY]  PASS (differential: 25/25 inputs matched, symbolic: skipped (control flow))
  [COST]    Before: 41.0, After: 38.0 (reduction: 7.3%)
  [ACCEPT]  ✓ Change accepted
--- Iteration 13 ---
  [ANALYZE] Found 7 opportunities: CONSTANT_FOLD (priority=100), COPY_PROPAGATIONx6 (priority=50)
  [PROPOSE] Applying CONSTANT_FOLD at instruction 2: t10 = 0 + -16 → t10 = -16
  [VERIFY]  PASS (differential: 25/25 inputs matched, symbolic: skipped (control flow))
  [COST]    Before: 38.0, After: 37.5 (reduction: 1.3%)
  [ACCEPT]  ✓ Change accepted
--- Iteration 14 ---
  [ANALYZE] Found 6 opportunities: COPY_PROPAGATIONx6 (priority=50)
  [PROPOSE] Applying COPY_PROPAGATION at instruction 2: t10 = -16 → uses of t10 -> -16 at instr 3
  [VERIFY]  PASS (differential: 25/25 inputs matched, symbolic: skipped (control flow))
  [COST]    Before: 37.5, After: 34.5 (reduction: 8.0%)
  [ACCEPT]  ✓ Change accepted
--- Iteration 15 ---
  [ANALYZE] Found 5 opportunities: COPY_PROPAGATIONx5 (priority=50)
  [PROPOSE] Applying COPY_PROPAGATION at instruction 4: t11 = 7 → uses of t11 -> 7 at instr 5
  [VERIFY]  PASS (differential: 25/25 inputs matched, symbolic: skipped (control flow))
  [COST]    Before: 34.5, After: 31.5 (reduction: 8.7%)
  [ACCEPT]  ✓ Change accepted
--- Iteration 16 ---
  [ANALYZE] Found 4 opportunities: COPY_PROPAGATIONx4 (priority=50)
  [PROPOSE] Applying COPY_PROPAGATION at instruction 4: m = 7 → uses of m -> 7 at instr 6, 9
  [VERIFY]  PASS (differential: 25/25 inputs matched, symbolic: skipped (control flow))
  [COST]    Before: 31.5, After: 29.0 (reduction: 7.9%)
  [ACCEPT]  ✓ Change accepted
--- Iteration 17 ---
  [ANALYZE] Found 3 opportunities: COPY_PROPAGATIONx3 (priority=50)
  [PROPOSE] Applying COPY_PROPAGATION at instruction 4: t12 = 8 → uses of t12 -> 8 at instr 5
  [VERIFY]  PASS (differential: 25/25 inputs matched, symbolic: skipped (control flow))
  [COST]    Before: 29.0, After: 26.0 (reduction: 10.3%)
  [ACCEPT]  ✓ Change accepted
--- Iteration 18 ---
  [ANALYZE] Found 3 opportunities: CONSTANT_FOLD (priority=100), COPY_PROPAGATIONx2 (priority=50)
  [PROPOSE] Applying CONSTANT_FOLD at instruction 4: t13 = 7 > 8 → t13 = 0 (forwarded into uses of t13)
  [VERIFY]  PASS (differential: 25/25 inputs matched, symbolic: skipped (control flow))
  [COST]    Before: 26.0, After: 24.5 (reduction: 5.8%)
  [ACCEPT]  ✓ Change accepted
--- Iteration 19 ---
  [ANALYZE] Found 2 opportunities: COPY_PROPAGATIONx2 (priority=50)
  [PROPOSE] Applying COPY_PROPAGATION at instruction 5: t14 = 1 → uses of t14 -> 1 at instr 6
  [VERIFY]  PASS (differential: 25/25 inputs matched, symbolic: skipped (control flow))
  [COST]    Before: 24.5, After: 21.5 (reduction: 12.2%)
  [ACCEPT]  ✓ Change accepted
--- Iteration 20 ---
  [ANALYZE] Found 2 opportunities: CONSTANT_FOLD (priority=100), COPY_PROPAGATION (priority=50)
  [PROPOSE] Applying CONSTANT_FOLD at instruction 5: t15 = 7 * 1 → t15 = 7
  [VERIFY]  PASS (differential: 25/25 inputs matched, symbolic: skipped (control flow))
  [COST]    Before: 21.5, After: 21.0 (reduction: 2.3%)
  [ACCEPT]  ✓ Change accepted
--- Iteration 21 ---
  [ANALYZE] Found 2 opportunities: COPY_PROPAGATIONx2 (priority=50)
  [PROPOSE] Applying COPY_PROPAGATION at instruction 5: t15 = 7 → uses of t15 -> 7 at instr 6
  [VERIFY]  PASS (differential: 25/25 inputs matched, symbolic: skipped (control flow))
  [COST]    Before: 21.0, After: 18.0 (reduction: 14.3%)
  [ACCEPT]  ✓ Change accepted
--- Iteration 22 ---
  [ANALYZE] Found 1 opportunity: COPY_PROPAGATION (priority=50)
  [PROPOSE] Applying COPY_PROPAGATION at instruction 6: t16 = res + 7; res = t16 → res = res + 7
  [VERIFY]  PASS (differential: 25/25 inputs matched, symbolic: skipped (control flow))
  [COST]    Before: 18.0, After: 15.0 (reduction: 16.7%)
  [ACCEPT]  ✓ Change accepted
--- Iteration 23 ---
  [ANALYZE] No more opportunities found.
=== RESULT ===
  Original cost: 69.0
  Final cost:    15.0
  Reduction:     78.3%
  Iterations:    23
  Accepted:      22
  Rejected:      0
  Invalid:       0
  Output match:  PASS ✓
=== Original TAC ===
   0 |     t0 = 16
   1 |     t1 = -t0
   2 |     y = t1
   3 |     t2 = 0
   4 |     res = t2
   5 |     t3 = 2
   6 |     t4 = -t3
   7 |     t5 = y != t4
   8 |     ifFalse t5 goto L0
   9 |     t6 = 15
  10 |     t7 = 1
  11 |     t8 = t6 + t7
  12 |     x = t8
  13 |     t9 = 0
  14 |     t10 = t9 + y
  15 |     res = t10
  16 | L0:
  17 |     t11 = 7
  18 |     m = t11
  19 |     t12 = 8
  20 |     t13 = m > t12
  21 |     ifFalse t13 goto L1
  22 |     t14 = 1
  23 |     t15 = m * t14
  24 |     t16 = res + t15
  25 |     res = t16
  26 | L1:
  27 |     print res
=== Optimized TAC ===
  0 |     res = 0
  1 |     ifFalse 1 goto L0
  2 |     res = -16
  3 | L0:
  4 |     ifFalse 0 goto L1
  5 |     res = res + 7
  6 | L1:
  7 |     print res
