=== Program: conditionals_026.src ===
--- Iteration 1 ---
  [ANALYZE] Found 17 opportunities: DEAD_CODEx2 (priority=80), COPY_PROPAGATIONx15 (priority=50)
  [PROPOSE] Applying DEAD_CODE at instruction 3: r = t1 → (removed)
  [VERIFY]  PASS (differential: 25/25 inputs matched, symbolic: skipped (control flow))
  [COST]    Before: 68.0, After: 65.5 (reduction: 3.7%)
  [ACCEPT]  ✓ Change accepted
--- Iteration 2 ---
  [ANALYZE] Found 16 opportunities: DEAD_CODEx2 (priority=80), COPY_PROPAGATIONx14 (priority=50)
  [PROPOSE] Applying DEAD_CODE at instruction 2: t1 = 0 → (removed)
  [VERIFY]  PASS (differential: 25/25 inputs matched, symbolic: skipped (control flow))
  [COST]    Before: 65.5, After: 62.5 (reduction: 4.6%)
  [ACCEPT]  ✓ Change accepted
--- Iteration 3 ---
  [ANALYZE] Found 15 opportunities: DEAD_CODE (priority=80), COPY_PROPAGATIONx14 (priority=50)
  [PROPOSE] Applying DEAD_CODE at instruction 8: b = t6 → (removed)
  [VERIFY]  PASS (differential: 25/25 inputs matched, symbolic: skipped (control flow))
  [COST]    Before: 62.5, After: 60.0 (reduction: 4.0%)
  [ACCEPT]  ✓ Change accepted
--- Iteration 4 ---
  [ANALYZE] Found 14 opportunities: DEAD_CODE (priority=80), COPY_PROPAGATIONx13 (priority=50)
  [PROPOSE] Applying DEAD_CODE at instruction 7: t6 = t4 + t5 → (removed)
  [VERIFY]  PASS (differential: 25/25 inputs matched, symbolic: skipped (control flow))
  [COST]    Before: 60.0, After: 56.5 (reduction: 5.8%)
  [ACCEPT]  ✓ Change accepted
--- Iteration 5 ---
  [ANALYZE] Found 13 opportunities: DEAD_CODEx2 (priority=80), COPY_PROPAGATIONx11 (priority=50)
  [PROPOSE] Applying DEAD_CODE at instruction 5: t4 = 14 → (removed)
  [VERIFY]  PASS (differential: 25/25 inputs matched, symbolic: skipped (control flow))
  [COST]    Before: 56.5, After: 53.5 (reduction: 5.3%)
  [ACCEPT]  ✓ Change accepted
--- Iteration 6 ---
  [ANALYZE] Found 12 opportunities: DEAD_CODE (priority=80), COPY_PROPAGATIONx11 (priority=50)
  [PROPOSE] Applying DEAD_CODE at instruction 5: t5 = 1 → (removed)
  [VERIFY]  PASS (differential: 25/25 inputs matched, symbolic: skipped (control flow))
  [COST]    Before: 53.5, After: 50.5 (reduction: 5.6%)
  [ACCEPT]  ✓ Change accepted
--- Iteration 7 ---
  [ANALYZE] Found 11 opportunities: COPY_PROPAGATIONx11 (priority=50)
  [PROPOSE] Applying COPY_PROPAGATION at instruction 0: t0 = 5 → uses of t0 -> 5 at instr 1
  [VERIFY]  PASS (differential: 25/25 inputs matched, symbolic: skipped (control flow))
  [COST]    Before: 50.5, After: 47.5 (reduction: 5.9%)
  [ACCEPT]  ✓ Change accepted
--- Iteration 8 ---
  [ANALYZE] Found 10 opportunities: COPY_PROPAGATIONx10 (priority=50)
  [PROPOSE] Applying COPY_PROPAGATION at instruction 0: val = 5 → uses of val -> 5 at instr 2, 5, 15
  [VERIFY]  PASS (differential: 25/25 inputs matched, symbolic: skipped (control flow))
  [COST]    Before: 47.5, After: 45.0 (reduction: 5.3%)
  [ACCEPT]  ✓ Change accepted
--- Iteration 9 ---
  [ANALYZE] Found 9 opportunities: COPY_PROPAGATIONx9 (priority=50)
  [PROPOSE] Applying COPY_PROPAGATION at instruction 0: t2 = 10 → uses of t2 -> 10 at instr 1
  [VERIFY]  PASS (differential: 25/25 inputs matched, symbolic: skipped (control flow))
  [COST]    Before: 45.0, After: 42.0 (reduction: 6.7%)
  [ACCEPT]  ✓ Change accepted
--- Iteration 10 ---
  [ANALYZE] Found 9 opportunities: CONSTANT_FOLD (priority=100), COPY_PROPAGATIONx8 (priority=50)
  [PROPOSE] Applying CONSTANT_FOLD at instruction 0: t3 = 5 != 10 → t3 = 1 (forwarded into uses of t3)
  [VERIFY]  PASS (differential: 25/25 inputs matched, symbolic: skipped (control flow))
  [COST]    Before: 42.0, After: 40.5 (reduction: 3.6%)
  [ACCEPT]  ✓ Change accepted
--- Iteration 11 ---
  [ANALYZE] Found 8 opportunities: COPY_PROPAGATIONx8 (priority=50)
  [PROPOSE] Applying COPY_PROPAGATION at instruction 1: t7 = 0 → uses of t7 -> 0 at instr 2
  [VERIFY]  PASS (differential: 25/25 inputs matched, symbolic: skipped (control flow))
  [COST]    Before: 40.5, After: 37.5 (reduction: 7.4%)
  [ACCEPT]  ✓ Change accepted
--- Iteration 12 ---
  [ANALYZE] Found 8 opportunities: CONSTANT_FOLD (priority=100), COPY_PROPAGATIONx7 (priority=50)
  [PROPOSE] Applying CONSTANT_FOLD at instruction 1: t8 = 5 + 0 → t8 = 5
  [VERIFY]  PASS (differential: 25/25 inputs matched, symbolic: skipped (control flow))
  [COST]    Before: 37.5, After: 37.0 (reduction: 1.3%)
  [ACCEPT]  ✓ Change accepted
--- Iteration 13 ---
  [ANALYZE] Found 7 opportunities: COPY_PROPAGATIONx7 (priority=50)
  [PROPOSE] Applying COPY_PROPAGATION at instruction 1: t8 = 5 → uses of t8 -> 5 at instr 2
  [VERIFY]  PASS (differential: 25/25 inputs matched, symbolic: skipped (control flow))
  [COST]    Before: 37.0, After: 34.0 (reduction: 8.1%)
  [ACCEPT]  ✓ Change accepted
--- Iteration 14 ---
  [ANALYZE] Found 6 opportunities: COPY_PROPAGATIONx6 (priority=50)
  [PROPOSE] Applying COPY_PROPAGATION at instruction 1: r = 5 → uses of r -> 5 at instr 5
  [VERIFY]  PASS (differential: 25/25 inputs matched, symbolic: skipped (control flow))
  [COST]    Before: 34.0, After: 31.5 (reduction: 7.4%)
  [ACCEPT]  ✓ Change accepted
--- Iteration 15 ---
  [ANALYZE] Found 5 opportunities: COPY_PROPAGATIONx5 (priority=50)
  [PROPOSE] Applying COPY_PROPAGATION at instruction 1: t9 = 3 → uses of t9 -> 3 at instr 3
  [VERIFY]  PASS (differential: 25/25 inputs matched, symbolic: skipped (control flow))
  [COST]    Before: 31.5, After: 28.5 (reduction: 9.5%)
  [ACCEPT]  ✓ Change accepted
--- Iteration 16 ---
  [ANALYZE] Found 4 opportunities: COPY_PROPAGATIONx4 (priority=50)
  [PROPOSE] Applying COPY_PROPAGATION at instruction 1: t10 = 1 → uses of t10 -> 1 at instr 2
  [VERIFY]  PASS (differential: 25/25 inputs matched, symbolic: skipped (control flow))
  [COST]    Before: 28.5, After: 25.5 (reduction: 10.5%)
  [ACCEPT]  ✓ Change accepted
--- Iteration 17 ---
  [ANALYZE] Found 4 opportunities: CONSTANT_FOLD (priority=100), COPY_PROPAGATIONx3 (priority=50)
  [PROPOSE] Applying CONSTANT_FOLD at instruction 1: t11 = 3 * 1 → t11 = 3
  [VERIFY]  PASS (differential: 25/25 inputs matched, symbolic: skipped (control flow))
  [COST]    Before: 25.5, After: 25.0 (reduction: 2.0%)
  [ACCEPT]  ✓ Change accepted
--- Iteration 18 ---
  [ANALYZE] Found 4 opportunities: COPY_PROPAGATIONx4 (priority=50)
  [PROPOSE] Applying COPY_PROPAGATION at instruction 1: t11 = 3 → uses of t11 -> 3 at instr 2
  [VERIFY]  PASS (differential: 25/25 inputs matched, symbolic: skipped (control flow))
  [COST]    Before: 25.0, After: 22.0 (reduction: 12.0%)
  [ACCEPT]  ✓ Change accepted
--- Iteration 19 ---
  [ANALYZE] Found 4 opportunities: CONSTANT_FOLD (priority=100), COPY_PROPAGATIONx3 (priority=50)
  [PROPOSE] Applying CONSTANT_FOLD at instruction 1: t12 = 5 + 3 → t12 = 8
  [VERIFY]  PASS (differential: 25/25 inputs matched, symbolic: skipped (control flow))
  [COST]    Before: 22.0, After: 21.5 (reduction: 2.3%)
  [ACCEPT]  ✓ Change accepted
--- Iteration 20 ---
  [ANALYZE] Found 3 opportunities: COPY_PROPAGATIONx3 (priority=50)
  [PROPOSE] Applying COPY_PROPAGATION at instruction 1: t12 = 8 → uses of t12 -> 8 at instr 2
  [VERIFY]  PASS (differential: 25/25 inputs matched, symbolic: skipped (control flow))
  [COST]    Before: 21.5, After: 18.5 (reduction: 14.0%)
  [ACCEPT]  ✓ Change accepted
--- Iteration 21 ---
  [ANALYZE] Found 2 opportunities: COPY_PROPAGATIONx2 (priority=50)
  [PROPOSE] Applying COPY_PROPAGATION at instruction 4: t13 = 3 → uses of t13 -> 3 at instr 5
  [VERIFY]  PASS (differential: 25/25 inputs matched, symbolic: skipped (control flow))
  [COST]    Before: 18.5, After: 15.5 (reduction: 16.2%)
  [ACCEPT]  ✓ Change accepted
--- Iteration 22 ---
  [ANALYZE] Found 2 opportunities: CONSTANT_FOLD (priority=100), COPY_PROPAGATION (priority=50)
  [PROPOSE] Applying CONSTANT_FOLD at instruction 4: t14 = 5 + 3 → t14 = 8
  [VERIFY]  PASS (differential: 25/25 inputs matched, symbolic: skipped (control flow))
  [COST]    Before: 15.5, After: 15.0 (reduction: 3.2%)
  [ACCEPT]  ✓ Change accepted
--- Iteration 23 ---
  [ANALYZE] Found 1 opportunity: COPY_PROPAGATION (priority=50)
  [PROPOSE] Applying COPY_PROPAGATION at instruction 4: t14 = 8 → uses of t14 -> 8 at instr 5
  [VERIFY]  PASS (differential: 25/25 inputs matched, symbolic: skipped (control flow))
  [COST]    Before: 15.0, After: 12.0 (reduction: 20.0%)
  [ACCEPT]  ✓ Change accepted
--- Iteration 24 ---
  [ANALYZE] Found 1 opportunity: COPY_PROPAGATION (priority=50)
  [PROPOSE] Applying COPY_PROPAGATION at instruction 1: r = 8 → uses of r -> 8 at instr 6
  [VERIFY]  PASS (differential: 25/25 inputs matched, symbolic: skipped (control flow))
  [COST]    Before: 12.0, After: 9.5 (reduction: 20.8%)
  [ACCEPT]  ✓ Change accepted
--- Iteration 25 ---
  [ANALYZE] Found 1 opportunity: DEAD_CODE (priority=80)
  [PROPOSE] Applying DEAD_CODE at instruction 3: r = 8 → (removed)
  [VERIFY]  PASS (differential: 25/25 inputs matched, symbolic: skipped (control flow))
  [COST]    Before: 9.5, After: 7.0 (reduction: 26.3%)
  [ACCEPT]  ✓ Change accepted
--- Iteration 26 ---
  [ANALYZE] No more opportunities found.
=== RESULT ===
  Original cost: 68.0
  Final cost:    7.0
  Reduction:     89.7%
  Iterations:    26
  Accepted:      25
  Rejected:      0
  Invalid:       0
  Output match:  PASS ✓
=== Original TAC ===
   0 |     t0 = 5
   1 |     val = t0
   2 |     t1 = 0
   3 |     r = t1
   4 |     t2 = 10
   5 |     t3 = val != t2
   6 |     ifFalse t3 goto L0
   7 |     t4 = 14
   8 |     t5 = 1
   9 |     t6 = t4 + t5
  10 |     b = t6
  11 |     t7 = 0
  12 |     t8 = val + t7
  13 |     r = t8
  14 |     t9 = 3
  15 |     t10 = 1
  16 |     t11 = t9 * t10
  17 |     t12 = r + t11
  18 |     r = t12
  19 |     goto L1
  20 | L0:
  21 |     t13 = 3
  22 |     t14 = val + t13
  23 |     r = t14
  24 | L1:
  25 |     print r
=== Optimized TAC ===
  0 |     ifFalse 1 goto L0
  1 |     goto L1
  2 | L0:
  3 | L1:
  4 |     print 8
