=== Program: conditionals_002.src ===
--- Iteration 1 ---
  [ANALYZE] Found 7 opportunities: DEAD_CODE (priority=80), COPY_PROPAGATIONx6 (priority=50)
  [PROPOSE] Applying DEAD_CODE at instruction 1: q = t0 → (removed)
  [VERIFY]  PASS (differential: 35/35 inputs matched, symbolic: skipped (control flow))
  [COST]    Before: 36.5, After: 34.0 (reduction: 6.8%)
  [ACCEPT]  ✓ Change accepted
--- Iteration 2 ---
  [ANALYZE] Found 6 opportunities: DEAD_CODE (priority=80), COPY_PROPAGATIONx5 (priority=50)
  [PROPOSE] Applying DEAD_CODE at instruction 0: t0 = 0 → (removed)
  [VERIFY]  PASS (differential: 35/35 inputs matched, symbolic: skipped (control flow))
  [COST]    Before: 34.0, After: 31.0 (reduction: 8.8%)
  [ACCEPT]  ✓ Change accepted
--- Iteration 3 ---
  [ANALYZE] Found 5 opportunities: COPY_PROPAGATIONx5 (priority=50)
  [PROPOSE] Applying COPY_PROPAGATION at instruction 0: t1 = 7 → uses of t1 -> 7 at instr 1
  [VERIFY]  PASS (differential: 34/34 inputs matched, symbolic: skipped (control flow))
  [COST]    Before: 31.0, After: 28.0 (reduction: 9.7%)
  [ACCEPT]  ✓ Change accepted
--- Iteration 4 ---
  [ANALYZE] Found 5 opportunities: CONSTANT_FOLD (priority=100), COPY_PROPAGATIONx4 (priority=50)
  [PROPOSE] Applying CONSTANT_FOLD at instruction 0: t2 = -7 → t2 = -7 (forwarded into uses of t2)
  [VERIFY]  PASS (differential: 37/37 inputs matched, symbolic: skipped (control flow))
  [COST]    Before: 28.0, After: 26.5 (reduction: 5.4%)
  [ACCEPT]  ✓ Change accepted
--- Iteration 5 ---
  [ANALYZE] Found 4 opportunities: COPY_PROPAGATIONx4 (priority=50)
  [PROPOSE] Applying COPY_PROPAGATION at instruction 2: t4 = 1 → uses of t4 -> 1 at instr 3
  [VERIFY]  PASS (differential: 34/34 inputs matched, symbolic: skipped (control flow))
  [COST]    Before: 26.5, After: 23.5 (reduction: 11.3%)
  [ACCEPT]  ✓ Change accepted
--- Iteration 6 ---
  [ANALYZE] Found 4 opportunities: ALGEBRAIC_SIMPLIFY (priority=90), COPY_PROPAGATIONx3 (priority=50)
  [PROPOSE] Applying ALGEBRAIC_SIMPLIFY at instruction 2: t5 = 1 * in_n → t5 = in_n
  [VERIFY]  PASS (differential: 34/34 inputs matched, symbolic: skipped (control flow))
  [COST]    Before: 23.5, After: 23.0 (reduction: 2.1%)
  [ACCEPT]  ✓ Change accepted
--- Iteration 7 ---
  [ANALYZE] Found 3 opportunities: COPY_PROPAGATIONx3 (priority=50)
  [PROPOSE] Applying COPY_PROPAGATION at instruction 2: t5 = in_n → uses of t5 -> in_n at instr 3
  [VERIFY]  PASS (differential: 31/31 inputs matched, symbolic: skipped (control flow))
  [COST]    Before: 23.0, After: 20.0 (reduction: 13.0%)
  [ACCEPT]  ✓ Change accepted
--- Iteration 8 ---
  [ANALYZE] Found 2 opportunities: COPY_PROPAGATIONx2 (priority=50)
  [PROPOSE] Applying COPY_PROPAGATION at instruction 5: t6 = 4 → uses of t6 -> 4 at instr 6
  [VERIFY]  PASS (differential: 31/31 inputs matched, symbolic: skipped (control flow))
  [COST]    Before: 20.0, After: 17.0 (reduction: 15.0%)
  [ACCEPT]  ✓ Change accepted
--- Iteration 9 ---
  [ANALYZE] Found 1 opportunity: COPY_PROPAGATION (priority=50)
  [PROPOSE] Applying COPY_PROPAGATION at instruction 6: t7 = in_n - 4; q = t7 → q = in_n - 4
  [VERIFY]  PASS (differential: 31/31 inputs matched, symbolic: skipped (control flow))
  [COST]    Before: 17.0, After: 14.0 (reduction: 17.6%)
  [ACCEPT]  ✓ Change accepted
--- Iteration 10 ---
  [ANALYZE] No more opportunities found.
=== RESULT ===
  Original cost: 36.5
  Final cost:    14.0
  Reduction:     61.6%
  Iterations:    10
  Accepted:      9
  Rejected:      0
  Invalid:       0
  Output match:  PASS ✓
=== Original TAC ===
   0 |     t0 = 0
   1 |     q = t0
   2 |     t1 = 7
   3 |     t2 = -t1
   4 |     t3 = in_n <= t2
   5 |     ifFalse t3 goto L0
   6 |     t4 = 1
   7 |     t5 = t4 * in_n
   8 |     q = t5
   9 |     goto L1
  10 | L0:
  11 |     t6 = 4
  12 |     t7 = in_n - t6
  13 |     q = t7
  14 | L1:
  15 |     print q
=== Optimized TAC ===
  0 |     t3 = in_n <= -7
  1 |     ifFalse t3 goto L0
  2 |     q = in_n
  3 |     goto L1
  4 | L0:
  5 |     q = in_n - 4
  6 | L1:
  7 |     print q
