=== Program: conditionals_023.src ===
--- Iteration 1 ---
  [ANALYZE] Found 16 opportunities: DEAD_CODE (priority=80), COPY_PROPAGATIONx15 (priority=50)
  [PROPOSE] Applying DEAD_CODE at instruction 4: s = t2 → (removed)
  [VERIFY]  PASS (differential: 25/25 inputs matched, symbolic: skipped (control flow))
  [COST]    Before: 73.5, After: 71.0 (reduction: 3.4%)
  [ACCEPT]  ✓ Change accepted
--- Iteration 2 ---
  [ANALYZE] Found 15 opportunities: DEAD_CODE (priority=80), COPY_PROPAGATIONx14 (priority=50)
  [PROPOSE] Applying DEAD_CODE at instruction 3: t2 = 0 → (removed)
  [VERIFY]  PASS (differential: 25/25 inputs matched, symbolic: skipped (control flow))
  [COST]    Before: 71.0, After: 68.0 (reduction: 4.2%)
  [ACCEPT]  ✓ Change accepted
--- Iteration 3 ---
  [ANALYZE] Found 14 opportunities: COPY_PROPAGATIONx14 (priority=50)
  [PROPOSE] Applying COPY_PROPAGATION at instruction 0: t0 = 17 → uses of t0 -> 17 at instr 1
  [VERIFY]  PASS (differential: 25/25 inputs matched, symbolic: skipped (control flow))
  [COST]    Before: 68.0, After: 65.0 (reduction: 4.4%)
  [ACCEPT]  ✓ Change accepted
--- Iteration 4 ---
  [ANALYZE] Found 14 opportunities: CONSTANT_FOLD (priority=100), COPY_PROPAGATIONx13 (priority=50)
  [PROPOSE] Applying CONSTANT_FOLD at instruction 0: t1 = -17 → t1 = -17 (forwarded into uses of t1)
  [VERIFY]  PASS (differential: 25/25 inputs matched, symbolic: skipped (control flow))
  [COST]    Before: 65.0, After: 63.5 (reduction: 2.3%)
  [ACCEPT]  ✓ Change accepted
--- Iteration 5 ---
  [ANALYZE] Found 12 opportunities: COPY_PROPAGATIONx12 (priority=50)
  [PROPOSE] Applying COPY_PROPAGATION at instruction 0: z = -17 → uses of z -> -17 at instr 2, 4, 8, 13
  [VERIFY]  PASS (differential: 25/25 inputs matched, symbolic: skipped (control flow))
  [COST]    Before: 63.5, After: 61.0 (reduction: 3.9%)
  [ACCEPT]  ✓ Change accepted
--- Iteration 6 ---
  [ANALYZE] Found 11 opportunities: COPY_PROPAGATIONx11 (priority=50)
  [PROPOSE] Applying COPY_PROPAGATION at instruction 0: t3 = 3 → uses of t3 -> 3 at instr 1
  [VERIFY]  PASS (differential: 25/25 inputs matched, symbolic: skipped (control flow))
  [COST]    Before: 61.0, After: 58.0 (reduction: 4.9%)
  [ACCEPT]  ✓ Change accepted
--- Iteration 7 ---
  [ANALYZE] Found 11 opportunities: CONSTANT_FOLD (priority=100), COPY_PROPAGATIONx10 (priority=50)
  [PROPOSE] Applying CONSTANT_FOLD at instruction 0: t4 = -17 < 3 → t4 = 1 (forwarded into uses of t4)
  [VERIFY]  PASS (differential: 25/25 inputs matched, symbolic: skipped (control flow))
  [COST]    Before: 58.0, After: 56.5 (reduction: 2.6%)
  [ACCEPT]  ✓ Change accepted
--- Iteration 8 ---
  [ANALYZE] Found 10 opportunities: COPY_PROPAGATIONx10 (priority=50)
  [PROPOSE] Applying COPY_PROPAGATION at instruction 0: t5 = 22 → uses of t5 -> 22 at instr 1
  [VERIFY]  PASS (differential: 25/25 inputs matched, symbolic: skipped (control flow))
  [COST]    Before: 56.5, After: 53.5 (reduction: 5.3%)
  [ACCEPT]  ✓ Change accepted
--- Iteration 9 ---
  [ANALYZE] Found 10 opportunities: CONSTANT_FOLD (priority=100), COPY_PROPAGATIONx9 (priority=50)
  [PROPOSE] Applying CONSTANT_FOLD at instruction 0: t6 = -17 != 22 → t6 = 1 (forwarded into uses of t6)
  [VERIFY]  PASS (differential: 25/25 inputs matched, symbolic: skipped (control flow))
  [COST]    Before: 53.5, After: 52.0 (reduction: 2.8%)
  [ACCEPT]  ✓ Change accepted
--- Iteration 10 ---
  [ANALYZE] Found 10 opportunities: CONSTANT_FOLD (priority=100), COPY_PROPAGATIONx9 (priority=50)
  [PROPOSE] Applying CONSTANT_FOLD at instruction 0: t7 = 1 && 1 → t7 = 1 (forwarded into uses of t7)
  [VERIFY]  PASS (differential: 25/25 inputs matched, symbolic: skipped (control flow))
  [COST]    Before: 52.0, After: 50.5 (reduction: 2.9%)
  [ACCEPT]  ✓ Change accepted
--- Iteration 11 ---
  [ANALYZE] Found 9 opportunities: COPY_PROPAGATIONx9 (priority=50)
  [PROPOSE] Applying COPY_PROPAGATION at instruction 1: t8 = 1 → uses of t8 -> 1 at instr 2
  [VERIFY]  PASS (differential: 25/25 inputs matched, symbolic: skipped (control flow))
  [COST]    Before: 50.5, After: 47.5 (reduction: 5.9%)
  [ACCEPT]  ✓ Change accepted
--- Iteration 12 ---
  [ANALYZE] Found 9 opportunities: CONSTANT_FOLD (priority=100), COPY_PROPAGATIONx8 (priority=50)
  [PROPOSE] Applying CONSTANT_FOLD at instruction 1: t9 = -17 * 1 → t9 = -17
  [VERIFY]  PASS (differential: 25/25 inputs matched, symbolic: skipped (control flow))
  [COST]    Before: 47.5, After: 47.0 (reduction: 1.1%)
  [ACCEPT]  ✓ Change accepted
--- Iteration 13 ---
  [ANALYZE] Found 8 opportunities: COPY_PROPAGATIONx8 (priority=50)
  [PROPOSE] Applying COPY_PROPAGATION at instruction 1: t9 = -17 → uses of t9 -> -17 at instr 2
  [VERIFY]  PASS (differential: 25/25 inputs matched, symbolic: skipped (control flow))
  [COST]    Before: 47.0, After: 44.0 (reduction: 6.4%)
  [ACCEPT]  ✓ Change accepted
--- Iteration 14 ---
  [ANALYZE] Found 7 opportunities: COPY_PROPAGATIONx7 (priority=50)
  [PROPOSE] Applying COPY_PROPAGATION at instruction 4: t10 = 7 → uses of t10 -> 7 at instr 5
  [VERIFY]  PASS (differential: 25/25 inputs matched, symbolic: skipped (control flow))
  [COST]    Before: 44.0, After: 41.0 (reduction: 6.8%)
  [ACCEPT]  ✓ Change accepted
--- Iteration 15 ---
  [ANALYZE] Found 7 opportunities: CONSTANT_FOLD (priority=100), COPY_PROPAGATIONx6 (priority=50)
  [PROPOSE] Applying CONSTANT_FOLD at instruction 4: t11 = -17 + 7 → t11 = -10
  [VERIFY]  PASS (differential: 25/25 inputs matched, symbolic: skipped (control flow))
  [COST]    Before: 41.0, After: 40.5 (reduction: 1.2%)
  [ACCEPT]  ✓ Change accepted
--- Iteration 16 ---
  [ANALYZE] Found 6 opportunities: COPY_PROPAGATIONx6 (priority=50)
  [PROPOSE] Applying COPY_PROPAGATION at instruction 4: t11 = -10 → uses of t11 -> -10 at instr 5
  [VERIFY]  PASS (differential: 25/25 inputs matched, symbolic: skipped (control flow))
  [COST]    Before: 40.5, After: 37.5 (reduction: 7.4%)
  [ACCEPT]  ✓ Change accepted
--- Iteration 17 ---
  [ANALYZE] Found 5 opportunities: COPY_PROPAGATIONx5 (priority=50)
  [PROPOSE] Applying COPY_PROPAGATION at instruction 6: t12 = 6 → uses of t12 -> 6 at instr 7
  [VERIFY]  PASS (differential: 25/25 inputs matched, symbolic: skipped (control flow))
  [COST]    Before: 37.5, After: 34.5 (reduction: 8.0%)
  [ACCEPT]  ✓ Change accepted
--- Iteration 18 ---
  [ANALYZE] Found 4 opportunities: COPY_PROPAGATIONx4 (priority=50)
  [PROPOSE] Applying COPY_PROPAGATION at instruction 6: g = 6 → uses of g -> 6 at instr 8, 11
  [VERIFY]  PASS (differential: 25/25 inputs matched, symbolic: skipped (control flow))
  [COST]    Before: 34.5, After: 32.0 (reduction: 7.2%)
  [ACCEPT]  ✓ Change accepted
--- Iteration 19 ---
  [ANALYZE] Found 3 opportunities: COPY_PROPAGATIONx3 (priority=50)
  [PROPOSE] Applying COPY_PROPAGATION at instruction 6: t13 = 1 → uses of t13 -> 1 at instr 7
  [VERIFY]  PASS (differential: 25/25 inputs matched, symbolic: skipped (control flow))
  [COST]    Before: 32.0, After: 29.0 (reduction: 9.4%)
  [ACCEPT]  ✓ Change accepted
--- Iteration 20 ---
  [ANALYZE] Found 3 opportunities: CONSTANT_FOLD (priority=100), COPY_PROPAGATIONx2 (priority=50)
  [PROPOSE] Applying CONSTANT_FOLD at instruction 6: t14 = 6 > 1 → t14 = 1 (forwarded into uses of t14)
  [VERIFY]  PASS (differential: 25/25 inputs matched, symbolic: skipped (control flow))
  [COST]    Before: 29.0, After: 27.5 (reduction: 5.2%)
  [ACCEPT]  ✓ Change accepted
--- Iteration 21 ---
  [ANALYZE] Found 2 opportunities: COPY_PROPAGATIONx2 (priority=50)
  [PROPOSE] Applying COPY_PROPAGATION at instruction 7: t15 = 1 → uses of t15 -> 1 at instr 8
  [VERIFY]  PASS (differential: 25/25 inputs matched, symbolic: skipped (control flow))
  [COST]    Before: 27.5, After: 24.5 (reduction: 10.9%)
  [ACCEPT]  ✓ Change accepted
--- Iteration 22 ---
  [ANALYZE] Found 2 opportunities: CONSTANT_FOLD (priority=100), COPY_PROPAGATION (priority=50)
  [PROPOSE] Applying CONSTANT_FOLD at instruction 7: t16 = 6 * 1 → t16 = 6
  [VERIFY]  PASS (differential: 25/25 inputs matched, symbolic: skipped (control flow))
  [COST]    Before: 24.5, After: 24.0 (reduction: 2.0%)
  [ACCEPT]  ✓ Change accepted
--- Iteration 23 ---
  [ANALYZE] Found 2 opportunities: COPY_PROPAGATIONx2 (priority=50)
  [PROPOSE] Applying COPY_PROPAGATION at instruction 7: t16 = 6 → uses of t16 -> 6 at instr 8
  [VERIFY]  PASS (differential: 25/25 inputs matched, symbolic: skipped (control flow))
  [COST]    Before: 24.0, After: 21.0 (reduction: 12.5%)
  [ACCEPT]  ✓ Change accepted
--- Iteration 24 ---
  [ANALYZE] Found 1 opportunity: COPY_PROPAGATION (priority=50)
  [PROPOSE] Applying COPY_PROPAGATION at instruction 8: t17 = s + 6; s = t17 → s = s + 6
  [VERIFY]  PASS (differential: 25/25 inputs matched, symbolic: skipped (control flow))
  [COST]    Before: 21.0, After: 18.0 (reduction: 14.3%)
  [ACCEPT]  ✓ Change accepted
--- Iteration 25 ---
  [ANALYZE] No more opportunities found.
=== RESULT ===
  Original cost: 73.5
  Final cost:    18.0
  Reduction:     75.5%
  Iterations:    25
  Accepted:      24
  Rejected:      0
  Invalid:       0
  Output match:  PASS ✓
=== Original TAC ===
   0 |     t0 = 17
   1 |     t1 = -t0
   2 |     z = t1
   3 |     t2 = 0
   4 |     s = t2
   5 |     t3 = 3
   6 |     t4 = z < t3
   7 |     t5 = 22
   8 |     t6 = z != t5
   9 |     t7 = t4 && t6
  10 |     ifFalse t7 goto L0
  11 |     t8 = 1
  12 |     t9 = z * t8
  13 |     s = t9
  14 |     goto L1
  15 | L0:
  16 |     t10 = 7
  17 |     t11 = z + t10
  18 |     s = t11
  19 | L1:
  20 |     t12 = 6
  21 |     g = t12
  22 |     t13 = 1
  23 |     t14 = g > t13
  24 |     ifFalse t14 goto L2
  25 |     t15 = 1
  26 |     t16 = g * t15
  27 |     t17 = s + t16
  28 |     s = t17
  29 | L2:
  30 |     print s
=== Optimized TAC ===
  0 |     ifFalse 1 goto L0
  1 |     s = -17
  2 |     goto L1
  3 | L0:
  4 |     s = -10
  5 | L1:
  6 |     ifFalse 1 goto L2
  7 |     s = s + 6
  8 | L2:
  9 |     print s
