=== Program: conditionals_057.src ===
--- Iteration 1 ---
  [ANALYZE] Found 13 opportunities: DEAD_CODEx2 (priority=80), COPY_PROPAGATIONx11 (priority=50)
  [PROPOSE] Applying DEAD_CODE at instruction 3: num = t1 → (removed)
  [VERIFY]  PASS (differential: 25/25 inputs matched, symbolic: skipped (control flow))
  [COST]    Before: 54.0, After: 51.5 (reduction: 4.6%)
  [ACCEPT]  ✓ Change accepted
--- Iteration 2 ---
  [ANALYZE] Found 12 opportunities: DEAD_CODEx2 (priority=80), COPY_PROPAGATIONx10 (priority=50)
  [PROPOSE] Applying DEAD_CODE at instruction 2: t1 = 0 → (removed)
  [VERIFY]  PASS (differential: 25/25 inputs matched, symbolic: skipped (control flow))
  [COST]    Before: 51.5, After: 48.5 (reduction: 5.8%)
  [ACCEPT]  ✓ Change accepted
--- Iteration 3 ---
  [ANALYZE] Found 11 opportunities: DEAD_CODE (priority=80), COPY_PROPAGATIONx10 (priority=50)
  [PROPOSE] Applying DEAD_CODE at instruction 9: b = t7 → (removed)
  [VERIFY]  PASS (differential: 25/25 inputs matched, symbolic: skipped (control flow))
  [COST]    Before: 48.5, After: 46.0 (reduction: 5.2%)
  [ACCEPT]  ✓ Change accepted
--- Iteration 4 ---
  [ANALYZE] Found 10 opportunities: DEAD_CODE (priority=80), COPY_PROPAGATIONx9 (priority=50)
  [PROPOSE] Applying DEAD_CODE at instruction 8: t7 = t5 + t6 → (removed)
  [VERIFY]  PASS (differential: 25/25 inputs matched, symbolic: skipped (control flow))
  [COST]    Before: 46.0, After: 42.5 (reduction: 7.6%)
  [ACCEPT]  ✓ Change accepted
--- Iteration 5 ---
  [ANALYZE] Found 9 opportunities: DEAD_CODEx2 (priority=80), COPY_PROPAGATIONx7 (priority=50)
  [PROPOSE] Applying DEAD_CODE at instruction 6: t5 = 19 → (removed)
  [VERIFY]  PASS (differential: 25/25 inputs matched, symbolic: skipped (control flow))
  [COST]    Before: 42.5, After: 39.5 (reduction: 7.1%)
  [ACCEPT]  ✓ Change accepted
--- Iteration 6 ---
  [ANALYZE] Found 8 opportunities: DEAD_CODE (priority=80), COPY_PROPAGATIONx7 (priority=50)
  [PROPOSE] Applying DEAD_CODE at instruction 6: t6 = 16 → (removed)
  [VERIFY]  PASS (differential: 25/25 inputs matched, symbolic: skipped (control flow))
  [COST]    Before: 39.5, After: 36.5 (reduction: 7.6%)
  [ACCEPT]  ✓ Change accepted
--- Iteration 7 ---
  [ANALYZE] Found 7 opportunities: COPY_PROPAGATIONx7 (priority=50)
  [PROPOSE] Applying COPY_PROPAGATION at instruction 0: t0 = 11 → uses of t0 -> 11 at instr 1
  [VERIFY]  PASS (differential: 25/25 inputs matched, symbolic: skipped (control flow))
  [COST]    Before: 36.5, After: 33.5 (reduction: 8.2%)
  [ACCEPT]  ✓ Change accepted
--- Iteration 8 ---
  [ANALYZE] Found 6 opportunities: COPY_PROPAGATIONx6 (priority=50)
  [PROPOSE] Applying COPY_PROPAGATION at instruction 0: h = 11 → uses of h -> 11 at instr 3, 6, 11
  [VERIFY]  PASS (differential: 25/25 inputs matched, symbolic: skipped (control flow))
  [COST]    Before: 33.5, After: 31.0 (reduction: 7.5%)
  [ACCEPT]  ✓ Change accepted
--- Iteration 9 ---
  [ANALYZE] Found 5 opportunities: COPY_PROPAGATIONx5 (priority=50)
  [PROPOSE] Applying COPY_PROPAGATION at instruction 0: t2 = 10 → uses of t2 -> 10 at instr 1
  [VERIFY]  PASS (differential: 25/25 inputs matched, symbolic: skipped (control flow))
  [COST]    Before: 31.0, After: 28.0 (reduction: 9.7%)
  [ACCEPT]  ✓ Change accepted
--- Iteration 10 ---
  [ANALYZE] Found 5 opportunities: CONSTANT_FOLD (priority=100), COPY_PROPAGATIONx4 (priority=50)
  [PROPOSE] Applying CONSTANT_FOLD at instruction 0: t3 = -10 → t3 = -10 (forwarded into uses of t3)
  [VERIFY]  PASS (differential: 25/25 inputs matched, symbolic: skipped (control flow))
  [COST]    Before: 28.0, After: 26.5 (reduction: 5.4%)
  [ACCEPT]  ✓ Change accepted
--- Iteration 11 ---
  [ANALYZE] Found 5 opportunities: CONSTANT_FOLD (priority=100), COPY_PROPAGATIONx4 (priority=50)
  [PROPOSE] Applying CONSTANT_FOLD at instruction 0: t4 = 11 != -10 → t4 = 1 (forwarded into uses of t4)
  [VERIFY]  PASS (differential: 25/25 inputs matched, symbolic: skipped (control flow))
  [COST]    Before: 26.5, After: 25.0 (reduction: 5.7%)
  [ACCEPT]  ✓ Change accepted
--- Iteration 12 ---
  [ANALYZE] Found 4 opportunities: COPY_PROPAGATIONx4 (priority=50)
  [PROPOSE] Applying COPY_PROPAGATION at instruction 1: t8 = 0 → uses of t8 -> 0 at instr 2
  [VERIFY]  PASS (differential: 25/25 inputs matched, symbolic: skipped (control flow))
  [COST]    Before: 25.0, After: 22.0 (reduction: 12.0%)
  [ACCEPT]  ✓ Change accepted
--- Iteration 13 ---
  [ANALYZE] Found 4 opportunities: CONSTANT_FOLD (priority=100), COPY_PROPAGATIONx3 (priority=50)
  [PROPOSE] Applying CONSTANT_FOLD at instruction 1: t9 = 11 + 0 → t9 = 11
  [VERIFY]  PASS (differential: 25/25 inputs matched, symbolic: skipped (control flow))
  [COST]    Before: 22.0, After: 21.5 (reduction: 2.3%)
  [ACCEPT]  ✓ Change accepted
--- Iteration 14 ---
  [ANALYZE] Found 3 opportunities: COPY_PROPAGATIONx3 (priority=50)
  [PROPOSE] Applying COPY_PROPAGATION at instruction 1: t9 = 11 → uses of t9 -> 11 at instr 2
  [VERIFY]  PASS (differential: 25/25 inputs matched, symbolic: skipped (control flow))
  [COST]    Before: 21.5, After: 18.5 (reduction: 14.0%)
  [ACCEPT]  ✓ Change accepted
--- Iteration 15 ---
  [ANALYZE] Found 2 opportunities: COPY_PROPAGATIONx2 (priority=50)
  [PROPOSE] Applying COPY_PROPAGATION at instruction 4: t10 = 4 → uses of t10 -> 4 at instr 5
  [VERIFY]  PASS (differential: 25/25 inputs matched, symbolic: skipped (control flow))
  [COST]    Before: 18.5, After: 15.5 (reduction: 16.2%)
  [ACCEPT]  ✓ Change accepted
--- Iteration 16 ---
  [ANALYZE] Found 2 opportunities: CONSTANT_FOLD (priority=100), COPY_PROPAGATION (priority=50)
  [PROPOSE] Applying CONSTANT_FOLD at instruction 4: t11 = 11 + 4 → t11 = 15
  [VERIFY]  PASS (differential: 25/25 inputs matched, symbolic: skipped (control flow))
  [COST]    Before: 15.5, After: 15.0 (reduction: 3.2%)
  [ACCEPT]  ✓ Change accepted
--- Iteration 17 ---
  [ANALYZE] Found 1 opportunity: COPY_PROPAGATION (priority=50)
  [PROPOSE] Applying COPY_PROPAGATION at instruction 4: t11 = 15 → uses of t11 -> 15 at instr 5
  [VERIFY]  PASS (differential: 25/25 inputs matched, symbolic: skipped (control flow))
  [COST]    Before: 15.0, After: 12.0 (reduction: 20.0%)
  [ACCEPT]  ✓ Change accepted
--- Iteration 18 ---
  [ANALYZE] No more opportunities found.
=== RESULT ===
  Original cost: 54.0
  Final cost:    12.0
  Reduction:     77.8%
  Iterations:    18
  Accepted:      17
  Rejected:      0
  Invalid:       0
  Output match:  PASS ✓
=== Original TAC ===
   0 |     t0 = 11
   1 |     h = t0
   2 |     t1 = 0
   3 |     num = t1
   4 |     t2 = 10
   5 |     t3 = -t2
   6 |     t4 = h != t3
   7 |     ifFalse t4 goto L0
   8 |     t5 = 19
   9 |     t6 = 16
  10 |     t7 = t5 + t6
  11 |     b = t7
  12 |     t8 = 0
  13 |     t9 = h + t8
  14 |     num = t9
  15 |     goto L1
  16 | L0:
  17 |     t10 = 4
  18 |     t11 = h + t10
  19 |     num = t11
  20 | L1:
  21 |     print num
=== Optimized TAC ===
  0 |     ifFalse 1 goto L0
  1 |     num = 11
  2 |     goto L1
  3 | L0:
  4 |     num = 15
  5 | L1:
  6 |     print num
