=== Program: dead_code_060.src ===
--- Iteration 1 ---
  [ANALYZE] Found 11 opportunities: DEAD_CODE (priority=80), COPY_PROPAGATIONx10 (priority=50)
  [PROPOSE] Applying DEAD_CODE at instruction 7: v = t4 → (removed)
  [VERIFY]  PASS (differential: 25/25 inputs matched, symbolic: equivalent)
  [COST]    Before: 33.5, After: 31.0 (reduction: 7.5%)
  [ACCEPT]  ✓ Change accepted
--- Iteration 2 ---
  [ANALYZE] Found 10 opportunities: DEAD_CODE (priority=80), COPY_PROPAGATIONx9 (priority=50)
  [PROPOSE] Applying DEAD_CODE at instruction 6: t4 = e + t3 → (removed)
  [VERIFY]  PASS (differential: 25/25 inputs matched, symbolic: equivalent)
  [COST]    Before: 31.0, After: 27.5 (reduction: 11.3%)
  [ACCEPT]  ✓ Change accepted
--- Iteration 3 ---
  [ANALYZE] Found 9 opportunities: DEAD_CODEx2 (priority=80), COPY_PROPAGATIONx7 (priority=50)
  [PROPOSE] Applying DEAD_CODE at instruction 4: e = t2 → (removed)
  [VERIFY]  PASS (differential: 25/25 inputs matched, symbolic: equivalent)
  [COST]    Before: 27.5, After: 25.0 (reduction: 9.1%)
  [ACCEPT]  ✓ Change accepted
--- Iteration 4 ---
  [ANALYZE] Found 8 opportunities: DEAD_CODEx2 (priority=80), COPY_PROPAGATIONx6 (priority=50)
  [PROPOSE] Applying DEAD_CODE at instruction 3: t2 = q * t1 → (removed)
  [VERIFY]  PASS (differential: 25/25 inputs matched, symbolic: equivalent)
  [COST]    Before: 25.0, After: 21.5 (reduction: 14.0%)
  [ACCEPT]  ✓ Change accepted
--- Iteration 5 ---
  [ANALYZE] Found 7 opportunities: DEAD_CODEx2 (priority=80), COPY_PROPAGATIONx5 (priority=50)
  [PROPOSE] Applying DEAD_CODE at instruction 2: t1 = 20 → (removed)
  [VERIFY]  PASS (differential: 25/25 inputs matched, symbolic: equivalent)
  [COST]    Before: 21.5, After: 18.5 (reduction: 14.0%)
  [ACCEPT]  ✓ Change accepted
--- Iteration 6 ---
  [ANALYZE] Found 6 opportunities: DEAD_CODE (priority=80), COPY_PROPAGATIONx5 (priority=50)
  [PROPOSE] Applying DEAD_CODE at instruction 2: t3 = 4 → (removed)
  [VERIFY]  PASS (differential: 25/25 inputs matched, symbolic: equivalent)
  [COST]    Before: 18.5, After: 15.5 (reduction: 16.2%)
  [ACCEPT]  ✓ Change accepted
--- Iteration 7 ---
  [ANALYZE] Found 5 opportunities: COPY_PROPAGATIONx5 (priority=50)
  [PROPOSE] Applying COPY_PROPAGATION at instruction 0: t0 = 13 → uses of t0 -> 13 at instr 1
  [VERIFY]  PASS (differential: 25/25 inputs matched, symbolic: equivalent)
  [COST]    Before: 15.5, After: 12.5 (reduction: 19.4%)
  [ACCEPT]  ✓ Change accepted
--- Iteration 8 ---
  [ANALYZE] Found 4 opportunities: COPY_PROPAGATIONx4 (priority=50)
  [PROPOSE] Applying COPY_PROPAGATION at instruction 0: q = 13 → uses of q -> 13 at instr 2
  [VERIFY]  PASS (differential: 25/25 inputs matched, symbolic: equivalent)
  [COST]    Before: 12.5, After: 10.0 (reduction: 20.0%)
  [ACCEPT]  ✓ Change accepted
--- Iteration 9 ---
  [ANALYZE] Found 3 opportunities: COPY_PROPAGATIONx3 (priority=50)
  [PROPOSE] Applying COPY_PROPAGATION at instruction 0: t5 = 5 → uses of t5 -> 5 at instr 1
  [VERIFY]  PASS (differential: 25/25 inputs matched, symbolic: equivalent)
  [COST]    Before: 10.0, After: 7.0 (reduction: 30.0%)
  [ACCEPT]  ✓ Change accepted
--- Iteration 10 ---
  [ANALYZE] Found 3 opportunities: CONSTANT_FOLD (priority=100), COPY_PROPAGATIONx2 (priority=50)
  [PROPOSE] Applying CONSTANT_FOLD at instruction 0: t6 = 13 + 5 → t6 = 18
  [VERIFY]  PASS (differential: 25/25 inputs matched, symbolic: equivalent)
  [COST]    Before: 7.0, After: 6.5 (reduction: 7.1%)
  [ACCEPT]  ✓ Change accepted
--- Iteration 11 ---
  [ANALYZE] Found 2 opportunities: COPY_PROPAGATIONx2 (priority=50)
  [PROPOSE] Applying COPY_PROPAGATION at instruction 0: t6 = 18 → uses of t6 -> 18 at instr 1
  [VERIFY]  PASS (differential: 25/25 inputs matched, symbolic: equivalent)
  [COST]    Before: 6.5, After: 3.5 (reduction: 46.2%)
  [ACCEPT]  ✓ Change accepted
--- Iteration 12 ---
  [ANALYZE] Found 1 opportunity: COPY_PROPAGATION (priority=50)
  [PROPOSE] Applying COPY_PROPAGATION at instruction 0: c = 18 → uses of c -> 18 at instr 1
  [VERIFY]  PASS (differential: 25/25 inputs matched, symbolic: equivalent)
  [COST]    Before: 3.5, After: 1.0 (reduction: 71.4%)
  [ACCEPT]  ✓ Change accepted
--- Iteration 13 ---
  [ANALYZE] No more opportunities found.
=== RESULT ===
  Original cost: 33.5
  Final cost:    1.0
  Reduction:     97.0%
  Iterations:    13
  Accepted:      12
  Rejected:      0
  Invalid:       0
  Output match:  PASS ✓
=== Original TAC ===
   0 |     t0 = 13
   1 |     q = t0
   2 |     t1 = 20
   3 |     t2 = q * t1
   4 |     e = t2
   5 |     t3 = 4
   6 |     t4 = e + t3
   7 |     v = t4
   8 |     t5 = 5
   9 |     t6 = q + t5
  10 |     c = t6
  11 |     print c
=== Optimized TAC ===
  0 |     print 18
