=== Program: dead_code_046.src ===
--- Iteration 1 ---
  [ANALYZE] Found 18 opportunities: DEAD_CODEx2 (priority=80), COPY_PROPAGATIONx16 (priority=50)
  [PROPOSE] Applying DEAD_CODE at instruction 3: val = t1 → (removed)
  [VERIFY]  PASS (differential: 25/25 inputs matched, symbolic: equivalent)
  [COST]    Before: 53.5, After: 51.0 (reduction: 4.7%)
  [ACCEPT]  ✓ Change accepted
--- Iteration 2 ---
  [ANALYZE] Found 17 opportunities: DEAD_CODEx2 (priority=80), COPY_PROPAGATIONx15 (priority=50)
  [PROPOSE] Applying DEAD_CODE at instruction 2: t1 = 15 → (removed)
  [VERIFY]  PASS (differential: 25/25 inputs matched, symbolic: equivalent)
  [COST]    Before: 51.0, After: 48.0 (reduction: 5.9%)
  [ACCEPT]  ✓ Change accepted
--- Iteration 3 ---
  [ANALYZE] Found 16 opportunities: DEAD_CODE (priority=80), COPY_PROPAGATIONx15 (priority=50)
  [PROPOSE] Applying DEAD_CODE at instruction 12: q = t8 → (removed)
  [VERIFY]  PASS (differential: 25/25 inputs matched, symbolic: equivalent)
  [COST]    Before: 48.0, After: 45.5 (reduction: 5.2%)
  [ACCEPT]  ✓ Change accepted
--- Iteration 4 ---
  [ANALYZE] Found 15 opportunities: DEAD_CODE (priority=80), COPY_PROPAGATIONx14 (priority=50)
  [PROPOSE] Applying DEAD_CODE at instruction 11: t8 = 71 → (removed)
  [VERIFY]  PASS (differential: 25/25 inputs matched, symbolic: equivalent)
  [COST]    Before: 45.5, After: 42.5 (reduction: 6.6%)
  [ACCEPT]  ✓ Change accepted
--- Iteration 5 ---
  [ANALYZE] Found 14 opportunities: COPY_PROPAGATIONx14 (priority=50)
  [PROPOSE] Applying COPY_PROPAGATION at instruction 0: t0 = 9 → uses of t0 -> 9 at instr 1
  [VERIFY]  PASS (differential: 25/25 inputs matched, symbolic: equivalent)
  [COST]    Before: 42.5, After: 39.5 (reduction: 7.1%)
  [ACCEPT]  ✓ Change accepted
--- Iteration 6 ---
  [ANALYZE] Found 13 opportunities: COPY_PROPAGATIONx13 (priority=50)
  [PROPOSE] Applying COPY_PROPAGATION at instruction 0: s = 9 → uses of s -> 9 at instr 2
  [VERIFY]  PASS (differential: 25/25 inputs matched, symbolic: equivalent)
  [COST]    Before: 39.5, After: 37.0 (reduction: 6.3%)
  [ACCEPT]  ✓ Change accepted
--- Iteration 7 ---
  [ANALYZE] Found 12 opportunities: COPY_PROPAGATIONx12 (priority=50)
  [PROPOSE] Applying COPY_PROPAGATION at instruction 0: t2 = 3 → uses of t2 -> 3 at instr 1
  [VERIFY]  PASS (differential: 25/25 inputs matched, symbolic: equivalent)
  [COST]    Before: 37.0, After: 34.0 (reduction: 8.1%)
  [ACCEPT]  ✓ Change accepted
--- Iteration 8 ---
  [ANALYZE] Found 12 opportunities: CONSTANT_FOLD (priority=100), COPY_PROPAGATIONx11 (priority=50)
  [PROPOSE] Applying CONSTANT_FOLD at instruction 0: t3 = 9 + 3 → t3 = 12
  [VERIFY]  PASS (differential: 25/25 inputs matched, symbolic: equivalent)
  [COST]    Before: 34.0, After: 33.5 (reduction: 1.5%)
  [ACCEPT]  ✓ Change accepted
--- Iteration 9 ---
  [ANALYZE] Found 11 opportunities: COPY_PROPAGATIONx11 (priority=50)
  [PROPOSE] Applying COPY_PROPAGATION at instruction 0: t3 = 12 → uses of t3 -> 12 at instr 1
  [VERIFY]  PASS (differential: 25/25 inputs matched, symbolic: equivalent)
  [COST]    Before: 33.5, After: 30.5 (reduction: 9.0%)
  [ACCEPT]  ✓ Change accepted
--- Iteration 10 ---
  [ANALYZE] Found 10 opportunities: COPY_PROPAGATIONx10 (priority=50)
  [PROPOSE] Applying COPY_PROPAGATION at instruction 0: f = 12 → uses of f -> 12 at instr 2
  [VERIFY]  PASS (differential: 25/25 inputs matched, symbolic: equivalent)
  [COST]    Before: 30.5, After: 28.0 (reduction: 8.2%)
  [ACCEPT]  ✓ Change accepted
--- Iteration 11 ---
  [ANALYZE] Found 9 opportunities: COPY_PROPAGATIONx9 (priority=50)
  [PROPOSE] Applying COPY_PROPAGATION at instruction 0: t4 = 8 → uses of t4 -> 8 at instr 1
  [VERIFY]  PASS (differential: 25/25 inputs matched, symbolic: equivalent)
  [COST]    Before: 28.0, After: 25.0 (reduction: 10.7%)
  [ACCEPT]  ✓ Change accepted
--- Iteration 12 ---
  [ANALYZE] Found 9 opportunities: CONSTANT_FOLD (priority=100), COPY_PROPAGATIONx8 (priority=50)
  [PROPOSE] Applying CONSTANT_FOLD at instruction 0: t5 = 12 - 8 → t5 = 4
  [VERIFY]  PASS (differential: 25/25 inputs matched, symbolic: equivalent)
  [COST]    Before: 25.0, After: 24.5 (reduction: 2.0%)
  [ACCEPT]  ✓ Change accepted
--- Iteration 13 ---
  [ANALYZE] Found 8 opportunities: COPY_PROPAGATIONx8 (priority=50)
  [PROPOSE] Applying COPY_PROPAGATION at instruction 0: t5 = 4 → uses of t5 -> 4 at instr 1
  [VERIFY]  PASS (differential: 25/25 inputs matched, symbolic: equivalent)
  [COST]    Before: 24.5, After: 21.5 (reduction: 12.2%)
  [ACCEPT]  ✓ Change accepted
--- Iteration 14 ---
  [ANALYZE] Found 7 opportunities: COPY_PROPAGATIONx7 (priority=50)
  [PROPOSE] Applying COPY_PROPAGATION at instruction 0: b = 4 → uses of b -> 4 at instr 2
  [VERIFY]  PASS (differential: 25/25 inputs matched, symbolic: equivalent)
  [COST]    Before: 21.5, After: 19.0 (reduction: 11.6%)
  [ACCEPT]  ✓ Change accepted
--- Iteration 15 ---
  [ANALYZE] Found 6 opportunities: COPY_PROPAGATIONx6 (priority=50)
  [PROPOSE] Applying COPY_PROPAGATION at instruction 0: t6 = 4 → uses of t6 -> 4 at instr 1
  [VERIFY]  PASS (differential: 25/25 inputs matched, symbolic: equivalent)
  [COST]    Before: 19.0, After: 16.0 (reduction: 15.8%)
  [ACCEPT]  ✓ Change accepted
--- Iteration 16 ---
  [ANALYZE] Found 6 opportunities: CONSTANT_FOLD (priority=100), COPY_PROPAGATIONx5 (priority=50)
  [PROPOSE] Applying CONSTANT_FOLD at instruction 0: t7 = 4 - 4 → t7 = 0
  [VERIFY]  PASS (differential: 25/25 inputs matched, symbolic: equivalent)
  [COST]    Before: 16.0, After: 15.5 (reduction: 3.1%)
  [ACCEPT]  ✓ Change accepted
--- Iteration 17 ---
  [ANALYZE] Found 5 opportunities: COPY_PROPAGATIONx5 (priority=50)
  [PROPOSE] Applying COPY_PROPAGATION at instruction 0: t7 = 0 → uses of t7 -> 0 at instr 1
  [VERIFY]  PASS (differential: 25/25 inputs matched, symbolic: equivalent)
  [COST]    Before: 15.5, After: 12.5 (reduction: 19.4%)
  [ACCEPT]  ✓ Change accepted
--- Iteration 18 ---
  [ANALYZE] Found 4 opportunities: COPY_PROPAGATIONx4 (priority=50)
  [PROPOSE] Applying COPY_PROPAGATION at instruction 0: d = 0 → uses of d -> 0 at instr 2
  [VERIFY]  PASS (differential: 25/25 inputs matched, symbolic: equivalent)
  [COST]    Before: 12.5, After: 10.0 (reduction: 20.0%)
  [ACCEPT]  ✓ Change accepted
--- Iteration 19 ---
  [ANALYZE] Found 4 opportunities: ALGEBRAIC_SIMPLIFY (priority=90), COPY_PROPAGATIONx3 (priority=50)
  [PROPOSE] Applying ALGEBRAIC_SIMPLIFY at instruction 1: t10 = 0 + t9 → t10 = t9
  [VERIFY]  PASS (differential: 25/25 inputs matched, symbolic: equivalent)
  [COST]    Before: 10.0, After: 9.5 (reduction: 5.0%)
  [ACCEPT]  ✓ Change accepted
--- Iteration 20 ---
  [ANALYZE] Found 3 opportunities: COPY_PROPAGATIONx3 (priority=50)
  [PROPOSE] Applying COPY_PROPAGATION at instruction 0: t9 = 10 → uses of t9 -> 10 at instr 1
  [VERIFY]  PASS (differential: 25/25 inputs matched, symbolic: equivalent)
  [COST]    Before: 9.5, After: 6.5 (reduction: 31.6%)
  [ACCEPT]  ✓ Change accepted
--- Iteration 21 ---
  [ANALYZE] Found 2 opportunities: COPY_PROPAGATIONx2 (priority=50)
  [PROPOSE] Applying COPY_PROPAGATION at instruction 0: t10 = 10 → uses of t10 -> 10 at instr 1
  [VERIFY]  PASS (differential: 25/25 inputs matched, symbolic: equivalent)
  [COST]    Before: 6.5, After: 3.5 (reduction: 46.2%)
  [ACCEPT]  ✓ Change accepted
--- Iteration 22 ---
  [ANALYZE] Found 1 opportunity: COPY_PROPAGATION (priority=50)
  [PROPOSE] Applying COPY_PROPAGATION at instruction 0: v = 10 → uses of v -> 10 at instr 1
  [VERIFY]  PASS (differential: 25/25 inputs matched, symbolic: equivalent)
  [COST]    Before: 3.5, After: 1.0 (reduction: 71.4%)
  [ACCEPT]  ✓ Change accepted
--- Iteration 23 ---
  [ANALYZE] No more opportunities found.
=== RESULT ===
  Original cost: 53.5
  Final cost:    1.0
  Reduction:     98.1%
  Iterations:    23
  Accepted:      22
  Rejected:      0
  Invalid:       0
  Output match:  PASS ✓
=== Original TAC ===
   0 |     t0 = 9
   1 |     s = t0
   2 |     t1 = 15
   3 |     val = t1
   4 |     t2 = 3
   5 |     t3 = s + t2
   6 |     f = t3
   7 |     t4 = 8
   8 |     t5 = f - t4
   9 |     b = t5
  10 |     t6 = 4
  11 |     t7 = b - t6
  12 |     d = t7
  13 |     t8 = 71
  14 |     q = t8
  15 |     t9 = 10
  16 |     t10 = d + t9
  17 |     v = t10
  18 |     print v
=== Optimized TAC ===
  0 |     print 10
