=== Program: dead_code_024.src ===
--- Iteration 1 ---
  [ANALYZE] Found 22 opportunities: DEAD_CODEx5 (priority=80), COPY_PROPAGATIONx17 (priority=50)
  [PROPOSE] Applying DEAD_CODE at instruction 4: n = t2 → (removed)
  [VERIFY]  PASS (differential: 25/25 inputs matched, symbolic: equivalent)
  [COST]    Before: 64.5, After: 62.0 (reduction: 3.9%)
  [ACCEPT]  ✓ Change accepted
--- Iteration 2 ---
  [ANALYZE] Found 21 opportunities: DEAD_CODEx5 (priority=80), COPY_PROPAGATIONx16 (priority=50)
  [PROPOSE] Applying DEAD_CODE at instruction 3: t2 = v + t1 → (removed)
  [VERIFY]  PASS (differential: 25/25 inputs matched, symbolic: equivalent)
  [COST]    Before: 62.0, After: 58.5 (reduction: 5.6%)
  [ACCEPT]  ✓ Change accepted
--- Iteration 3 ---
  [ANALYZE] Found 20 opportunities: DEAD_CODEx5 (priority=80), COPY_PROPAGATIONx15 (priority=50)
  [PROPOSE] Applying DEAD_CODE at instruction 2: t1 = 4 → (removed)
  [VERIFY]  PASS (differential: 25/25 inputs matched, symbolic: equivalent)
  [COST]    Before: 58.5, After: 55.5 (reduction: 5.1%)
  [ACCEPT]  ✓ Change accepted
--- Iteration 4 ---
  [ANALYZE] Found 19 opportunities: DEAD_CODEx4 (priority=80), COPY_PROPAGATIONx15 (priority=50)
  [PROPOSE] Applying DEAD_CODE at instruction 4: z = t4 → (removed)
  [VERIFY]  PASS (differential: 25/25 inputs matched, symbolic: equivalent)
  [COST]    Before: 55.5, After: 53.0 (reduction: 4.5%)
  [ACCEPT]  ✓ Change accepted
--- Iteration 5 ---
  [ANALYZE] Found 18 opportunities: DEAD_CODEx4 (priority=80), COPY_PROPAGATIONx14 (priority=50)
  [PROPOSE] Applying DEAD_CODE at instruction 3: t4 = v * t3 → (removed)
  [VERIFY]  PASS (differential: 25/25 inputs matched, symbolic: equivalent)
  [COST]    Before: 53.0, After: 49.5 (reduction: 6.6%)
  [ACCEPT]  ✓ Change accepted
--- Iteration 6 ---
  [ANALYZE] Found 17 opportunities: DEAD_CODEx5 (priority=80), COPY_PROPAGATIONx12 (priority=50)
  [PROPOSE] Applying DEAD_CODE at instruction 1: v = t0 → (removed)
  [VERIFY]  PASS (differential: 25/25 inputs matched, symbolic: equivalent)
  [COST]    Before: 49.5, After: 47.0 (reduction: 5.1%)
  [ACCEPT]  ✓ Change accepted
--- Iteration 7 ---
  [ANALYZE] Found 16 opportunities: DEAD_CODEx5 (priority=80), COPY_PROPAGATIONx11 (priority=50)
  [PROPOSE] Applying DEAD_CODE at instruction 0: t0 = 20 → (removed)
  [VERIFY]  PASS (differential: 25/25 inputs matched, symbolic: equivalent)
  [COST]    Before: 47.0, After: 44.0 (reduction: 6.4%)
  [ACCEPT]  ✓ Change accepted
--- Iteration 8 ---
  [ANALYZE] Found 15 opportunities: DEAD_CODEx4 (priority=80), COPY_PROPAGATIONx11 (priority=50)
  [PROPOSE] Applying DEAD_CODE at instruction 0: t3 = 8 → (removed)
  [VERIFY]  PASS (differential: 25/25 inputs matched, symbolic: equivalent)
  [COST]    Before: 44.0, After: 41.0 (reduction: 6.8%)
  [ACCEPT]  ✓ Change accepted
--- Iteration 9 ---
  [ANALYZE] Found 14 opportunities: DEAD_CODEx3 (priority=80), COPY_PROPAGATIONx11 (priority=50)
  [PROPOSE] Applying DEAD_CODE at instruction 1: p = t5 → (removed)
  [VERIFY]  PASS (differential: 25/25 inputs matched, symbolic: equivalent)
  [COST]    Before: 41.0, After: 38.5 (reduction: 6.1%)
  [ACCEPT]  ✓ Change accepted
--- Iteration 10 ---
  [ANALYZE] Found 13 opportunities: DEAD_CODEx3 (priority=80), COPY_PROPAGATIONx10 (priority=50)
  [PROPOSE] Applying DEAD_CODE at instruction 0: t5 = 15 → (removed)
  [VERIFY]  PASS (differential: 25/25 inputs matched, symbolic: equivalent)
  [COST]    Before: 38.5, After: 35.5 (reduction: 7.8%)
  [ACCEPT]  ✓ Change accepted
--- Iteration 11 ---
  [ANALYZE] Found 12 opportunities: DEAD_CODEx2 (priority=80), COPY_PROPAGATIONx10 (priority=50)
  [PROPOSE] Applying DEAD_CODE at instruction 1: acc = t6 → (removed)
  [VERIFY]  PASS (differential: 25/25 inputs matched, symbolic: equivalent)
  [COST]    Before: 35.5, After: 33.0 (reduction: 7.0%)
  [ACCEPT]  ✓ Change accepted
--- Iteration 12 ---
  [ANALYZE] Found 11 opportunities: DEAD_CODEx2 (priority=80), COPY_PROPAGATIONx9 (priority=50)
  [PROPOSE] Applying DEAD_CODE at instruction 0: t6 = 52 → (removed)
  [VERIFY]  PASS (differential: 25/25 inputs matched, symbolic: equivalent)
  [COST]    Before: 33.0, After: 30.0 (reduction: 9.1%)
  [ACCEPT]  ✓ Change accepted
--- Iteration 13 ---
  [ANALYZE] Found 10 opportunities: DEAD_CODE (priority=80), COPY_PROPAGATIONx9 (priority=50)
  [PROPOSE] Applying DEAD_CODE at instruction 1: q = t7 → (removed)
  [VERIFY]  PASS (differential: 25/25 inputs matched, symbolic: equivalent)
  [COST]    Before: 30.0, After: 27.5 (reduction: 8.3%)
  [ACCEPT]  ✓ Change accepted
--- Iteration 14 ---
  [ANALYZE] Found 9 opportunities: DEAD_CODE (priority=80), COPY_PROPAGATIONx8 (priority=50)
  [PROPOSE] Applying DEAD_CODE at instruction 0: t7 = 61 → (removed)
  [VERIFY]  PASS (differential: 25/25 inputs matched, symbolic: equivalent)
  [COST]    Before: 27.5, After: 24.5 (reduction: 10.9%)
  [ACCEPT]  ✓ Change accepted
--- Iteration 15 ---
  [ANALYZE] Found 8 opportunities: COPY_PROPAGATIONx8 (priority=50)
  [PROPOSE] Applying COPY_PROPAGATION at instruction 0: t8 = 73 → uses of t8 -> 73 at instr 1
  [VERIFY]  PASS (differential: 25/25 inputs matched, symbolic: equivalent)
  [COST]    Before: 24.5, After: 21.5 (reduction: 12.2%)
  [ACCEPT]  ✓ Change accepted
--- Iteration 16 ---
  [ANALYZE] Found 7 opportunities: COPY_PROPAGATIONx7 (priority=50)
  [PROPOSE] Applying COPY_PROPAGATION at instruction 0: v = 73 → uses of v -> 73 at instr 2
  [VERIFY]  PASS (differential: 25/25 inputs matched, symbolic: equivalent)
  [COST]    Before: 21.5, After: 19.0 (reduction: 11.6%)
  [ACCEPT]  ✓ Change accepted
--- Iteration 17 ---
  [ANALYZE] Found 6 opportunities: COPY_PROPAGATIONx6 (priority=50)
  [PROPOSE] Applying COPY_PROPAGATION at instruction 0: t9 = 1 → uses of t9 -> 1 at instr 1
  [VERIFY]  PASS (differential: 25/25 inputs matched, symbolic: equivalent)
  [COST]    Before: 19.0, After: 16.0 (reduction: 15.8%)
  [ACCEPT]  ✓ Change accepted
--- Iteration 18 ---
  [ANALYZE] Found 6 opportunities: CONSTANT_FOLD (priority=100), COPY_PROPAGATIONx5 (priority=50)
  [PROPOSE] Applying CONSTANT_FOLD at instruction 0: t10 = 73 + 1 → t10 = 74
  [VERIFY]  PASS (differential: 25/25 inputs matched, symbolic: equivalent)
  [COST]    Before: 16.0, After: 15.5 (reduction: 3.1%)
  [ACCEPT]  ✓ Change accepted
--- Iteration 19 ---
  [ANALYZE] Found 5 opportunities: COPY_PROPAGATIONx5 (priority=50)
  [PROPOSE] Applying COPY_PROPAGATION at instruction 0: t10 = 74 → uses of t10 -> 74 at instr 1
  [VERIFY]  PASS (differential: 25/25 inputs matched, symbolic: equivalent)
  [COST]    Before: 15.5, After: 12.5 (reduction: 19.4%)
  [ACCEPT]  ✓ Change accepted
--- Iteration 20 ---
  [ANALYZE] Found 4 opportunities: COPY_PROPAGATIONx4 (priority=50)
  [PROPOSE] Applying COPY_PROPAGATION at instruction 0: v = 74 → uses of v -> 74 at instr 2
  [VERIFY]  PASS (differential: 25/25 inputs matched, symbolic: equivalent)
  [COST]    Before: 12.5, After: 10.0 (reduction: 20.0%)
  [ACCEPT]  ✓ Change accepted
--- Iteration 21 ---
  [ANALYZE] Found 3 opportunities: COPY_PROPAGATIONx3 (priority=50)
  [PROPOSE] Applying COPY_PROPAGATION at instruction 0: t11 = 12 → uses of t11 -> 12 at instr 1
  [VERIFY]  PASS (differential: 25/25 inputs matched, symbolic: equivalent)
  [COST]    Before: 10.0, After: 7.0 (reduction: 30.0%)
  [ACCEPT]  ✓ Change accepted
--- Iteration 22 ---
  [ANALYZE] Found 3 opportunities: CONSTANT_FOLD (priority=100), COPY_PROPAGATIONx2 (priority=50)
  [PROPOSE] Applying CONSTANT_FOLD at instruction 0: t12 = 74 + 12 → t12 = 86
  [VERIFY]  PASS (differential: 25/25 inputs matched, symbolic: equivalent)
  [COST]    Before: 7.0, After: 6.5 (reduction: 7.1%)
  [ACCEPT]  ✓ Change accepted
--- Iteration 23 ---
  [ANALYZE] Found 2 opportunities: COPY_PROPAGATIONx2 (priority=50)
  [PROPOSE] Applying COPY_PROPAGATION at instruction 0: t12 = 86 → uses of t12 -> 86 at instr 1
  [VERIFY]  PASS (differential: 25/25 inputs matched, symbolic: equivalent)
  [COST]    Before: 6.5, After: 3.5 (reduction: 46.2%)
  [ACCEPT]  ✓ Change accepted
--- Iteration 24 ---
  [ANALYZE] Found 1 opportunity: COPY_PROPAGATION (priority=50)
  [PROPOSE] Applying COPY_PROPAGATION at instruction 0: a = 86 → uses of a -> 86 at instr 1
  [VERIFY]  PASS (differential: 25/25 inputs matched, symbolic: equivalent)
  [COST]    Before: 3.5, After: 1.0 (reduction: 71.4%)
  [ACCEPT]  ✓ Change accepted
--- Iteration 25 ---
  [ANALYZE] No more opportunities found.
=== RESULT ===
  Original cost: 64.5
  Final cost:    1.0
  Reduction:     98.4%
  Iterations:    25
  Accepted:      24
  Rejected:      0
  Invalid:       0
  Output match:  PASS ✓
=== Original TAC ===
   0 |     t0 = 20
   1 |     v = t0
   2 |     t1 = 4
   3 |     t2 = v + t1
   4 |     n = t2
   5 |     t3 = 8
   6 |     t4 = v * t3
   7 |     z = t4
   8 |     t5 = 15
   9 |     p = t5
  10 |     t6 = 52
  11 |     acc = t6
  12 |     t7 = 61
  13 |     q = t7
  14 |     t8 = 73
  15 |     v = t8
  16 |     t9 = 1
  17 |     t10 = v + t9
  18 |     v = t10
  19 |     t11 = 12
  20 |     t12 = v + t11
  21 |     a = t12
  22 |     print a
=== Optimized TAC ===
  0 |     print 86
