=== Program: loops_051.src ===
--- Iteration 1 ---
  [ANALYZE] Found 19 opportunities: COPY_PROPAGATIONx19 (priority=50)
  [PROPOSE] Applying COPY_PROPAGATION at instruction 0: t0 = 1 → uses of t0 -> 1 at instr 1
  [VERIFY]  PASS (differential: 25/25 inputs matched, symbolic: skipped (control flow))
  [COST]    Before: 104.0, After: 101.0 (reduction: 2.9%)
  [ACCEPT]  ✓ Change accepted
--- Iteration 2 ---
  [ANALYZE] Found 18 opportunities: COPY_PROPAGATIONx18 (priority=50)
  [PROPOSE] Applying COPY_PROPAGATION at instruction 1: t1 = 0 → uses of t1 -> 0 at instr 2
  [VERIFY]  PASS (differential: 25/25 inputs matched, symbolic: skipped (control flow))
  [COST]    Before: 101.0, After: 98.0 (reduction: 3.0%)
  [ACCEPT]  ✓ Change accepted
--- Iteration 3 ---
  [ANALYZE] Found 17 opportunities: COPY_PROPAGATIONx17 (priority=50)
  [PROPOSE] Applying COPY_PROPAGATION at instruction 2: t2 = 0 → uses of t2 -> 0 at instr 3
  [VERIFY]  PASS (differential: 25/25 inputs matched, symbolic: skipped (control flow))
  [COST]    Before: 98.0, After: 95.0 (reduction: 3.1%)
  [ACCEPT]  ✓ Change accepted
--- Iteration 4 ---
  [ANALYZE] Found 16 opportunities: COPY_PROPAGATIONx16 (priority=50)
  [PROPOSE] Applying COPY_PROPAGATION at instruction 4: t3 = 5 → uses of t3 -> 5 at instr 5
  [VERIFY]  PASS (differential: 25/25 inputs matched, symbolic: skipped (control flow))
  [COST]    Before: 95.0, After: 92.0 (reduction: 3.2%)
  [ACCEPT]  ✓ Change accepted
--- Iteration 5 ---
  [ANALYZE] Found 15 opportunities: COPY_PROPAGATIONx15 (priority=50)
  [PROPOSE] Applying COPY_PROPAGATION at instruction 6: t5 = 1 → uses of t5 -> 1 at instr 8
  [VERIFY]  PASS (differential: 25/25 inputs matched, symbolic: skipped (control flow))
  [COST]    Before: 92.0, After: 89.0 (reduction: 3.3%)
  [ACCEPT]  ✓ Change accepted
--- Iteration 6 ---
  [ANALYZE] Found 14 opportunities: COPY_PROPAGATIONx14 (priority=50)
  [PROPOSE] Applying COPY_PROPAGATION at instruction 6: t6 = 1 → uses of t6 -> 1 at instr 7
  [VERIFY]  PASS (differential: 25/25 inputs matched, symbolic: skipped (control flow))
  [COST]    Before: 89.0, After: 86.0 (reduction: 3.4%)
  [ACCEPT]  ✓ Change accepted
--- Iteration 7 ---
  [ANALYZE] Found 14 opportunities: CONSTANT_FOLD (priority=100), COPY_PROPAGATIONx13 (priority=50)
  [PROPOSE] Applying CONSTANT_FOLD at instruction 6: t7 = 1 + 1 → t7 = 2
  [VERIFY]  PASS (differential: 25/25 inputs matched, symbolic: skipped (control flow))
  [COST]    Before: 86.0, After: 85.5 (reduction: 0.6%)
  [ACCEPT]  ✓ Change accepted
--- Iteration 8 ---
  [ANALYZE] Found 13 opportunities: COPY_PROPAGATIONx13 (priority=50)
  [PROPOSE] Applying COPY_PROPAGATION at instruction 6: t7 = 2 → uses of t7 -> 2 at instr 7
  [VERIFY]  PASS (differential: 25/25 inputs matched, symbolic: skipped (control flow))
  [COST]    Before: 85.5, After: 82.5 (reduction: 3.5%)
  [ACCEPT]  ✓ Change accepted
--- Iteration 9 ---
  [ANALYZE] Found 12 opportunities: COPY_PROPAGATIONx12 (priority=50)
  [PROPOSE] Applying COPY_PROPAGATION at instruction 6: q = 2 → uses of q -> 2 at instr 7
  [VERIFY]  PASS (differential: 25/25 inputs matched, symbolic: skipped (control flow))
  [COST]    Before: 82.5, After: 80.0 (reduction: 3.0%)
  [ACCEPT]  ✓ Change accepted
--- Iteration 10 ---
  [ANALYZE] Found 12 opportunities: STRENGTH_REDUCTION (priority=60), COPY_PROPAGATIONx11 (priority=50)
  [PROPOSE] Applying STRENGTH_REDUCTION at instruction 6: t8 = prod * 2 → t8 = prod + prod
  [VERIFY]  PASS (differential: 25/25 inputs matched, symbolic: skipped (control flow))
  [COST]    Before: 80.0, After: 80.0 (reduction: 0.0%)
  [REJECT]  ✗ Change rejected: No cost improvement
--- Iteration 11 ---
  [ANALYZE] Found 11 opportunities: COPY_PROPAGATIONx11 (priority=50)
  [PROPOSE] Applying COPY_PROPAGATION at instruction 7: t8 = prod * 2; prod = t8 → prod = prod * 2
  [VERIFY]  PASS (differential: 25/25 inputs matched, symbolic: skipped (control flow))
  [COST]    Before: 80.0, After: 77.0 (reduction: 3.8%)
  [ACCEPT]  ✓ Change accepted
--- Iteration 12 ---
  [ANALYZE] Found 11 opportunities: STRENGTH_REDUCTION (priority=60), COPY_PROPAGATIONx10 (priority=50)
  [PROPOSE] Applying STRENGTH_REDUCTION at instruction 6: prod = prod * 2 → prod = prod + prod
  [VERIFY]  PASS (differential: 25/25 inputs matched, symbolic: skipped (control flow))
  [COST]    Before: 77.0, After: 77.0 (reduction: 0.0%)
  [REJECT]  ✗ Change rejected: No cost improvement
--- Iteration 13 ---
  [ANALYZE] Found 10 opportunities: COPY_PROPAGATIONx10 (priority=50)
  [PROPOSE] Applying COPY_PROPAGATION at instruction 7: t9 = 0 → uses of t9 -> 0 at instr 8
  [VERIFY]  PASS (differential: 25/25 inputs matched, symbolic: skipped (control flow))
  [COST]    Before: 77.0, After: 74.0 (reduction: 3.9%)
  [ACCEPT]  ✓ Change accepted
--- Iteration 14 ---
  [ANALYZE] Found 10 opportunities: STRENGTH_REDUCTION (priority=60), COPY_PROPAGATIONx9 (priority=50)
  [PROPOSE] Applying STRENGTH_REDUCTION at instruction 6: prod = prod * 2 → prod = prod + prod
  [VERIFY]  PASS (differential: 25/25 inputs matched, symbolic: skipped (control flow))
  [COST]    Before: 74.0, After: 74.0 (reduction: 0.0%)
  [REJECT]  ✗ Change rejected: No cost improvement
--- Iteration 15 ---
  [ANALYZE] Found 9 opportunities: COPY_PROPAGATIONx9 (priority=50)
  [PROPOSE] Applying COPY_PROPAGATION at instruction 9: t10 = 2 → uses of t10 -> 2 at instr 10
  [VERIFY]  PASS (differential: 25/25 inputs matched, symbolic: skipped (control flow))
  [COST]    Before: 74.0, After: 71.0 (reduction: 4.1%)
  [ACCEPT]  ✓ Change accepted
--- Iteration 16 ---
  [ANALYZE] Found 9 opportunities: STRENGTH_REDUCTION (priority=60), COPY_PROPAGATIONx8 (priority=50)
  [PROPOSE] Applying STRENGTH_REDUCTION at instruction 6: prod = prod * 2 → prod = prod + prod
  [VERIFY]  PASS (differential: 25/25 inputs matched, symbolic: skipped (control flow))
  [COST]    Before: 71.0, After: 71.0 (reduction: 0.0%)
  [REJECT]  ✗ Change rejected: No cost improvement
--- Iteration 17 ---
  [ANALYZE] Found 8 opportunities: COPY_PROPAGATIONx8 (priority=50)
  [PROPOSE] Applying COPY_PROPAGATION at instruction 11: t12 = 2 → uses of t12 -> 2 at instr 12
  [VERIFY]  PASS (differential: 25/25 inputs matched, symbolic: skipped (control flow))
  [COST]    Before: 71.0, After: 68.0 (reduction: 4.2%)
  [ACCEPT]  ✓ Change accepted
--- Iteration 18 ---
  [ANALYZE] Found 8 opportunities: STRENGTH_REDUCTION (priority=60), COPY_PROPAGATIONx7 (priority=50)
  [PROPOSE] Applying STRENGTH_REDUCTION at instruction 6: prod = prod * 2 → prod = prod + prod
  [VERIFY]  PASS (differential: 25/25 inputs matched, symbolic: skipped (control flow))
  [COST]    Before: 68.0, After: 68.0 (reduction: 0.0%)
  [REJECT]  ✗ Change rejected: No cost improvement
--- Iteration 19 ---
  [ANALYZE] Found 7 opportunities: COPY_PROPAGATIONx7 (priority=50)
  [PROPOSE] Applying COPY_PROPAGATION at instruction 12: t14 = 1 → uses of t14 -> 1 at instr 13
  [VERIFY]  PASS (differential: 25/25 inputs matched, symbolic: skipped (control flow))
  [COST]    Before: 68.0, After: 65.0 (reduction: 4.4%)
  [ACCEPT]  ✓ Change accepted
--- Iteration 20 ---
  [ANALYZE] Found 7 opportunities: STRENGTH_REDUCTION (priority=60), COPY_PROPAGATIONx6 (priority=50)
  [PROPOSE] Applying STRENGTH_REDUCTION at instruction 6: prod = prod * 2 → prod = prod + prod
  [VERIFY]  PASS (differential: 25/25 inputs matched, symbolic: skipped (control flow))
  [COST]    Before: 65.0, After: 65.0 (reduction: 0.0%)
  [REJECT]  ✗ Change rejected: No cost improvement
--- Iteration 21 ---
  [ANALYZE] Found 6 opportunities: COPY_PROPAGATIONx6 (priority=50)
  [PROPOSE] Applying COPY_PROPAGATION at instruction 13: t15 = t13 - 1; k = t15 → k = t13 - 1
  [VERIFY]  PASS (differential: 25/25 inputs matched, symbolic: skipped (control flow))
  [COST]    Before: 65.0, After: 62.0 (reduction: 4.6%)
  [ACCEPT]  ✓ Change accepted
--- Iteration 22 ---
  [ANALYZE] Found 6 opportunities: STRENGTH_REDUCTION (priority=60), COPY_PROPAGATIONx5 (priority=50)
  [PROPOSE] Applying STRENGTH_REDUCTION at instruction 6: prod = prod * 2 → prod = prod + prod
  [VERIFY]  PASS (differential: 25/25 inputs matched, symbolic: skipped (control flow))
  [COST]    Before: 62.0, After: 62.0 (reduction: 0.0%)
  [REJECT]  ✗ Change rejected: No cost improvement
--- Iteration 23 ---
  [ANALYZE] Found 5 opportunities: COPY_PROPAGATIONx5 (priority=50)
  [PROPOSE] Applying COPY_PROPAGATION at instruction 13: t16 = 1 → uses of t16 -> 1 at instr 14
  [VERIFY]  PASS (differential: 25/25 inputs matched, symbolic: skipped (control flow))
  [COST]    Before: 62.0, After: 59.0 (reduction: 4.8%)
  [ACCEPT]  ✓ Change accepted
--- Iteration 24 ---
  [ANALYZE] Found 5 opportunities: STRENGTH_REDUCTION (priority=60), COPY_PROPAGATIONx4 (priority=50)
  [PROPOSE] Applying STRENGTH_REDUCTION at instruction 6: prod = prod * 2 → prod = prod + prod
  [VERIFY]  PASS (differential: 25/25 inputs matched, symbolic: skipped (control flow))
  [COST]    Before: 59.0, After: 59.0 (reduction: 0.0%)
  [REJECT]  ✗ Change rejected: No cost improvement
--- Iteration 25 ---
  [ANALYZE] Found 4 opportunities: COPY_PROPAGATIONx4 (priority=50)
  [PROPOSE] Applying COPY_PROPAGATION at instruction 14: t17 = j + 1; j = t17 → j = j + 1
  [VERIFY]  PASS (differential: 25/25 inputs matched, symbolic: skipped (control flow))
  [COST]    Before: 59.0, After: 56.0 (reduction: 5.1%)
  [ACCEPT]  ✓ Change accepted
--- Iteration 26 ---
  [ANALYZE] Found 4 opportunities: STRENGTH_REDUCTION (priority=60), COPY_PROPAGATIONx3 (priority=50)
  [PROPOSE] Applying STRENGTH_REDUCTION at instruction 6: prod = prod * 2 → prod = prod + prod
  [VERIFY]  PASS (differential: 25/25 inputs matched, symbolic: skipped (control flow))
  [COST]    Before: 56.0, After: 56.0 (reduction: 0.0%)
  [REJECT]  ✗ Change rejected: No cost improvement
--- Iteration 27 ---
  [ANALYZE] Found 3 opportunities: COPY_PROPAGATIONx3 (priority=50)
  [PROPOSE] Applying COPY_PROPAGATION at instruction 16: t18 = 1 → uses of t18 -> 1 at instr 17
  [VERIFY]  PASS (differential: 25/25 inputs matched, symbolic: skipped (control flow))
  [COST]    Before: 56.0, After: 53.0 (reduction: 5.4%)
  [ACCEPT]  ✓ Change accepted
--- Iteration 28 ---
  [ANALYZE] Found 3 opportunities: STRENGTH_REDUCTION (priority=60), COPY_PROPAGATIONx2 (priority=50)
  [PROPOSE] Applying STRENGTH_REDUCTION at instruction 6: prod = prod * 2 → prod = prod + prod
  [VERIFY]  PASS (differential: 25/25 inputs matched, symbolic: skipped (control flow))
  [COST]    Before: 53.0, After: 53.0 (reduction: 0.0%)
  [REJECT]  ✗ Change rejected: No cost improvement
--- Iteration 29 ---
  [ANALYZE] Found 2 opportunities: COPY_PROPAGATIONx2 (priority=50)
  [PROPOSE] Applying COPY_PROPAGATION at instruction 17: t19 = i + 1; i = t19 → i = i + 1
  [VERIFY]  PASS (differential: 25/25 inputs matched, symbolic: skipped (control flow))
  [COST]    Before: 53.0, After: 50.0 (reduction: 5.7%)
  [ACCEPT]  ✓ Change accepted
--- Iteration 30 ---
  [ANALYZE] Found 2 opportunities: STRENGTH_REDUCTION (priority=60), COPY_PROPAGATION (priority=50)
  [PROPOSE] Applying STRENGTH_REDUCTION at instruction 6: prod = prod * 2 → prod = prod + prod
  [VERIFY]  PASS (differential: 25/25 inputs matched, symbolic: skipped (control flow))
  [COST]    Before: 50.0, After: 50.0 (reduction: 0.0%)
  [REJECT]  ✗ Change rejected: No cost improvement
--- Iteration 31 ---
  [ANALYZE] Found 1 opportunity: COPY_PROPAGATION (priority=50)
  [PROPOSE] Applying COPY_PROPAGATION at instruction 21: t20 = 4 → uses of t20 -> 4 at instr 22
  [VERIFY]  PASS (differential: 25/25 inputs matched, symbolic: skipped (control flow))
  [COST]    Before: 50.0, After: 47.0 (reduction: 6.0%)
  [ACCEPT]  ✓ Change accepted
--- Iteration 32 ---
  [ANALYZE] Found 2 opportunities: STRENGTH_REDUCTIONx2 (priority=60)
  [PROPOSE] Applying STRENGTH_REDUCTION at instruction 6: prod = prod * 2 → prod = prod + prod
  [VERIFY]  PASS (differential: 25/25 inputs matched, symbolic: skipped (control flow))
  [COST]    Before: 47.0, After: 47.0 (reduction: 0.0%)
  [REJECT]  ✗ Change rejected: No cost improvement
--- Iteration 33 ---
  [ANALYZE] Found 1 opportunity: STRENGTH_REDUCTION (priority=60)
  [PROPOSE] Applying STRENGTH_REDUCTION at instruction 21: t21 = prod * 4 → t21 = prod << 2
  [VERIFY]  PASS (differential: 25/25 inputs matched, symbolic: skipped (control flow))
  [COST]    Before: 47.0, After: 45.0 (reduction: 4.3%)
  [ACCEPT]  ✓ Change accepted
--- Iteration 34 ---
  [ANALYZE] Found 1 opportunity: STRENGTH_REDUCTION (priority=60)
  [PROPOSE] Applying STRENGTH_REDUCTION at instruction 6: prod = prod * 2 → prod = prod + prod
  [VERIFY]  PASS (differential: 25/25 inputs matched, symbolic: skipped (control flow))
  [COST]    Before: 45.0, After: 45.0 (reduction: 0.0%)
  [REJECT]  ✗ Change rejected: No cost improvement
--- Iteration 35 ---
  [ANALYZE] No more opportunities found.
=== RESULT ===
  Original cost: 104.0
  Final cost:    45.0
  Reduction:     56.7%
  Iterations:    35
  Accepted:      21
  Rejected:      13
  Invalid:       0
  Output match:  PASS ✓
=== Original TAC ===
   0 |     t0 = 1
   1 |     prod = t0
   2 |     t1 = 0
   3 |     k = t1
   4 |     t2 = 0
   5 |     i = t2
   6 | L0:
   7 |     t3 = 5
   8 |     t4 = i < t3
   9 |     ifFalse t4 goto L1
  10 |     t5 = 1
  11 |     t6 = 1
  12 |     t7 = t5 + t6
  13 |     q = t7
  14 |     t8 = prod * q
  15 |     prod = t8
  16 |     t9 = 0
  17 |     j = t9
  18 | L2:
  19 |     t10 = 2
  20 |     t11 = j < t10
  21 |     ifFalse t11 goto L3
  22 |     t12 = 2
  23 |     t13 = k + t12
  24 |     t14 = 1
  25 |     t15 = t13 - t14
  26 |     k = t15
  27 |     t16 = 1
  28 |     t17 = j + t16
  29 |     j = t17
  30 |     goto L2
  31 | L3:
  32 |     t18 = 1
  33 |     t19 = i + t18
  34 |     i = t19
  35 |     goto L0
  36 | L1:
  37 |     print prod
  38 |     print k
  39 |     t20 = 4
  40 |     t21 = prod * t20
  41 |     print t21
=== Optimized TAC ===
   0 |     prod = 1
   1 |     k = 0
   2 |     i = 0
   3 | L0:
   4 |     t4 = i < 5
   5 |     ifFalse t4 goto L1
   6 |     prod = prod * 2
   7 |     j = 0
   8 | L2:
   9 |     t11 = j < 2
  10 |     ifFalse t11 goto L3
  11 |     t13 = k + 2
  12 |     k = t13 - 1
  13 |     j = j + 1
  14 |     goto L2
  15 | L3:
  16 |     i = i + 1
  17 |     goto L0
  18 | L1:
  19 |     print prod
  20 |     print k
  21 |     t21 = prod << 2
  22 |     print t21
