=== Program: loops_076.src ===
--- Iteration 1 ---
  [ANALYZE] Found 11 opportunities: COPY_PROPAGATIONx11 (priority=50)
  [PROPOSE] Applying COPY_PROPAGATION at instruction 0: t0 = 1 → uses of t0 -> 1 at instr 1
  [VERIFY]  PASS (differential: 25/25 inputs matched, symbolic: skipped (control flow))
  [COST]    Before: 57.0, After: 54.0 (reduction: 5.3%)
  [ACCEPT]  ✓ Change accepted
--- Iteration 2 ---
  [ANALYZE] Found 10 opportunities: COPY_PROPAGATIONx10 (priority=50)
  [PROPOSE] Applying COPY_PROPAGATION at instruction 1: t1 = 0 → uses of t1 -> 0 at instr 2
  [VERIFY]  PASS (differential: 25/25 inputs matched, symbolic: skipped (control flow))
  [COST]    Before: 54.0, After: 51.0 (reduction: 5.6%)
  [ACCEPT]  ✓ Change accepted
--- Iteration 3 ---
  [ANALYZE] Found 9 opportunities: COPY_PROPAGATIONx9 (priority=50)
  [PROPOSE] Applying COPY_PROPAGATION at instruction 3: t2 = 4 → uses of t2 -> 4 at instr 4
  [VERIFY]  PASS (differential: 25/25 inputs matched, symbolic: skipped (control flow))
  [COST]    Before: 51.0, After: 48.0 (reduction: 5.9%)
  [ACCEPT]  ✓ Change accepted
--- Iteration 4 ---
  [ANALYZE] Found 8 opportunities: COPY_PROPAGATIONx8 (priority=50)
  [PROPOSE] Applying COPY_PROPAGATION at instruction 5: t4 = 3 → uses of t4 -> 3 at instr 7
  [VERIFY]  PASS (differential: 25/25 inputs matched, symbolic: skipped (control flow))
  [COST]    Before: 48.0, After: 45.0 (reduction: 6.2%)
  [ACCEPT]  ✓ Change accepted
--- Iteration 5 ---
  [ANALYZE] Found 7 opportunities: COPY_PROPAGATIONx7 (priority=50)
  [PROPOSE] Applying COPY_PROPAGATION at instruction 5: t5 = 0 → uses of t5 -> 0 at instr 6
  [VERIFY]  PASS (differential: 25/25 inputs matched, symbolic: skipped (control flow))
  [COST]    Before: 45.0, After: 42.0 (reduction: 6.7%)
  [ACCEPT]  ✓ Change accepted
--- Iteration 6 ---
  [ANALYZE] Found 7 opportunities: CONSTANT_FOLD (priority=100), COPY_PROPAGATIONx6 (priority=50)
  [PROPOSE] Applying CONSTANT_FOLD at instruction 5: t6 = 3 * 0 → t6 = 0
  [VERIFY]  PASS (differential: 25/25 inputs matched, symbolic: skipped (control flow))
  [COST]    Before: 42.0, After: 41.5 (reduction: 1.2%)
  [ACCEPT]  ✓ Change accepted
--- Iteration 7 ---
  [ANALYZE] Found 6 opportunities: COPY_PROPAGATIONx6 (priority=50)
  [PROPOSE] Applying COPY_PROPAGATION at instruction 5: t6 = 0 → uses of t6 -> 0 at instr 6
  [VERIFY]  PASS (differential: 25/25 inputs matched, symbolic: skipped (control flow))
  [COST]    Before: 41.5, After: 38.5 (reduction: 7.2%)
  [ACCEPT]  ✓ Change accepted
--- Iteration 8 ---
  [ANALYZE] Found 5 opportunities: COPY_PROPAGATIONx5 (priority=50)
  [PROPOSE] Applying COPY_PROPAGATION at instruction 5: d = 0 → uses of d -> 0 at instr 6
  [VERIFY]  PASS (differential: 25/25 inputs matched, symbolic: skipped (control flow))
  [COST]    Before: 38.5, After: 36.0 (reduction: 6.5%)
  [ACCEPT]  ✓ Change accepted
--- Iteration 9 ---
  [ANALYZE] Found 5 opportunities: ALGEBRAIC_SIMPLIFY (priority=90), COPY_PROPAGATIONx4 (priority=50)
  [PROPOSE] Applying ALGEBRAIC_SIMPLIFY at instruction 5: t7 = prod * 0 → t7 = 0
  [VERIFY]  PASS (differential: 25/25 inputs matched, symbolic: skipped (control flow))
  [COST]    Before: 36.0, After: 35.5 (reduction: 1.4%)
  [ACCEPT]  ✓ Change accepted
--- Iteration 10 ---
  [ANALYZE] Found 4 opportunities: COPY_PROPAGATIONx4 (priority=50)
  [PROPOSE] Applying COPY_PROPAGATION at instruction 5: t7 = 0 → uses of t7 -> 0 at instr 6
  [VERIFY]  PASS (differential: 25/25 inputs matched, symbolic: skipped (control flow))
  [COST]    Before: 35.5, After: 32.5 (reduction: 8.5%)
  [ACCEPT]  ✓ Change accepted
--- Iteration 11 ---
  [ANALYZE] Found 3 opportunities: COPY_PROPAGATIONx3 (priority=50)
  [PROPOSE] Applying COPY_PROPAGATION at instruction 6: t8 = 1 → uses of t8 -> 1 at instr 7
  [VERIFY]  PASS (differential: 25/25 inputs matched, symbolic: skipped (control flow))
  [COST]    Before: 32.5, After: 29.5 (reduction: 9.2%)
  [ACCEPT]  ✓ Change accepted
--- Iteration 12 ---
  [ANALYZE] Found 2 opportunities: COPY_PROPAGATIONx2 (priority=50)
  [PROPOSE] Applying COPY_PROPAGATION at instruction 7: t9 = i + 1; i = t9 → i = i + 1
  [VERIFY]  PASS (differential: 25/25 inputs matched, symbolic: skipped (control flow))
  [COST]    Before: 29.5, After: 26.5 (reduction: 10.2%)
  [ACCEPT]  ✓ Change accepted
--- Iteration 13 ---
  [ANALYZE] Found 1 opportunity: COPY_PROPAGATION (priority=50)
  [PROPOSE] Applying COPY_PROPAGATION at instruction 10: t10 = 8 → uses of t10 -> 8 at instr 11
  [VERIFY]  PASS (differential: 25/25 inputs matched, symbolic: skipped (control flow))
  [COST]    Before: 26.5, After: 23.5 (reduction: 11.3%)
  [ACCEPT]  ✓ Change accepted
--- Iteration 14 ---
  [ANALYZE] Found 1 opportunity: STRENGTH_REDUCTION (priority=60)
  [PROPOSE] Applying STRENGTH_REDUCTION at instruction 10: t11 = prod * 8 → t11 = prod << 3
  [VERIFY]  PASS (differential: 25/25 inputs matched, symbolic: skipped (control flow))
  [COST]    Before: 23.5, After: 21.5 (reduction: 8.5%)
  [ACCEPT]  ✓ Change accepted
--- Iteration 15 ---
  [ANALYZE] No more opportunities found.
=== RESULT ===
  Original cost: 57.0
  Final cost:    21.5
  Reduction:     62.3%
  Iterations:    15
  Accepted:      14
  Rejected:      0
  Invalid:       0
  Output match:  PASS ✓
=== Original TAC ===
   0 |     t0 = 1
   1 |     prod = t0
   2 |     t1 = 0
   3 |     i = t1
   4 | L0:
   5 |     t2 = 4
   6 |     t3 = i < t2
   7 |     ifFalse t3 goto L1
   8 |     t4 = 3
   9 |     t5 = 0
  10 |     t6 = t4 * t5
  11 |     d = t6
  12 |     t7 = prod * d
  13 |     prod = t7
  14 |     t8 = 1
  15 |     t9 = i + t8
  16 |     i = t9
  17 |     goto L0
  18 | L1:
  19 |     print prod
  20 |     t10 = 8
  21 |     t11 = prod * t10
  22 |     print t11
=== Optimized TAC ===
   0 |     prod = 1
   1 |     i = 0
   2 | L0:
   3 |     t3 = i < 4
   4 |     ifFalse t3 goto L1
   5 |     prod = 0
   6 |     i = i + 1
   7 |     goto L0
   8 | L1:
   9 |     print prod
  10 |     t11 = prod << 3
  11 |     print t11
