=== Program: loops_043.src ===
--- Iteration 1 ---
  [ANALYZE] Found 15 opportunities: DEAD_CODE (priority=80), COPY_PROPAGATIONx14 (priority=50)
  [PROPOSE] Applying DEAD_CODE at instruction 18: e = t11 → (removed)
  [VERIFY]  PASS (differential: 25/25 inputs matched, symbolic: skipped (control flow))
  [COST]    Before: 72.5, After: 70.0 (reduction: 3.4%)
  [ACCEPT]  ✓ Change accepted
--- Iteration 2 ---
  [ANALYZE] Found 14 opportunities: DEAD_CODE (priority=80), COPY_PROPAGATIONx13 (priority=50)
  [PROPOSE] Applying DEAD_CODE at instruction 17: t11 = x * t10 → (removed)
  [VERIFY]  PASS (differential: 25/25 inputs matched, symbolic: skipped (control flow))
  [COST]    Before: 70.0, After: 66.5 (reduction: 5.0%)
  [ACCEPT]  ✓ Change accepted
--- Iteration 3 ---
  [ANALYZE] Found 13 opportunities: DEAD_CODE (priority=80), COPY_PROPAGATIONx12 (priority=50)
  [PROPOSE] Applying DEAD_CODE at instruction 16: t10 = 20 → (removed)
  [VERIFY]  PASS (differential: 25/25 inputs matched, symbolic: skipped (control flow))
  [COST]    Before: 66.5, After: 63.5 (reduction: 4.5%)
  [ACCEPT]  ✓ Change accepted
--- Iteration 4 ---
  [ANALYZE] Found 12 opportunities: COPY_PROPAGATIONx12 (priority=50)
  [PROPOSE] Applying COPY_PROPAGATION at instruction 0: t0 = 0 → uses of t0 -> 0 at instr 1
  [VERIFY]  PASS (differential: 25/25 inputs matched, symbolic: skipped (control flow))
  [COST]    Before: 63.5, After: 60.5 (reduction: 4.7%)
  [ACCEPT]  ✓ Change accepted
--- Iteration 5 ---
  [ANALYZE] Found 11 opportunities: COPY_PROPAGATIONx11 (priority=50)
  [PROPOSE] Applying COPY_PROPAGATION at instruction 1: t1 = 0 → uses of t1 -> 0 at instr 2
  [VERIFY]  PASS (differential: 25/25 inputs matched, symbolic: skipped (control flow))
  [COST]    Before: 60.5, After: 57.5 (reduction: 5.0%)
  [ACCEPT]  ✓ Change accepted
--- Iteration 6 ---
  [ANALYZE] Found 10 opportunities: COPY_PROPAGATIONx10 (priority=50)
  [PROPOSE] Applying COPY_PROPAGATION at instruction 3: t2 = 4 → uses of t2 -> 4 at instr 4
  [VERIFY]  PASS (differential: 25/25 inputs matched, symbolic: skipped (control flow))
  [COST]    Before: 57.5, After: 54.5 (reduction: 5.2%)
  [ACCEPT]  ✓ Change accepted
--- Iteration 7 ---
  [ANALYZE] Found 9 opportunities: COPY_PROPAGATIONx9 (priority=50)
  [PROPOSE] Applying COPY_PROPAGATION at instruction 5: t4 = 1 → uses of t4 -> 1 at instr 7
  [VERIFY]  PASS (differential: 25/25 inputs matched, symbolic: skipped (control flow))
  [COST]    Before: 54.5, After: 51.5 (reduction: 5.5%)
  [ACCEPT]  ✓ Change accepted
--- Iteration 8 ---
  [ANALYZE] Found 8 opportunities: COPY_PROPAGATIONx8 (priority=50)
  [PROPOSE] Applying COPY_PROPAGATION at instruction 5: t5 = 8 → uses of t5 -> 8 at instr 6
  [VERIFY]  PASS (differential: 25/25 inputs matched, symbolic: skipped (control flow))
  [COST]    Before: 51.5, After: 48.5 (reduction: 5.8%)
  [ACCEPT]  ✓ Change accepted
--- Iteration 9 ---
  [ANALYZE] Found 8 opportunities: CONSTANT_FOLD (priority=100), COPY_PROPAGATIONx7 (priority=50)
  [PROPOSE] Applying CONSTANT_FOLD at instruction 5: t6 = 1 + 8 → t6 = 9
  [VERIFY]  PASS (differential: 25/25 inputs matched, symbolic: skipped (control flow))
  [COST]    Before: 48.5, After: 48.0 (reduction: 1.0%)
  [ACCEPT]  ✓ Change accepted
--- Iteration 10 ---
  [ANALYZE] Found 7 opportunities: COPY_PROPAGATIONx7 (priority=50)
  [PROPOSE] Applying COPY_PROPAGATION at instruction 5: t6 = 9 → uses of t6 -> 9 at instr 6
  [VERIFY]  PASS (differential: 25/25 inputs matched, symbolic: skipped (control flow))
  [COST]    Before: 48.0, After: 45.0 (reduction: 6.2%)
  [ACCEPT]  ✓ Change accepted
--- Iteration 11 ---
  [ANALYZE] Found 6 opportunities: COPY_PROPAGATIONx6 (priority=50)
  [PROPOSE] Applying COPY_PROPAGATION at instruction 5: x = 9 → uses of x -> 9 at instr 6
  [VERIFY]  PASS (differential: 25/25 inputs matched, symbolic: skipped (control flow))
  [COST]    Before: 45.0, After: 42.5 (reduction: 5.6%)
  [ACCEPT]  ✓ Change accepted
--- Iteration 12 ---
  [ANALYZE] Found 5 opportunities: COPY_PROPAGATIONx5 (priority=50)
  [PROPOSE] Applying COPY_PROPAGATION at instruction 6: t8 = 0 → uses of t8 -> 0 at instr 7
  [VERIFY]  PASS (differential: 25/25 inputs matched, symbolic: skipped (control flow))
  [COST]    Before: 42.5, After: 39.5 (reduction: 7.1%)
  [ACCEPT]  ✓ Change accepted
--- Iteration 13 ---
  [ANALYZE] Found 5 opportunities: ALGEBRAIC_SIMPLIFY (priority=90), COPY_PROPAGATIONx4 (priority=50)
  [PROPOSE] Applying ALGEBRAIC_SIMPLIFY at instruction 6: t9 = t7 + 0 → t9 = t7
  [VERIFY]  PASS (differential: 25/25 inputs matched, symbolic: skipped (control flow))
  [COST]    Before: 39.5, After: 39.0 (reduction: 1.3%)
  [ACCEPT]  ✓ Change accepted
--- Iteration 14 ---
  [ANALYZE] Found 5 opportunities: COPY_PROPAGATIONx5 (priority=50)
  [PROPOSE] Applying COPY_PROPAGATION at instruction 6: t7 = sum + 9; t9 = t7 → t9 = sum + 9
  [VERIFY]  PASS (differential: 25/25 inputs matched, symbolic: skipped (control flow))
  [COST]    Before: 39.0, After: 36.0 (reduction: 7.7%)
  [ACCEPT]  ✓ Change accepted
--- Iteration 15 ---
  [ANALYZE] Found 4 opportunities: COPY_PROPAGATIONx4 (priority=50)
  [PROPOSE] Applying COPY_PROPAGATION at instruction 6: t9 = sum + 9; sum = t9 → sum = sum + 9
  [VERIFY]  PASS (differential: 25/25 inputs matched, symbolic: skipped (control flow))
  [COST]    Before: 36.0, After: 33.0 (reduction: 8.3%)
  [ACCEPT]  ✓ Change accepted
--- Iteration 16 ---
  [ANALYZE] Found 3 opportunities: COPY_PROPAGATIONx3 (priority=50)
  [PROPOSE] Applying COPY_PROPAGATION at instruction 6: t12 = 1 → uses of t12 -> 1 at instr 7
  [VERIFY]  PASS (differential: 25/25 inputs matched, symbolic: skipped (control flow))
  [COST]    Before: 33.0, After: 30.0 (reduction: 9.1%)
  [ACCEPT]  ✓ Change accepted
--- Iteration 17 ---
  [ANALYZE] Found 2 opportunities: COPY_PROPAGATIONx2 (priority=50)
  [PROPOSE] Applying COPY_PROPAGATION at instruction 7: t13 = i + 1; i = t13 → i = i + 1
  [VERIFY]  PASS (differential: 25/25 inputs matched, symbolic: skipped (control flow))
  [COST]    Before: 30.0, After: 27.0 (reduction: 10.0%)
  [ACCEPT]  ✓ Change accepted
--- Iteration 18 ---
  [ANALYZE] Found 1 opportunity: COPY_PROPAGATION (priority=50)
  [PROPOSE] Applying COPY_PROPAGATION at instruction 10: t14 = 1 → uses of t14 -> 1 at instr 11
  [VERIFY]  PASS (differential: 25/25 inputs matched, symbolic: skipped (control flow))
  [COST]    Before: 27.0, After: 24.0 (reduction: 11.1%)
  [ACCEPT]  ✓ Change accepted
--- Iteration 19 ---
  [ANALYZE] Found 1 opportunity: ALGEBRAIC_SIMPLIFY (priority=90)
  [PROPOSE] Applying ALGEBRAIC_SIMPLIFY at instruction 10: t15 = sum * 1 → t15 = sum
  [VERIFY]  PASS (differential: 25/25 inputs matched, symbolic: skipped (control flow))
  [COST]    Before: 24.0, After: 23.5 (reduction: 2.1%)
  [ACCEPT]  ✓ Change accepted
--- Iteration 20 ---
  [ANALYZE] Found 1 opportunity: COPY_PROPAGATION (priority=50)
  [PROPOSE] Applying COPY_PROPAGATION at instruction 10: t15 = sum → uses of t15 -> sum at instr 11
  [VERIFY]  PASS (differential: 25/25 inputs matched, symbolic: skipped (control flow))
  [COST]    Before: 23.5, After: 20.5 (reduction: 12.8%)
  [ACCEPT]  ✓ Change accepted
--- Iteration 21 ---
  [ANALYZE] No more opportunities found.
=== RESULT ===
  Original cost: 72.5
  Final cost:    20.5
  Reduction:     71.7%
  Iterations:    21
  Accepted:      20
  Rejected:      0
  Invalid:       0
  Output match:  PASS ✓
=== Original TAC ===
   0 |     t0 = 0
   1 |     sum = t0
   2 |     t1 = 0
   3 |     i = t1
   4 | L0:
   5 |     t2 = 4
   6 |     t3 = i < t2
   7 |     ifFalse t3 goto L1
   8 |     t4 = 1
   9 |     t5 = 8
  10 |     t6 = t4 + t5
  11 |     x = t6
  12 |     t7 = sum + x
  13 |     t8 = 0
  14 |     t9 = t7 + t8
  15 |     sum = t9
  16 |     t10 = 20
  17 |     t11 = x * t10
  18 |     e = t11
  19 |     t12 = 1
  20 |     t13 = i + t12
  21 |     i = t13
  22 |     goto L0
  23 | L1:
  24 |     print sum
  25 |     t14 = 1
  26 |     t15 = sum * t14
  27 |     print t15
=== Optimized TAC ===
   0 |     sum = 0
   1 |     i = 0
   2 | L0:
   3 |     t3 = i < 4
   4 |     ifFalse t3 goto L1
   5 |     sum = sum + 9
   6 |     i = i + 1
   7 |     goto L0
   8 | L1:
   9 |     print sum
  10 |     print sum
