=== Program: loops_024.src ===
--- Iteration 1 ---
  [ANALYZE] Found 10 opportunities: COPY_PROPAGATIONx10 (priority=50)
  [PROPOSE] Applying COPY_PROPAGATION at instruction 0: t0 = 0 → uses of t0 -> 0 at instr 1
  [VERIFY]  PASS (differential: 25/25 inputs matched, symbolic: skipped (control flow))
  [COST]    Before: 49.5, After: 46.5 (reduction: 6.1%)
  [ACCEPT]  ✓ Change accepted
--- Iteration 2 ---
  [ANALYZE] Found 9 opportunities: COPY_PROPAGATIONx9 (priority=50)
  [PROPOSE] Applying COPY_PROPAGATION at instruction 1: t1 = 0 → uses of t1 -> 0 at instr 2
  [VERIFY]  PASS (differential: 25/25 inputs matched, symbolic: skipped (control flow))
  [COST]    Before: 46.5, After: 43.5 (reduction: 6.5%)
  [ACCEPT]  ✓ Change accepted
--- Iteration 3 ---
  [ANALYZE] Found 8 opportunities: COPY_PROPAGATIONx8 (priority=50)
  [PROPOSE] Applying COPY_PROPAGATION at instruction 3: t2 = 12 → uses of t2 -> 12 at instr 4
  [VERIFY]  PASS (differential: 25/25 inputs matched, symbolic: skipped (control flow))
  [COST]    Before: 43.5, After: 40.5 (reduction: 6.9%)
  [ACCEPT]  ✓ Change accepted
--- Iteration 4 ---
  [ANALYZE] Found 7 opportunities: COPY_PROPAGATIONx7 (priority=50)
  [PROPOSE] Applying COPY_PROPAGATION at instruction 5: t4 = 7 → uses of t4 -> 7 at instr 7
  [VERIFY]  PASS (differential: 25/25 inputs matched, symbolic: skipped (control flow))
  [COST]    Before: 40.5, After: 37.5 (reduction: 7.4%)
  [ACCEPT]  ✓ Change accepted
--- Iteration 5 ---
  [ANALYZE] Found 6 opportunities: COPY_PROPAGATIONx6 (priority=50)
  [PROPOSE] Applying COPY_PROPAGATION at instruction 5: t5 = 8 → uses of t5 -> 8 at instr 6
  [VERIFY]  PASS (differential: 25/25 inputs matched, symbolic: skipped (control flow))
  [COST]    Before: 37.5, After: 34.5 (reduction: 8.0%)
  [ACCEPT]  ✓ Change accepted
--- Iteration 6 ---
  [ANALYZE] Found 6 opportunities: CONSTANT_FOLD (priority=100), COPY_PROPAGATIONx5 (priority=50)
  [PROPOSE] Applying CONSTANT_FOLD at instruction 5: t6 = 7 - 8 → t6 = -1
  [VERIFY]  PASS (differential: 25/25 inputs matched, symbolic: skipped (control flow))
  [COST]    Before: 34.5, After: 34.0 (reduction: 1.4%)
  [ACCEPT]  ✓ Change accepted
--- Iteration 7 ---
  [ANALYZE] Found 5 opportunities: COPY_PROPAGATIONx5 (priority=50)
  [PROPOSE] Applying COPY_PROPAGATION at instruction 5: t6 = -1 → uses of t6 -> -1 at instr 6
  [VERIFY]  PASS (differential: 25/25 inputs matched, symbolic: skipped (control flow))
  [COST]    Before: 34.0, After: 31.0 (reduction: 8.8%)
  [ACCEPT]  ✓ Change accepted
--- Iteration 8 ---
  [ANALYZE] Found 4 opportunities: COPY_PROPAGATIONx4 (priority=50)
  [PROPOSE] Applying COPY_PROPAGATION at instruction 5: g = -1 → uses of g -> -1 at instr 6
  [VERIFY]  PASS (differential: 25/25 inputs matched, symbolic: skipped (control flow))
  [COST]    Before: 31.0, After: 28.5 (reduction: 8.1%)
  [ACCEPT]  ✓ Change accepted
--- Iteration 9 ---
  [ANALYZE] Found 3 opportunities: COPY_PROPAGATIONx3 (priority=50)
  [PROPOSE] Applying COPY_PROPAGATION at instruction 6: t7 = total + -1; total = t7 → total = total + -1
  [VERIFY]  PASS (differential: 25/25 inputs matched, symbolic: skipped (control flow))
  [COST]    Before: 28.5, After: 25.5 (reduction: 10.5%)
  [ACCEPT]  ✓ Change accepted
--- Iteration 10 ---
  [ANALYZE] Found 2 opportunities: COPY_PROPAGATIONx2 (priority=50)
  [PROPOSE] Applying COPY_PROPAGATION at instruction 6: t8 = 1 → uses of t8 -> 1 at instr 7
  [VERIFY]  PASS (differential: 25/25 inputs matched, symbolic: skipped (control flow))
  [COST]    Before: 25.5, After: 22.5 (reduction: 11.8%)
  [ACCEPT]  ✓ Change accepted
--- Iteration 11 ---
  [ANALYZE] Found 1 opportunity: COPY_PROPAGATION (priority=50)
  [PROPOSE] Applying COPY_PROPAGATION at instruction 7: t9 = i + 1; i = t9 → i = i + 1
  [VERIFY]  PASS (differential: 25/25 inputs matched, symbolic: skipped (control flow))
  [COST]    Before: 22.5, After: 19.5 (reduction: 13.3%)
  [ACCEPT]  ✓ Change accepted
--- Iteration 12 ---
  [ANALYZE] No more opportunities found.
=== RESULT ===
  Original cost: 49.5
  Final cost:    19.5
  Reduction:     60.6%
  Iterations:    12
  Accepted:      11
  Rejected:      0
  Invalid:       0
  Output match:  PASS ✓
=== Original TAC ===
   0 |     t0 = 0
   1 |     total = t0
   2 |     t1 = 0
   3 |     i = t1
   4 | L0:
   5 |     t2 = 12
   6 |     t3 = i < t2
   7 |     ifFalse t3 goto L1
   8 |     t4 = 7
   9 |     t5 = 8
  10 |     t6 = t4 - t5
  11 |     g = t6
  12 |     t7 = total + g
  13 |     total = t7
  14 |     t8 = 1
  15 |     t9 = i + t8
  16 |     i = t9
  17 |     goto L0
  18 | L1:
  19 |     print total
=== Optimized TAC ===
  0 |     total = 0
  1 |     i = 0
  2 | L0:
  3 |     t3 = i < 12
  4 |     ifFalse t3 goto L1
  5 |     total = total + -1
  6 |     i = i + 1
  7 |     goto L0
  8 | L1:
  9 |     print total
