=== Program: mixed_084.src ===
--- Iteration 1 ---
  [ANALYZE] Found 30 opportunities: DEAD_CODE (priority=80), CSE (priority=70), COPY_PROPAGATIONx28 (priority=50)
  [PROPOSE] Applying DEAD_CODE at instruction 23: val = t13 → (removed)
  [VERIFY]  PASS (differential: 25/25 inputs matched, symbolic: skipped (control flow))
  [COST]    Before: 136.5, After: 134.0 (reduction: 1.8%)
  [ACCEPT]  ✓ Change accepted
--- Iteration 2 ---
  [ANALYZE] Found 29 opportunities: DEAD_CODE (priority=80), CSE (priority=70), COPY_PROPAGATIONx27 (priority=50)
  [PROPOSE] Applying DEAD_CODE at instruction 22: t13 = 10 → (removed)
  [VERIFY]  PASS (differential: 25/25 inputs matched, symbolic: skipped (control flow))
  [COST]    Before: 134.0, After: 131.0 (reduction: 2.2%)
  [ACCEPT]  ✓ Change accepted
--- Iteration 3 ---
  [ANALYZE] Found 28 opportunities: CSE (priority=70), COPY_PROPAGATIONx27 (priority=50)
  [PROPOSE] Applying CSE at instruction 39: t23 = k * z → t23 = t22
  [VERIFY]  PASS (differential: 25/25 inputs matched, symbolic: skipped (control flow))
  [COST]    Before: 131.0, After: 130.5 (reduction: 0.4%)
  [ACCEPT]  ✓ Change accepted
--- Iteration 4 ---
  [ANALYZE] Found 27 opportunities: COPY_PROPAGATIONx27 (priority=50)
  [PROPOSE] Applying COPY_PROPAGATION at instruction 0: t0 = 9 → uses of t0 -> 9 at instr 2
  [VERIFY]  PASS (differential: 25/25 inputs matched, symbolic: skipped (control flow))
  [COST]    Before: 130.5, After: 127.5 (reduction: 2.3%)
  [ACCEPT]  ✓ Change accepted
--- Iteration 5 ---
  [ANALYZE] Found 26 opportunities: COPY_PROPAGATIONx26 (priority=50)
  [PROPOSE] Applying COPY_PROPAGATION at instruction 0: t1 = 14 → uses of t1 -> 14 at instr 1
  [VERIFY]  PASS (differential: 25/25 inputs matched, symbolic: skipped (control flow))
  [COST]    Before: 127.5, After: 124.5 (reduction: 2.4%)
  [ACCEPT]  ✓ Change accepted
--- Iteration 6 ---
  [ANALYZE] Found 26 opportunities: CONSTANT_FOLD (priority=100), COPY_PROPAGATIONx25 (priority=50)
  [PROPOSE] Applying CONSTANT_FOLD at instruction 0: t2 = 9 + 14 → t2 = 23
  [VERIFY]  PASS (differential: 25/25 inputs matched, symbolic: skipped (control flow))
  [COST]    Before: 124.5, After: 124.0 (reduction: 0.4%)
  [ACCEPT]  ✓ Change accepted
--- Iteration 7 ---
  [ANALYZE] Found 25 opportunities: COPY_PROPAGATIONx25 (priority=50)
  [PROPOSE] Applying COPY_PROPAGATION at instruction 0: t2 = 23 → uses of t2 -> 23 at instr 1
  [VERIFY]  PASS (differential: 25/25 inputs matched, symbolic: skipped (control flow))
  [COST]    Before: 124.0, After: 121.0 (reduction: 2.4%)
  [ACCEPT]  ✓ Change accepted
--- Iteration 8 ---
  [ANALYZE] Found 24 opportunities: COPY_PROPAGATIONx24 (priority=50)
  [PROPOSE] Applying COPY_PROPAGATION at instruction 0: k = 23 → uses of k -> 23 at instr 34
  [VERIFY]  PASS (differential: 25/25 inputs matched, symbolic: skipped (control flow))
  [COST]    Before: 121.0, After: 118.5 (reduction: 2.1%)
  [ACCEPT]  ✓ Change accepted
--- Iteration 9 ---
  [ANALYZE] Found 23 opportunities: COPY_PROPAGATIONx23 (priority=50)
  [PROPOSE] Applying COPY_PROPAGATION at instruction 0: t3 = 0 → uses of t3 -> 0 at instr 1
  [VERIFY]  PASS (differential: 25/25 inputs matched, symbolic: skipped (control flow))
  [COST]    Before: 118.5, After: 115.5 (reduction: 2.5%)
  [ACCEPT]  ✓ Change accepted
--- Iteration 10 ---
  [ANALYZE] Found 22 opportunities: COPY_PROPAGATIONx22 (priority=50)
  [PROPOSE] Applying COPY_PROPAGATION at instruction 1: t4 = 0 → uses of t4 -> 0 at instr 2
  [VERIFY]  PASS (differential: 25/25 inputs matched, symbolic: skipped (control flow))
  [COST]    Before: 115.5, After: 112.5 (reduction: 2.6%)
  [ACCEPT]  ✓ Change accepted
--- Iteration 11 ---
  [ANALYZE] Found 21 opportunities: COPY_PROPAGATIONx21 (priority=50)
  [PROPOSE] Applying COPY_PROPAGATION at instruction 3: t5 = 6 → uses of t5 -> 6 at instr 4
  [VERIFY]  PASS (differential: 25/25 inputs matched, symbolic: skipped (control flow))
  [COST]    Before: 112.5, After: 109.5 (reduction: 2.7%)
  [ACCEPT]  ✓ Change accepted
--- Iteration 12 ---
  [ANALYZE] Found 20 opportunities: COPY_PROPAGATIONx20 (priority=50)
  [PROPOSE] Applying COPY_PROPAGATION at instruction 5: t7 = 3 → uses of t7 -> 3 at instr 7
  [VERIFY]  PASS (differential: 25/25 inputs matched, symbolic: skipped (control flow))
  [COST]    Before: 109.5, After: 106.5 (reduction: 2.7%)
  [ACCEPT]  ✓ Change accepted
--- Iteration 13 ---
  [ANALYZE] Found 19 opportunities: COPY_PROPAGATIONx19 (priority=50)
  [PROPOSE] Applying COPY_PROPAGATION at instruction 5: t8 = 1 → uses of t8 -> 1 at instr 6
  [VERIFY]  PASS (differential: 25/25 inputs matched, symbolic: skipped (control flow))
  [COST]    Before: 106.5, After: 103.5 (reduction: 2.8%)
  [ACCEPT]  ✓ Change accepted
--- Iteration 14 ---
  [ANALYZE] Found 19 opportunities: CONSTANT_FOLD (priority=100), COPY_PROPAGATIONx18 (priority=50)
  [PROPOSE] Applying CONSTANT_FOLD at instruction 5: t9 = 3 + 1 → t9 = 4
  [VERIFY]  PASS (differential: 25/25 inputs matched, symbolic: skipped (control flow))
  [COST]    Before: 103.5, After: 103.0 (reduction: 0.5%)
  [ACCEPT]  ✓ Change accepted
--- Iteration 15 ---
  [ANALYZE] Found 19 opportunities: COPY_PROPAGATIONx19 (priority=50)
  [PROPOSE] Applying COPY_PROPAGATION at instruction 5: t9 = 4 → uses of t9 -> 4 at instr 6
  [VERIFY]  PASS (differential: 25/25 inputs matched, symbolic: skipped (control flow))
  [COST]    Before: 103.0, After: 100.0 (reduction: 2.9%)
  [ACCEPT]  ✓ Change accepted
--- Iteration 16 ---
  [ANALYZE] Found 18 opportunities: COPY_PROPAGATIONx18 (priority=50)
  [PROPOSE] Applying COPY_PROPAGATION at instruction 6: t10 = z + 4; z = t10 → z = z + 4
  [VERIFY]  PASS (differential: 25/25 inputs matched, symbolic: skipped (control flow))
  [COST]    Before: 100.0, After: 97.0 (reduction: 3.0%)
  [ACCEPT]  ✓ Change accepted
--- Iteration 17 ---
  [ANALYZE] Found 17 opportunities: COPY_PROPAGATIONx17 (priority=50)
  [PROPOSE] Applying COPY_PROPAGATION at instruction 6: t11 = 1 → uses of t11 -> 1 at instr 7
  [VERIFY]  PASS (differential: 25/25 inputs matched, symbolic: skipped (control flow))
  [COST]    Before: 97.0, After: 94.0 (reduction: 3.1%)
  [ACCEPT]  ✓ Change accepted
--- Iteration 18 ---
  [ANALYZE] Found 16 opportunities: COPY_PROPAGATIONx16 (priority=50)
  [PROPOSE] Applying COPY_PROPAGATION at instruction 7: t12 = i + 1; i = t12 → i = i + 1
  [VERIFY]  PASS (differential: 25/25 inputs matched, symbolic: skipped (control flow))
  [COST]    Before: 94.0, After: 91.0 (reduction: 3.2%)
  [ACCEPT]  ✓ Change accepted
--- Iteration 19 ---
  [ANALYZE] Found 15 opportunities: COPY_PROPAGATIONx15 (priority=50)
  [PROPOSE] Applying COPY_PROPAGATION at instruction 9: x = z → uses of x -> z at instr 14, 21
  [VERIFY]  PASS (differential: 25/25 inputs matched, symbolic: skipped (control flow))
  [COST]    Before: 91.0, After: 88.5 (reduction: 2.7%)
  [ACCEPT]  ✓ Change accepted
--- Iteration 20 ---
  [ANALYZE] Found 14 opportunities: COPY_PROPAGATIONx14 (priority=50)
  [PROPOSE] Applying COPY_PROPAGATION at instruction 9: t14 = 7 → uses of t14 -> 7 at instr 10
  [VERIFY]  PASS (differential: 25/25 inputs matched, symbolic: skipped (control flow))
  [COST]    Before: 88.5, After: 85.5 (reduction: 3.4%)
  [ACCEPT]  ✓ Change accepted
--- Iteration 21 ---
  [ANALYZE] Found 13 opportunities: COPY_PROPAGATIONx13 (priority=50)
  [PROPOSE] Applying COPY_PROPAGATION at instruction 11: t16 = 1 → uses of t16 -> 1 at instr 12
  [VERIFY]  PASS (differential: 25/25 inputs matched, symbolic: skipped (control flow))
  [COST]    Before: 85.5, After: 82.5 (reduction: 3.5%)
  [ACCEPT]  ✓ Change accepted
--- Iteration 22 ---
  [ANALYZE] Found 13 opportunities: ALGEBRAIC_SIMPLIFY (priority=90), COPY_PROPAGATIONx12 (priority=50)
  [PROPOSE] Applying ALGEBRAIC_SIMPLIFY at instruction 11: t17 = z * 1 → t17 = z
  [VERIFY]  PASS (differential: 25/25 inputs matched, symbolic: skipped (control flow))
  [COST]    Before: 82.5, After: 82.0 (reduction: 0.6%)
  [ACCEPT]  ✓ Change accepted
--- Iteration 23 ---
  [ANALYZE] Found 13 opportunities: COPY_PROPAGATIONx13 (priority=50)
  [PROPOSE] Applying COPY_PROPAGATION at instruction 11: t17 = z → uses of t17 -> z at instr 13
  [VERIFY]  PASS (differential: 25/25 inputs matched, symbolic: skipped (control flow))
  [COST]    Before: 82.0, After: 79.0 (reduction: 3.7%)
  [ACCEPT]  ✓ Change accepted
--- Iteration 24 ---
  [ANALYZE] Found 12 opportunities: COPY_PROPAGATIONx12 (priority=50)
  [PROPOSE] Applying COPY_PROPAGATION at instruction 11: t18 = 2 → uses of t18 -> 2 at instr 12
  [VERIFY]  PASS (differential: 25/25 inputs matched, symbolic: skipped (control flow))
  [COST]    Before: 79.0, After: 76.0 (reduction: 3.8%)
  [ACCEPT]  ✓ Change accepted
--- Iteration 25 ---
  [ANALYZE] Found 11 opportunities: COPY_PROPAGATIONx11 (priority=50)
  [PROPOSE] Applying COPY_PROPAGATION at instruction 12: t19 = z + 2; x = t19 → x = z + 2
  [VERIFY]  PASS (differential: 25/25 inputs matched, symbolic: skipped (control flow))
  [COST]    Before: 76.0, After: 73.0 (reduction: 3.9%)
  [ACCEPT]  ✓ Change accepted
--- Iteration 26 ---
  [ANALYZE] Found 10 opportunities: COPY_PROPAGATIONx10 (priority=50)
  [PROPOSE] Applying COPY_PROPAGATION at instruction 14: t20 = 0 → uses of t20 -> 0 at instr 15
  [VERIFY]  PASS (differential: 25/25 inputs matched, symbolic: skipped (control flow))
  [COST]    Before: 73.0, After: 70.0 (reduction: 4.1%)
  [ACCEPT]  ✓ Change accepted
--- Iteration 27 ---
  [ANALYZE] Found 10 opportunities: ALGEBRAIC_SIMPLIFY (priority=90), COPY_PROPAGATIONx9 (priority=50)
  [PROPOSE] Applying ALGEBRAIC_SIMPLIFY at instruction 14: t21 = z - 0 → t21 = z
  [VERIFY]  PASS (differential: 25/25 inputs matched, symbolic: skipped (control flow))
  [COST]    Before: 70.0, After: 69.5 (reduction: 0.7%)
  [ACCEPT]  ✓ Change accepted
--- Iteration 28 ---
  [ANALYZE] Found 9 opportunities: COPY_PROPAGATIONx9 (priority=50)
  [PROPOSE] Applying COPY_PROPAGATION at instruction 14: t21 = z → uses of t21 -> z at instr 15
  [VERIFY]  PASS (differential: 25/25 inputs matched, symbolic: skipped (control flow))
  [COST]    Before: 69.5, After: 66.5 (reduction: 4.3%)
  [ACCEPT]  ✓ Change accepted
--- Iteration 29 ---
  [ANALYZE] Found 8 opportunities: COPY_PROPAGATIONx8 (priority=50)
  [PROPOSE] Applying COPY_PROPAGATION at instruction 17: tmp = t22 → uses of tmp -> t22 at instr 19
  [VERIFY]  PASS (differential: 25/25 inputs matched, symbolic: skipped (control flow))
  [COST]    Before: 66.5, After: 64.0 (reduction: 3.8%)
  [ACCEPT]  ✓ Change accepted
--- Iteration 30 ---
  [ANALYZE] Found 7 opportunities: COPY_PROPAGATIONx7 (priority=50)
  [PROPOSE] Applying COPY_PROPAGATION at instruction 17: t23 = t22 → uses of t23 -> t22 at instr 18
  [VERIFY]  PASS (differential: 25/25 inputs matched, symbolic: skipped (control flow))
  [COST]    Before: 64.0, After: 61.0 (reduction: 4.7%)
  [ACCEPT]  ✓ Change accepted
--- Iteration 31 ---
  [ANALYZE] Found 6 opportunities: COPY_PROPAGATIONx6 (priority=50)
  [PROPOSE] Applying COPY_PROPAGATION at instruction 18: t24 = t22 + t22; v = t24 → v = t22 + t22
  [VERIFY]  PASS (differential: 25/25 inputs matched, symbolic: skipped (control flow))
  [COST]    Before: 61.0, After: 58.0 (reduction: 4.9%)
  [ACCEPT]  ✓ Change accepted
--- Iteration 32 ---
  [ANALYZE] Found 4 opportunities: COPY_PROPAGATIONx4 (priority=50)
  [PROPOSE] Applying COPY_PROPAGATION at instruction 18: t25 = 11 → uses of t25 -> 11 at instr 20
  [VERIFY]  PASS (differential: 25/25 inputs matched, symbolic: skipped (control flow))
  [COST]    Before: 58.0, After: 55.0 (reduction: 5.2%)
  [ACCEPT]  ✓ Change accepted
--- Iteration 33 ---
  [ANALYZE] Found 3 opportunities: COPY_PROPAGATIONx3 (priority=50)
  [PROPOSE] Applying COPY_PROPAGATION at instruction 18: t26 = 19 → uses of t26 -> 19 at instr 19
  [VERIFY]  PASS (differential: 25/25 inputs matched, symbolic: skipped (control flow))
  [COST]    Before: 55.0, After: 52.0 (reduction: 5.5%)
  [ACCEPT]  ✓ Change accepted
--- Iteration 34 ---
  [ANALYZE] Found 3 opportunities: CONSTANT_FOLD (priority=100), COPY_PROPAGATIONx2 (priority=50)
  [PROPOSE] Applying CONSTANT_FOLD at instruction 18: t27 = 11 * 19 → t27 = 209
  [VERIFY]  PASS (differential: 25/25 inputs matched, symbolic: skipped (control flow))
  [COST]    Before: 52.0, After: 51.5 (reduction: 1.0%)
  [ACCEPT]  ✓ Change accepted
--- Iteration 35 ---
  [ANALYZE] Found 3 opportunities: COPY_PROPAGATIONx3 (priority=50)
  [PROPOSE] Applying COPY_PROPAGATION at instruction 18: t27 = 209 → uses of t27 -> 209 at instr 19
  [VERIFY]  PASS (differential: 25/25 inputs matched, symbolic: skipped (control flow))
  [COST]    Before: 51.5, After: 48.5 (reduction: 5.8%)
  [ACCEPT]  ✓ Change accepted
--- Iteration 36 ---
  [ANALYZE] Found 2 opportunities: COPY_PROPAGATIONx2 (priority=50)
  [PROPOSE] Applying COPY_PROPAGATION at instruction 19: t28 = x + 209; r = t28 → r = x + 209
  [VERIFY]  PASS (differential: 25/25 inputs matched, symbolic: skipped (control flow))
  [COST]    Before: 48.5, After: 45.5 (reduction: 6.2%)
  [ACCEPT]  ✓ Change accepted
--- Iteration 37 ---
  [ANALYZE] No more opportunities found.
=== RESULT ===
  Original cost: 136.5
  Final cost:    45.5
  Reduction:     66.7%
  Iterations:    37
  Accepted:      36
  Rejected:      0
  Invalid:       0
  Output match:  PASS ✓
=== Original TAC ===
   0 |     t0 = 9
   1 |     t1 = 14
   2 |     t2 = t0 + t1
   3 |     k = t2
   4 |     t3 = 0
   5 |     z = t3
   6 |     t4 = 0
   7 |     i = t4
   8 | L0:
   9 |     t5 = 6
  10 |     t6 = i < t5
  11 |     ifFalse t6 goto L1
  12 |     t7 = 3
  13 |     t8 = 1
  14 |     t9 = t7 + t8
  15 |     t10 = z + t9
  16 |     z = t10
  17 |     t11 = 1
  18 |     t12 = i + t11
  19 |     i = t12
  20 |     goto L0
  21 | L1:
  22 |     t13 = 10
  23 |     val = t13
  24 |     x = z
  25 |     t14 = 7
  26 |     t15 = z > t14
  27 |     ifFalse t15 goto L2
  28 |     t16 = 1
  29 |     t17 = x * t16
  30 |     t18 = 2
  31 |     t19 = t17 + t18
  32 |     x = t19
  33 |     goto L3
  34 | L2:
  35 |     t20 = 0
  36 |     t21 = x - t20
  37 |     x = t21
  38 | L3:
  39 |     t22 = k * z
  40 |     tmp = t22
  41 |     t23 = k * z
  42 |     t24 = t23 + tmp
  43 |     v = t24
  44 |     t25 = 11
  45 |     t26 = 19
  46 |     t27 = t25 * t26
  47 |     t28 = x + t27
  48 |     r = t28
  49 |     t29 = v + r
  50 |     print t29
=== Optimized TAC ===
   0 |     z = 0
   1 |     i = 0
   2 | L0:
   3 |     t6 = i < 6
   4 |     ifFalse t6 goto L1
   5 |     z = z + 4
   6 |     i = i + 1
   7 |     goto L0
   8 | L1:
   9 |     t15 = z > 7
  10 |     ifFalse t15 goto L2
  11 |     x = z + 2
  12 |     goto L3
  13 | L2:
  14 |     x = z
  15 | L3:
  16 |     t22 = 23 * z
  17 |     v = t22 + t22
  18 |     r = x + 209
  19 |     t29 = v + r
  20 |     print t29
