=== Program: mixed_041.src ===
--- Iteration 1 ---
  [ANALYZE] Found 8 opportunities: DEAD_CODE (priority=80), COPY_PROPAGATIONx7 (priority=50)
  [PROPOSE] Applying DEAD_CODE at instruction 7: f = t4 → (removed)
  [VERIFY]  PASS (differential: 33/33 inputs matched, symbolic: equivalent)
  [COST]    Before: 28.0, After: 25.5 (reduction: 8.9%)
  [ACCEPT]  ✓ Change accepted
--- Iteration 2 ---
  [ANALYZE] Found 7 opportunities: DEAD_CODE (priority=80), COPY_PROPAGATIONx6 (priority=50)
  [PROPOSE] Applying DEAD_CODE at instruction 6: t4 = 10 → (removed)
  [VERIFY]  PASS (differential: 33/33 inputs matched, symbolic: equivalent)
  [COST]    Before: 25.5, After: 22.5 (reduction: 11.8%)
  [ACCEPT]  ✓ Change accepted
--- Iteration 3 ---
  [ANALYZE] Found 6 opportunities: COPY_PROPAGATIONx6 (priority=50)
  [PROPOSE] Applying COPY_PROPAGATION at instruction 0: t0 = 2 → uses of t0 -> 2 at instr 1
  [VERIFY]  PASS (differential: 30/30 inputs matched, symbolic: equivalent)
  [COST]    Before: 22.5, After: 19.5 (reduction: 13.3%)
  [ACCEPT]  ✓ Change accepted
--- Iteration 4 ---
  [ANALYZE] Found 6 opportunities: STRENGTH_REDUCTION (priority=60), COPY_PROPAGATIONx5 (priority=50)
  [PROPOSE] Applying STRENGTH_REDUCTION at instruction 0: t1 = in_y * 2 → t1 = in_y + in_y
  [VERIFY]  PASS (differential: 30/30 inputs matched, symbolic: equivalent)
  [COST]    Before: 19.5, After: 19.5 (reduction: 0.0%)
  [REJECT]  ✗ Change rejected: No cost improvement
--- Iteration 5 ---
  [ANALYZE] Found 5 opportunities: COPY_PROPAGATIONx5 (priority=50)
  [PROPOSE] Applying COPY_PROPAGATION at instruction 1: t1 = in_y * 2; r = t1 → r = in_y * 2
  [VERIFY]  PASS (differential: 30/30 inputs matched, symbolic: equivalent)
  [COST]    Before: 19.5, After: 16.5 (reduction: 15.4%)
  [ACCEPT]  ✓ Change accepted
--- Iteration 6 ---
  [ANALYZE] Found 4 opportunities: STRENGTH_REDUCTION (priority=60), COPY_PROPAGATIONx3 (priority=50)
  [PROPOSE] Applying STRENGTH_REDUCTION at instruction 0: r = in_y * 2 → r = in_y + in_y
  [VERIFY]  PASS (differential: 30/30 inputs matched, symbolic: equivalent)
  [COST]    Before: 16.5, After: 16.5 (reduction: 0.0%)
  [REJECT]  ✗ Change rejected: No cost improvement
--- Iteration 7 ---
  [ANALYZE] Found 3 opportunities: COPY_PROPAGATIONx3 (priority=50)
  [PROPOSE] Applying COPY_PROPAGATION at instruction 1: t2 = 0 → uses of t2 -> 0 at instr 2
  [VERIFY]  PASS (differential: 30/30 inputs matched, symbolic: equivalent)
  [COST]    Before: 16.5, After: 13.5 (reduction: 18.2%)
  [ACCEPT]  ✓ Change accepted
--- Iteration 8 ---
  [ANALYZE] Found 4 opportunities: ALGEBRAIC_SIMPLIFY (priority=90), STRENGTH_REDUCTION (priority=60), COPY_PROPAGATIONx2 (priority=50)
  [PROPOSE] Applying ALGEBRAIC_SIMPLIFY at instruction 1: t3 = in_y - 0 → t3 = in_y
  [VERIFY]  PASS (differential: 30/30 inputs matched, symbolic: equivalent)
  [COST]    Before: 13.5, After: 13.0 (reduction: 3.7%)
  [ACCEPT]  ✓ Change accepted
--- Iteration 9 ---
  [ANALYZE] Found 3 opportunities: STRENGTH_REDUCTION (priority=60), COPY_PROPAGATIONx2 (priority=50)
  [PROPOSE] Applying STRENGTH_REDUCTION at instruction 0: r = in_y * 2 → r = in_y + in_y
  [VERIFY]  PASS (differential: 28/28 inputs matched, symbolic: equivalent)
  [COST]    Before: 13.0, After: 13.0 (reduction: 0.0%)
  [REJECT]  ✗ Change rejected: No cost improvement
--- Iteration 10 ---
  [ANALYZE] Found 2 opportunities: COPY_PROPAGATIONx2 (priority=50)
  [PROPOSE] Applying COPY_PROPAGATION at instruction 1: t3 = in_y → uses of t3 -> in_y at instr 2
  [VERIFY]  PASS (differential: 28/28 inputs matched, symbolic: equivalent)
  [COST]    Before: 13.0, After: 10.0 (reduction: 23.1%)
  [ACCEPT]  ✓ Change accepted
--- Iteration 11 ---
  [ANALYZE] Found 2 opportunities: STRENGTH_REDUCTION (priority=60), COPY_PROPAGATION (priority=50)
  [PROPOSE] Applying STRENGTH_REDUCTION at instruction 0: r = in_y * 2 → r = in_y + in_y
  [VERIFY]  PASS (differential: 28/28 inputs matched, symbolic: equivalent)
  [COST]    Before: 10.0, After: 10.0 (reduction: 0.0%)
  [REJECT]  ✗ Change rejected: No cost improvement
--- Iteration 12 ---
  [ANALYZE] Found 1 opportunity: COPY_PROPAGATION (priority=50)
  [PROPOSE] Applying COPY_PROPAGATION at instruction 1: b = in_y → uses of b -> in_y at instr 2
  [VERIFY]  PASS (differential: 28/28 inputs matched, symbolic: equivalent)
  [COST]    Before: 10.0, After: 7.5 (reduction: 25.0%)
  [ACCEPT]  ✓ Change accepted
--- Iteration 13 ---
  [ANALYZE] Found 1 opportunity: STRENGTH_REDUCTION (priority=60)
  [PROPOSE] Applying STRENGTH_REDUCTION at instruction 0: r = in_y * 2 → r = in_y + in_y
  [VERIFY]  PASS (differential: 28/28 inputs matched, symbolic: equivalent)
  [COST]    Before: 7.5, After: 7.5 (reduction: 0.0%)
  [REJECT]  ✗ Change rejected: No cost improvement
--- Iteration 14 ---
  [ANALYZE] No more opportunities found.
=== RESULT ===
  Original cost: 28.0
  Final cost:    7.5
  Reduction:     73.2%
  Iterations:    14
  Accepted:      8
  Rejected:      5
  Invalid:       0
  Output match:  PASS ✓
=== Original TAC ===
  0 |     t0 = 2
  1 |     t1 = in_y * t0
  2 |     r = t1
  3 |     t2 = 0
  4 |     t3 = in_y - t2
  5 |     b = t3
  6 |     t4 = 10
  7 |     f = t4
  8 |     t5 = r + b
  9 |     print t5
=== Optimized TAC ===
  0 |     r = in_y * 2
  1 |     t5 = r + in_y
  2 |     print t5
