=== Program: mixed_056.src ===
--- Iteration 1 ---
  [ANALYZE] Found 25 opportunities: DEAD_CODE (priority=80), CSE (priority=70), COPY_PROPAGATIONx23 (priority=50)
  [PROPOSE] Applying DEAD_CODE at instruction 26: num = t15 → (removed)
  [VERIFY]  PASS (differential: 25/25 inputs matched, symbolic: skipped (control flow))
  [COST]    Before: 101.0, After: 98.5 (reduction: 2.5%)
  [ACCEPT]  ✓ Change accepted
--- Iteration 2 ---
  [ANALYZE] Found 24 opportunities: DEAD_CODE (priority=80), CSE (priority=70), COPY_PROPAGATIONx22 (priority=50)
  [PROPOSE] Applying DEAD_CODE at instruction 25: t15 = 16 → (removed)
  [VERIFY]  PASS (differential: 25/25 inputs matched, symbolic: skipped (control flow))
  [COST]    Before: 98.5, After: 95.5 (reduction: 3.0%)
  [ACCEPT]  ✓ Change accepted
--- Iteration 3 ---
  [ANALYZE] Found 23 opportunities: CSE (priority=70), COPY_PROPAGATIONx22 (priority=50)
  [PROPOSE] Applying CSE at instruction 22: t13 = y * p → t13 = t12
  [VERIFY]  PASS (differential: 25/25 inputs matched, symbolic: skipped (control flow))
  [COST]    Before: 95.5, After: 95.0 (reduction: 0.5%)
  [ACCEPT]  ✓ Change accepted
--- Iteration 4 ---
  [ANALYZE] Found 22 opportunities: COPY_PROPAGATIONx22 (priority=50)
  [PROPOSE] Applying COPY_PROPAGATION at instruction 0: t0 = 7 → uses of t0 -> 7 at instr 2
  [VERIFY]  PASS (differential: 25/25 inputs matched, symbolic: skipped (control flow))
  [COST]    Before: 95.0, After: 92.0 (reduction: 3.2%)
  [ACCEPT]  ✓ Change accepted
--- Iteration 5 ---
  [ANALYZE] Found 21 opportunities: COPY_PROPAGATIONx21 (priority=50)
  [PROPOSE] Applying COPY_PROPAGATION at instruction 0: t1 = 16 → uses of t1 -> 16 at instr 1
  [VERIFY]  PASS (differential: 25/25 inputs matched, symbolic: skipped (control flow))
  [COST]    Before: 92.0, After: 89.0 (reduction: 3.3%)
  [ACCEPT]  ✓ Change accepted
--- Iteration 6 ---
  [ANALYZE] Found 21 opportunities: CONSTANT_FOLD (priority=100), COPY_PROPAGATIONx20 (priority=50)
  [PROPOSE] Applying CONSTANT_FOLD at instruction 0: t2 = 7 + 16 → t2 = 23
  [VERIFY]  PASS (differential: 25/25 inputs matched, symbolic: skipped (control flow))
  [COST]    Before: 89.0, After: 88.5 (reduction: 0.6%)
  [ACCEPT]  ✓ Change accepted
--- Iteration 7 ---
  [ANALYZE] Found 20 opportunities: COPY_PROPAGATIONx20 (priority=50)
  [PROPOSE] Applying COPY_PROPAGATION at instruction 0: t2 = 23 → uses of t2 -> 23 at instr 1
  [VERIFY]  PASS (differential: 25/25 inputs matched, symbolic: skipped (control flow))
  [COST]    Before: 88.5, After: 85.5 (reduction: 3.4%)
  [ACCEPT]  ✓ Change accepted
--- Iteration 8 ---
  [ANALYZE] Found 19 opportunities: COPY_PROPAGATIONx19 (priority=50)
  [PROPOSE] Applying COPY_PROPAGATION at instruction 0: y = 23 → uses of y -> 23 at instr 1, 4, 17, 25
  [VERIFY]  PASS (differential: 25/25 inputs matched, symbolic: skipped (control flow))
  [COST]    Before: 85.5, After: 83.0 (reduction: 2.9%)
  [ACCEPT]  ✓ Change accepted
--- Iteration 9 ---
  [ANALYZE] Found 18 opportunities: COPY_PROPAGATIONx18 (priority=50)
  [PROPOSE] Applying COPY_PROPAGATION at instruction 0: p = 23 → uses of p -> 23 at instr 6, 13
  [VERIFY]  PASS (differential: 25/25 inputs matched, symbolic: skipped (control flow))
  [COST]    Before: 83.0, After: 80.5 (reduction: 3.0%)
  [ACCEPT]  ✓ Change accepted
--- Iteration 10 ---
  [ANALYZE] Found 17 opportunities: COPY_PROPAGATIONx17 (priority=50)
  [PROPOSE] Applying COPY_PROPAGATION at instruction 0: t3 = 5 → uses of t3 -> 5 at instr 1
  [VERIFY]  PASS (differential: 25/25 inputs matched, symbolic: skipped (control flow))
  [COST]    Before: 80.5, After: 77.5 (reduction: 3.7%)
  [ACCEPT]  ✓ Change accepted
--- Iteration 11 ---
  [ANALYZE] Found 17 opportunities: CONSTANT_FOLD (priority=100), COPY_PROPAGATIONx16 (priority=50)
  [PROPOSE] Applying CONSTANT_FOLD at instruction 0: t4 = -5 → t4 = -5 (forwarded into uses of t4)
  [VERIFY]  PASS (differential: 25/25 inputs matched, symbolic: skipped (control flow))
  [COST]    Before: 77.5, After: 76.0 (reduction: 1.9%)
  [ACCEPT]  ✓ Change accepted
--- Iteration 12 ---
  [ANALYZE] Found 17 opportunities: CONSTANT_FOLD (priority=100), COPY_PROPAGATIONx16 (priority=50)
  [PROPOSE] Applying CONSTANT_FOLD at instruction 0: t5 = 23 > -5 → t5 = 1 (forwarded into uses of t5)
  [VERIFY]  PASS (differential: 25/25 inputs matched, symbolic: skipped (control flow))
  [COST]    Before: 76.0, After: 74.5 (reduction: 2.0%)
  [ACCEPT]  ✓ Change accepted
--- Iteration 13 ---
  [ANALYZE] Found 16 opportunities: COPY_PROPAGATIONx16 (priority=50)
  [PROPOSE] Applying COPY_PROPAGATION at instruction 1: t6 = 1 → uses of t6 -> 1 at instr 2
  [VERIFY]  PASS (differential: 25/25 inputs matched, symbolic: skipped (control flow))
  [COST]    Before: 74.5, After: 71.5 (reduction: 4.0%)
  [ACCEPT]  ✓ Change accepted
--- Iteration 14 ---
  [ANALYZE] Found 16 opportunities: CONSTANT_FOLD (priority=100), COPY_PROPAGATIONx15 (priority=50)
  [PROPOSE] Applying CONSTANT_FOLD at instruction 1: t7 = 23 * 1 → t7 = 23
  [VERIFY]  PASS (differential: 25/25 inputs matched, symbolic: skipped (control flow))
  [COST]    Before: 71.5, After: 71.0 (reduction: 0.7%)
  [ACCEPT]  ✓ Change accepted
--- Iteration 15 ---
  [ANALYZE] Found 16 opportunities: COPY_PROPAGATIONx16 (priority=50)
  [PROPOSE] Applying COPY_PROPAGATION at instruction 1: t7 = 23 → uses of t7 -> 23 at instr 3
  [VERIFY]  PASS (differential: 25/25 inputs matched, symbolic: skipped (control flow))
  [COST]    Before: 71.0, After: 68.0 (reduction: 4.2%)
  [ACCEPT]  ✓ Change accepted
--- Iteration 16 ---
  [ANALYZE] Found 15 opportunities: COPY_PROPAGATIONx15 (priority=50)
  [PROPOSE] Applying COPY_PROPAGATION at instruction 1: t8 = 1 → uses of t8 -> 1 at instr 2
  [VERIFY]  PASS (differential: 25/25 inputs matched, symbolic: skipped (control flow))
  [COST]    Before: 68.0, After: 65.0 (reduction: 4.4%)
  [ACCEPT]  ✓ Change accepted
--- Iteration 17 ---
  [ANALYZE] Found 15 opportunities: CONSTANT_FOLD (priority=100), COPY_PROPAGATIONx14 (priority=50)
  [PROPOSE] Applying CONSTANT_FOLD at instruction 1: t9 = 23 + 1 → t9 = 24
  [VERIFY]  PASS (differential: 25/25 inputs matched, symbolic: skipped (control flow))
  [COST]    Before: 65.0, After: 64.5 (reduction: 0.8%)
  [ACCEPT]  ✓ Change accepted
--- Iteration 18 ---
  [ANALYZE] Found 14 opportunities: COPY_PROPAGATIONx14 (priority=50)
  [PROPOSE] Applying COPY_PROPAGATION at instruction 1: t9 = 24 → uses of t9 -> 24 at instr 2
  [VERIFY]  PASS (differential: 25/25 inputs matched, symbolic: skipped (control flow))
  [COST]    Before: 64.5, After: 61.5 (reduction: 4.7%)
  [ACCEPT]  ✓ Change accepted
--- Iteration 19 ---
  [ANALYZE] Found 13 opportunities: COPY_PROPAGATIONx13 (priority=50)
  [PROPOSE] Applying COPY_PROPAGATION at instruction 4: t10 = 0 → uses of t10 -> 0 at instr 5
  [VERIFY]  PASS (differential: 25/25 inputs matched, symbolic: skipped (control flow))
  [COST]    Before: 61.5, After: 58.5 (reduction: 4.9%)
  [ACCEPT]  ✓ Change accepted
--- Iteration 20 ---
  [ANALYZE] Found 13 opportunities: CONSTANT_FOLD (priority=100), COPY_PROPAGATIONx12 (priority=50)
  [PROPOSE] Applying CONSTANT_FOLD at instruction 4: t11 = 23 - 0 → t11 = 23
  [VERIFY]  PASS (differential: 25/25 inputs matched, symbolic: skipped (control flow))
  [COST]    Before: 58.5, After: 58.0 (reduction: 0.9%)
  [ACCEPT]  ✓ Change accepted
--- Iteration 21 ---
  [ANALYZE] Found 12 opportunities: COPY_PROPAGATIONx12 (priority=50)
  [PROPOSE] Applying COPY_PROPAGATION at instruction 4: t11 = 23 → uses of t11 -> 23 at instr 5
  [VERIFY]  PASS (differential: 25/25 inputs matched, symbolic: skipped (control flow))
  [COST]    Before: 58.0, After: 55.0 (reduction: 5.2%)
  [ACCEPT]  ✓ Change accepted
--- Iteration 22 ---
  [ANALYZE] Found 11 opportunities: COPY_PROPAGATIONx11 (priority=50)
  [PROPOSE] Applying COPY_PROPAGATION at instruction 7: m = t12 → uses of m -> t12 at instr 9
  [VERIFY]  PASS (differential: 25/25 inputs matched, symbolic: skipped (control flow))
  [COST]    Before: 55.0, After: 52.5 (reduction: 4.5%)
  [ACCEPT]  ✓ Change accepted
--- Iteration 23 ---
  [ANALYZE] Found 10 opportunities: COPY_PROPAGATIONx10 (priority=50)
  [PROPOSE] Applying COPY_PROPAGATION at instruction 7: t13 = t12 → uses of t13 -> t12 at instr 8
  [VERIFY]  PASS (differential: 25/25 inputs matched, symbolic: skipped (control flow))
  [COST]    Before: 52.5, After: 49.5 (reduction: 5.7%)
  [ACCEPT]  ✓ Change accepted
--- Iteration 24 ---
  [ANALYZE] Found 9 opportunities: COPY_PROPAGATIONx9 (priority=50)
  [PROPOSE] Applying COPY_PROPAGATION at instruction 8: t14 = t12 + t12; tmp = t14 → tmp = t12 + t12
  [VERIFY]  PASS (differential: 25/25 inputs matched, symbolic: skipped (control flow))
  [COST]    Before: 49.5, After: 46.5 (reduction: 6.1%)
  [ACCEPT]  ✓ Change accepted
--- Iteration 25 ---
  [ANALYZE] Found 7 opportunities: COPY_PROPAGATIONx7 (priority=50)
  [PROPOSE] Applying COPY_PROPAGATION at instruction 8: t16 = 2 → uses of t16 -> 2 at instr 10
  [VERIFY]  PASS (differential: 25/25 inputs matched, symbolic: skipped (control flow))
  [COST]    Before: 46.5, After: 43.5 (reduction: 6.5%)
  [ACCEPT]  ✓ Change accepted
--- Iteration 26 ---
  [ANALYZE] Found 7 opportunities: STRENGTH_REDUCTION (priority=60), COPY_PROPAGATIONx6 (priority=50)
  [PROPOSE] Applying STRENGTH_REDUCTION at instruction 9: t18 = 2 * t17 → t18 = t17 + t17
  [VERIFY]  PASS (differential: 25/25 inputs matched, symbolic: skipped (control flow))
  [COST]    Before: 43.5, After: 43.5 (reduction: 0.0%)
  [REJECT]  ✗ Change rejected: No cost improvement
--- Iteration 27 ---
  [ANALYZE] Found 6 opportunities: COPY_PROPAGATIONx6 (priority=50)
  [PROPOSE] Applying COPY_PROPAGATION at instruction 8: t17 = 2 → uses of t17 -> 2 at instr 9
  [VERIFY]  PASS (differential: 25/25 inputs matched, symbolic: skipped (control flow))
  [COST]    Before: 43.5, After: 40.5 (reduction: 6.9%)
  [ACCEPT]  ✓ Change accepted
--- Iteration 28 ---
  [ANALYZE] Found 6 opportunities: CONSTANT_FOLD (priority=100), COPY_PROPAGATIONx5 (priority=50)
  [PROPOSE] Applying CONSTANT_FOLD at instruction 8: t18 = 2 * 2 → t18 = 4
  [VERIFY]  PASS (differential: 25/25 inputs matched, symbolic: skipped (control flow))
  [COST]    Before: 40.5, After: 40.0 (reduction: 1.2%)
  [ACCEPT]  ✓ Change accepted
--- Iteration 29 ---
  [ANALYZE] Found 6 opportunities: COPY_PROPAGATIONx6 (priority=50)
  [PROPOSE] Applying COPY_PROPAGATION at instruction 8: t18 = 4 → uses of t18 -> 4 at instr 9
  [VERIFY]  PASS (differential: 25/25 inputs matched, symbolic: skipped (control flow))
  [COST]    Before: 40.0, After: 37.0 (reduction: 7.5%)
  [ACCEPT]  ✓ Change accepted
--- Iteration 30 ---
  [ANALYZE] Found 6 opportunities: CONSTANT_FOLD (priority=100), COPY_PROPAGATIONx5 (priority=50)
  [PROPOSE] Applying CONSTANT_FOLD at instruction 8: t19 = 23 + 4 → t19 = 27
  [VERIFY]  PASS (differential: 25/25 inputs matched, symbolic: skipped (control flow))
  [COST]    Before: 37.0, After: 36.5 (reduction: 1.4%)
  [ACCEPT]  ✓ Change accepted
--- Iteration 31 ---
  [ANALYZE] Found 5 opportunities: COPY_PROPAGATIONx5 (priority=50)
  [PROPOSE] Applying COPY_PROPAGATION at instruction 8: t19 = 27 → uses of t19 -> 27 at instr 9
  [VERIFY]  PASS (differential: 25/25 inputs matched, symbolic: skipped (control flow))
  [COST]    Before: 36.5, After: 33.5 (reduction: 8.2%)
  [ACCEPT]  ✓ Change accepted
--- Iteration 32 ---
  [ANALYZE] Found 4 opportunities: COPY_PROPAGATIONx4 (priority=50)
  [PROPOSE] Applying COPY_PROPAGATION at instruction 8: v = 27 → uses of v -> 27 at instr 12
  [VERIFY]  PASS (differential: 25/25 inputs matched, symbolic: skipped (control flow))
  [COST]    Before: 33.5, After: 31.0 (reduction: 7.5%)
  [ACCEPT]  ✓ Change accepted
--- Iteration 33 ---
  [ANALYZE] Found 3 opportunities: COPY_PROPAGATIONx3 (priority=50)
  [PROPOSE] Applying COPY_PROPAGATION at instruction 8: t20 = 0 → uses of t20 -> 0 at instr 9
  [VERIFY]  PASS (differential: 25/25 inputs matched, symbolic: skipped (control flow))
  [COST]    Before: 31.0, After: 28.0 (reduction: 9.7%)
  [ACCEPT]  ✓ Change accepted
--- Iteration 34 ---
  [ANALYZE] Found 3 opportunities: ALGEBRAIC_SIMPLIFY (priority=90), COPY_PROPAGATIONx2 (priority=50)
  [PROPOSE] Applying ALGEBRAIC_SIMPLIFY at instruction 8: t21 = tmp - 0 → t21 = tmp
  [VERIFY]  PASS (differential: 25/25 inputs matched, symbolic: skipped (control flow))
  [COST]    Before: 28.0, After: 27.5 (reduction: 1.8%)
  [ACCEPT]  ✓ Change accepted
--- Iteration 35 ---
  [ANALYZE] Found 3 opportunities: COPY_PROPAGATIONx3 (priority=50)
  [PROPOSE] Applying COPY_PROPAGATION at instruction 8: tmp = t12 + t12; t21 = tmp → t21 = t12 + t12
  [VERIFY]  PASS (differential: 25/25 inputs matched, symbolic: skipped (control flow))
  [COST]    Before: 27.5, After: 25.0 (reduction: 9.1%)
  [ACCEPT]  ✓ Change accepted
--- Iteration 36 ---
  [ANALYZE] Found 2 opportunities: COPY_PROPAGATIONx2 (priority=50)
  [PROPOSE] Applying COPY_PROPAGATION at instruction 8: t21 = t12 + t12; z = t21 → z = t12 + t12
  [VERIFY]  PASS (differential: 25/25 inputs matched, symbolic: skipped (control flow))
  [COST]    Before: 25.0, After: 22.0 (reduction: 12.0%)
  [ACCEPT]  ✓ Change accepted
--- Iteration 37 ---
  [ANALYZE] No more opportunities found.
=== RESULT ===
  Original cost: 101.0
  Final cost:    22.0
  Reduction:     78.2%
  Iterations:    37
  Accepted:      35
  Rejected:      1
  Invalid:       0
  Output match:  PASS ✓
=== Original TAC ===
   0 |     t0 = 7
   1 |     t1 = 16
   2 |     t2 = t0 + t1
   3 |     y = t2
   4 |     p = y
   5 |     t3 = 5
   6 |     t4 = -t3
   7 |     t5 = y > t4
   8 |     ifFalse t5 goto L0
   9 |     t6 = 1
  10 |     t7 = p * t6
  11 |     t8 = 1
  12 |     t9 = t7 + t8
  13 |     p = t9
  14 |     goto L1
  15 | L0:
  16 |     t10 = 0
  17 |     t11 = p - t10
  18 |     p = t11
  19 | L1:
  20 |     t12 = y * p
  21 |     m = t12
  22 |     t13 = y * p
  23 |     t14 = t13 + m
  24 |     tmp = t14
  25 |     t15 = 16
  26 |     num = t15
  27 |     t16 = 2
  28 |     t17 = 2
  29 |     t18 = t16 * t17
  30 |     t19 = y + t18
  31 |     v = t19
  32 |     t20 = 0
  33 |     t21 = tmp - t20
  34 |     z = t21
  35 |     t22 = v + z
  36 |     print t22
=== Optimized TAC ===
  0 |     ifFalse 1 goto L0
  1 |     p = 24
  2 |     goto L1
  3 | L0:
  4 |     p = 23
  5 | L1:
  6 |     t12 = 23 * p
  7 |     z = t12 + t12
  8 |     t22 = 27 + z
  9 |     print t22
