=== Program: mixed_034.src ===
--- Iteration 1 ---
  [ANALYZE] Found 13 opportunities: DEAD_CODE (priority=80), COPY_PROPAGATIONx12 (priority=50)
  [PROPOSE] Applying DEAD_CODE at instruction 4: r = t2 → (removed)
  [VERIFY]  PASS (differential: 37/37 inputs matched, symbolic: skipped (control flow))
  [COST]    Before: 65.0, After: 62.5 (reduction: 3.8%)
  [ACCEPT]  ✓ Change accepted
--- Iteration 2 ---
  [ANALYZE] Found 12 opportunities: DEAD_CODE (priority=80), COPY_PROPAGATIONx11 (priority=50)
  [PROPOSE] Applying DEAD_CODE at instruction 3: t2 = 16 → (removed)
  [VERIFY]  PASS (differential: 37/37 inputs matched, symbolic: skipped (control flow))
  [COST]    Before: 62.5, After: 59.5 (reduction: 4.8%)
  [ACCEPT]  ✓ Change accepted
--- Iteration 3 ---
  [ANALYZE] Found 11 opportunities: COPY_PROPAGATIONx11 (priority=50)
  [PROPOSE] Applying COPY_PROPAGATION at instruction 0: t0 = 0 → uses of t0 -> 0 at instr 1
  [VERIFY]  PASS (differential: 34/34 inputs matched, symbolic: skipped (control flow))
  [COST]    Before: 59.5, After: 56.5 (reduction: 5.0%)
  [ACCEPT]  ✓ Change accepted
--- Iteration 4 ---
  [ANALYZE] Found 11 opportunities: ALGEBRAIC_SIMPLIFY (priority=90), COPY_PROPAGATIONx10 (priority=50)
  [PROPOSE] Applying ALGEBRAIC_SIMPLIFY at instruction 0: t1 = 0 + in_n → t1 = in_n
  [VERIFY]  PASS (differential: 34/34 inputs matched, symbolic: skipped (control flow))
  [COST]    Before: 56.5, After: 56.0 (reduction: 0.9%)
  [ACCEPT]  ✓ Change accepted
--- Iteration 5 ---
  [ANALYZE] Found 10 opportunities: COPY_PROPAGATIONx10 (priority=50)
  [PROPOSE] Applying COPY_PROPAGATION at instruction 0: t1 = in_n → uses of t1 -> in_n at instr 1
  [VERIFY]  PASS (differential: 34/34 inputs matched, symbolic: skipped (control flow))
  [COST]    Before: 56.0, After: 53.0 (reduction: 5.4%)
  [ACCEPT]  ✓ Change accepted
--- Iteration 6 ---
  [ANALYZE] Found 9 opportunities: COPY_PROPAGATIONx9 (priority=50)
  [PROPOSE] Applying COPY_PROPAGATION at instruction 0: v = in_n → uses of v -> in_n at instr 19
  [VERIFY]  PASS (differential: 34/34 inputs matched, symbolic: skipped (control flow))
  [COST]    Before: 53.0, After: 50.5 (reduction: 4.7%)
  [ACCEPT]  ✓ Change accepted
--- Iteration 7 ---
  [ANALYZE] Found 8 opportunities: COPY_PROPAGATIONx8 (priority=50)
  [PROPOSE] Applying COPY_PROPAGATION at instruction 0: t3 = 0 → uses of t3 -> 0 at instr 1
  [VERIFY]  PASS (differential: 34/34 inputs matched, symbolic: skipped (control flow))
  [COST]    Before: 50.5, After: 47.5 (reduction: 5.9%)
  [ACCEPT]  ✓ Change accepted
--- Iteration 8 ---
  [ANALYZE] Found 7 opportunities: COPY_PROPAGATIONx7 (priority=50)
  [PROPOSE] Applying COPY_PROPAGATION at instruction 1: t4 = 0 → uses of t4 -> 0 at instr 2
  [VERIFY]  PASS (differential: 34/34 inputs matched, symbolic: skipped (control flow))
  [COST]    Before: 47.5, After: 44.5 (reduction: 6.3%)
  [ACCEPT]  ✓ Change accepted
--- Iteration 9 ---
  [ANALYZE] Found 6 opportunities: COPY_PROPAGATIONx6 (priority=50)
  [PROPOSE] Applying COPY_PROPAGATION at instruction 3: t5 = 6 → uses of t5 -> 6 at instr 4
  [VERIFY]  PASS (differential: 34/34 inputs matched, symbolic: skipped (control flow))
  [COST]    Before: 44.5, After: 41.5 (reduction: 6.7%)
  [ACCEPT]  ✓ Change accepted
--- Iteration 10 ---
  [ANALYZE] Found 5 opportunities: COPY_PROPAGATIONx5 (priority=50)
  [PROPOSE] Applying COPY_PROPAGATION at instruction 5: t7 = 1 → uses of t7 -> 1 at instr 7
  [VERIFY]  PASS (differential: 34/34 inputs matched, symbolic: skipped (control flow))
  [COST]    Before: 41.5, After: 38.5 (reduction: 7.2%)
  [ACCEPT]  ✓ Change accepted
--- Iteration 11 ---
  [ANALYZE] Found 4 opportunities: COPY_PROPAGATIONx4 (priority=50)
  [PROPOSE] Applying COPY_PROPAGATION at instruction 5: t8 = 4 → uses of t8 -> 4 at instr 6
  [VERIFY]  PASS (differential: 34/34 inputs matched, symbolic: skipped (control flow))
  [COST]    Before: 38.5, After: 35.5 (reduction: 7.8%)
  [ACCEPT]  ✓ Change accepted
--- Iteration 12 ---
  [ANALYZE] Found 4 opportunities: CONSTANT_FOLD (priority=100), COPY_PROPAGATIONx3 (priority=50)
  [PROPOSE] Applying CONSTANT_FOLD at instruction 5: t9 = 1 + 4 → t9 = 5
  [VERIFY]  PASS (differential: 34/34 inputs matched, symbolic: skipped (control flow))
  [COST]    Before: 35.5, After: 35.0 (reduction: 1.4%)
  [ACCEPT]  ✓ Change accepted
--- Iteration 13 ---
  [ANALYZE] Found 4 opportunities: COPY_PROPAGATIONx4 (priority=50)
  [PROPOSE] Applying COPY_PROPAGATION at instruction 5: t9 = 5 → uses of t9 -> 5 at instr 6
  [VERIFY]  PASS (differential: 33/33 inputs matched, symbolic: skipped (control flow))
  [COST]    Before: 35.0, After: 32.0 (reduction: 8.6%)
  [ACCEPT]  ✓ Change accepted
--- Iteration 14 ---
  [ANALYZE] Found 3 opportunities: COPY_PROPAGATIONx3 (priority=50)
  [PROPOSE] Applying COPY_PROPAGATION at instruction 6: t10 = s + 5; s = t10 → s = s + 5
  [VERIFY]  PASS (differential: 33/33 inputs matched, symbolic: skipped (control flow))
  [COST]    Before: 32.0, After: 29.0 (reduction: 9.4%)
  [ACCEPT]  ✓ Change accepted
--- Iteration 15 ---
  [ANALYZE] Found 2 opportunities: COPY_PROPAGATIONx2 (priority=50)
  [PROPOSE] Applying COPY_PROPAGATION at instruction 6: t11 = 1 → uses of t11 -> 1 at instr 7
  [VERIFY]  PASS (differential: 33/33 inputs matched, symbolic: skipped (control flow))
  [COST]    Before: 29.0, After: 26.0 (reduction: 10.3%)
  [ACCEPT]  ✓ Change accepted
--- Iteration 16 ---
  [ANALYZE] Found 1 opportunity: COPY_PROPAGATION (priority=50)
  [PROPOSE] Applying COPY_PROPAGATION at instruction 7: t12 = i + 1; i = t12 → i = i + 1
  [VERIFY]  PASS (differential: 33/33 inputs matched, symbolic: skipped (control flow))
  [COST]    Before: 26.0, After: 23.0 (reduction: 11.5%)
  [ACCEPT]  ✓ Change accepted
--- Iteration 17 ---
  [ANALYZE] No more opportunities found.
=== RESULT ===
  Original cost: 65.0
  Final cost:    23.0
  Reduction:     64.6%
  Iterations:    17
  Accepted:      16
  Rejected:      0
  Invalid:       0
  Output match:  PASS ✓
=== Original TAC ===
   0 |     t0 = 0
   1 |     t1 = t0 + in_n
   2 |     v = t1
   3 |     t2 = 16
   4 |     r = t2
   5 |     t3 = 0
   6 |     s = t3
   7 |     t4 = 0
   8 |     i = t4
   9 | L0:
  10 |     t5 = 6
  11 |     t6 = i < t5
  12 |     ifFalse t6 goto L1
  13 |     t7 = 1
  14 |     t8 = 4
  15 |     t9 = t7 + t8
  16 |     t10 = s + t9
  17 |     s = t10
  18 |     t11 = 1
  19 |     t12 = i + t11
  20 |     i = t12
  21 |     goto L0
  22 | L1:
  23 |     t13 = v + s
  24 |     print t13
=== Optimized TAC ===
   0 |     s = 0
   1 |     i = 0
   2 | L0:
   3 |     t6 = i < 6
   4 |     ifFalse t6 goto L1
   5 |     s = s + 5
   6 |     i = i + 1
   7 |     goto L0
   8 | L1:
   9 |     t13 = in_n + s
  10 |     print t13
