=== Program: mixed_032.src ===
--- Iteration 1 ---
  [ANALYZE] Found 16 opportunities: CSE (priority=70), COPY_PROPAGATIONx15 (priority=50)
  [PROPOSE] Applying CSE at instruction 9: t6 = d * y → t6 = t5
  [VERIFY]  PASS (differential: 25/25 inputs matched, symbolic: equivalent)
  [COST]    Before: 56.5, After: 56.0 (reduction: 0.9%)
  [ACCEPT]  ✓ Change accepted
--- Iteration 2 ---
  [ANALYZE] Found 15 opportunities: COPY_PROPAGATIONx15 (priority=50)
  [PROPOSE] Applying COPY_PROPAGATION at instruction 0: t0 = 12 → uses of t0 -> 12 at instr 2
  [VERIFY]  PASS (differential: 25/25 inputs matched, symbolic: equivalent)
  [COST]    Before: 56.0, After: 53.0 (reduction: 5.4%)
  [ACCEPT]  ✓ Change accepted
--- Iteration 3 ---
  [ANALYZE] Found 14 opportunities: COPY_PROPAGATIONx14 (priority=50)
  [PROPOSE] Applying COPY_PROPAGATION at instruction 0: t1 = 5 → uses of t1 -> 5 at instr 1
  [VERIFY]  PASS (differential: 25/25 inputs matched, symbolic: equivalent)
  [COST]    Before: 53.0, After: 50.0 (reduction: 5.7%)
  [ACCEPT]  ✓ Change accepted
--- Iteration 4 ---
  [ANALYZE] Found 14 opportunities: CONSTANT_FOLD (priority=100), COPY_PROPAGATIONx13 (priority=50)
  [PROPOSE] Applying CONSTANT_FOLD at instruction 0: t2 = 12 + 5 → t2 = 17
  [VERIFY]  PASS (differential: 25/25 inputs matched, symbolic: equivalent)
  [COST]    Before: 50.0, After: 49.5 (reduction: 1.0%)
  [ACCEPT]  ✓ Change accepted
--- Iteration 5 ---
  [ANALYZE] Found 13 opportunities: COPY_PROPAGATIONx13 (priority=50)
  [PROPOSE] Applying COPY_PROPAGATION at instruction 0: t2 = 17 → uses of t2 -> 17 at instr 1
  [VERIFY]  PASS (differential: 25/25 inputs matched, symbolic: equivalent)
  [COST]    Before: 49.5, After: 46.5 (reduction: 6.1%)
  [ACCEPT]  ✓ Change accepted
--- Iteration 6 ---
  [ANALYZE] Found 12 opportunities: COPY_PROPAGATIONx12 (priority=50)
  [PROPOSE] Applying COPY_PROPAGATION at instruction 0: y = 17 → uses of y -> 17 at instr 2, 4
  [VERIFY]  PASS (differential: 25/25 inputs matched, symbolic: equivalent)
  [COST]    Before: 46.5, After: 44.0 (reduction: 5.4%)
  [ACCEPT]  ✓ Change accepted
--- Iteration 7 ---
  [ANALYZE] Found 11 opportunities: COPY_PROPAGATIONx11 (priority=50)
  [PROPOSE] Applying COPY_PROPAGATION at instruction 0: t3 = 0 → uses of t3 -> 0 at instr 1
  [VERIFY]  PASS (differential: 25/25 inputs matched, symbolic: equivalent)
  [COST]    Before: 44.0, After: 41.0 (reduction: 6.8%)
  [ACCEPT]  ✓ Change accepted
--- Iteration 8 ---
  [ANALYZE] Found 11 opportunities: CONSTANT_FOLD (priority=100), COPY_PROPAGATIONx10 (priority=50)
  [PROPOSE] Applying CONSTANT_FOLD at instruction 0: t4 = 17 + 0 → t4 = 17
  [VERIFY]  PASS (differential: 25/25 inputs matched, symbolic: equivalent)
  [COST]    Before: 41.0, After: 40.5 (reduction: 1.2%)
  [ACCEPT]  ✓ Change accepted
--- Iteration 9 ---
  [ANALYZE] Found 10 opportunities: COPY_PROPAGATIONx10 (priority=50)
  [PROPOSE] Applying COPY_PROPAGATION at instruction 0: t4 = 17 → uses of t4 -> 17 at instr 1
  [VERIFY]  PASS (differential: 25/25 inputs matched, symbolic: equivalent)
  [COST]    Before: 40.5, After: 37.5 (reduction: 7.4%)
  [ACCEPT]  ✓ Change accepted
--- Iteration 10 ---
  [ANALYZE] Found 9 opportunities: COPY_PROPAGATIONx9 (priority=50)
  [PROPOSE] Applying COPY_PROPAGATION at instruction 0: d = 17 → uses of d -> 17 at instr 1
  [VERIFY]  PASS (differential: 25/25 inputs matched, symbolic: equivalent)
  [COST]    Before: 37.5, After: 35.0 (reduction: 6.7%)
  [ACCEPT]  ✓ Change accepted
--- Iteration 11 ---
  [ANALYZE] Found 9 opportunities: CONSTANT_FOLD (priority=100), COPY_PROPAGATIONx8 (priority=50)
  [PROPOSE] Applying CONSTANT_FOLD at instruction 0: t5 = 17 * 17 → t5 = 289
  [VERIFY]  PASS (differential: 25/25 inputs matched, symbolic: equivalent)
  [COST]    Before: 35.0, After: 34.5 (reduction: 1.4%)
  [ACCEPT]  ✓ Change accepted
--- Iteration 12 ---
  [ANALYZE] Found 9 opportunities: COPY_PROPAGATIONx9 (priority=50)
  [PROPOSE] Applying COPY_PROPAGATION at instruction 0: t5 = 289 → uses of t5 -> 289 at instr 1, 2
  [VERIFY]  PASS (differential: 25/25 inputs matched, symbolic: equivalent)
  [COST]    Before: 34.5, After: 31.5 (reduction: 8.7%)
  [ACCEPT]  ✓ Change accepted
--- Iteration 13 ---
  [ANALYZE] Found 8 opportunities: COPY_PROPAGATIONx8 (priority=50)
  [PROPOSE] Applying COPY_PROPAGATION at instruction 0: p = 289 → uses of p -> 289 at instr 2
  [VERIFY]  PASS (differential: 25/25 inputs matched, symbolic: equivalent)
  [COST]    Before: 31.5, After: 29.0 (reduction: 7.9%)
  [ACCEPT]  ✓ Change accepted
--- Iteration 14 ---
  [ANALYZE] Found 7 opportunities: COPY_PROPAGATIONx7 (priority=50)
  [PROPOSE] Applying COPY_PROPAGATION at instruction 0: t6 = 289 → uses of t6 -> 289 at instr 1
  [VERIFY]  PASS (differential: 25/25 inputs matched, symbolic: equivalent)
  [COST]    Before: 29.0, After: 26.0 (reduction: 10.3%)
  [ACCEPT]  ✓ Change accepted
--- Iteration 15 ---
  [ANALYZE] Found 7 opportunities: CONSTANT_FOLD (priority=100), COPY_PROPAGATIONx6 (priority=50)
  [PROPOSE] Applying CONSTANT_FOLD at instruction 0: t7 = 289 + 289 → t7 = 578
  [VERIFY]  PASS (differential: 25/25 inputs matched, symbolic: equivalent)
  [COST]    Before: 26.0, After: 25.5 (reduction: 1.9%)
  [ACCEPT]  ✓ Change accepted
--- Iteration 16 ---
  [ANALYZE] Found 6 opportunities: COPY_PROPAGATIONx6 (priority=50)
  [PROPOSE] Applying COPY_PROPAGATION at instruction 0: t7 = 578 → uses of t7 -> 578 at instr 1
  [VERIFY]  PASS (differential: 25/25 inputs matched, symbolic: equivalent)
  [COST]    Before: 25.5, After: 22.5 (reduction: 11.8%)
  [ACCEPT]  ✓ Change accepted
--- Iteration 17 ---
  [ANALYZE] Found 5 opportunities: COPY_PROPAGATIONx5 (priority=50)
  [PROPOSE] Applying COPY_PROPAGATION at instruction 0: s = 578 → uses of s -> 578 at instr 4, 6
  [VERIFY]  PASS (differential: 25/25 inputs matched, symbolic: equivalent)
  [COST]    Before: 22.5, After: 20.0 (reduction: 11.1%)
  [ACCEPT]  ✓ Change accepted
--- Iteration 18 ---
  [ANALYZE] Found 4 opportunities: COPY_PROPAGATIONx4 (priority=50)
  [PROPOSE] Applying COPY_PROPAGATION at instruction 0: t8 = 10 → uses of t8 -> 10 at instr 2
  [VERIFY]  PASS (differential: 25/25 inputs matched, symbolic: equivalent)
  [COST]    Before: 20.0, After: 17.0 (reduction: 15.0%)
  [ACCEPT]  ✓ Change accepted
--- Iteration 19 ---
  [ANALYZE] Found 3 opportunities: COPY_PROPAGATIONx3 (priority=50)
  [PROPOSE] Applying COPY_PROPAGATION at instruction 0: t9 = 8 → uses of t9 -> 8 at instr 1
  [VERIFY]  PASS (differential: 25/25 inputs matched, symbolic: equivalent)
  [COST]    Before: 17.0, After: 14.0 (reduction: 17.6%)
  [ACCEPT]  ✓ Change accepted
--- Iteration 20 ---
  [ANALYZE] Found 3 opportunities: CONSTANT_FOLD (priority=100), COPY_PROPAGATIONx2 (priority=50)
  [PROPOSE] Applying CONSTANT_FOLD at instruction 0: t10 = 10 * 8 → t10 = 80
  [VERIFY]  PASS (differential: 25/25 inputs matched, symbolic: equivalent)
  [COST]    Before: 14.0, After: 13.5 (reduction: 3.6%)
  [ACCEPT]  ✓ Change accepted
--- Iteration 21 ---
  [ANALYZE] Found 3 opportunities: COPY_PROPAGATIONx3 (priority=50)
  [PROPOSE] Applying COPY_PROPAGATION at instruction 0: t10 = 80 → uses of t10 -> 80 at instr 1
  [VERIFY]  PASS (differential: 25/25 inputs matched, symbolic: equivalent)
  [COST]    Before: 13.5, After: 10.5 (reduction: 22.2%)
  [ACCEPT]  ✓ Change accepted
--- Iteration 22 ---
  [ANALYZE] Found 3 opportunities: CONSTANT_FOLD (priority=100), COPY_PROPAGATIONx2 (priority=50)
  [PROPOSE] Applying CONSTANT_FOLD at instruction 0: t11 = 578 + 80 → t11 = 658
  [VERIFY]  PASS (differential: 25/25 inputs matched, symbolic: equivalent)
  [COST]    Before: 10.5, After: 10.0 (reduction: 4.8%)
  [ACCEPT]  ✓ Change accepted
--- Iteration 23 ---
  [ANALYZE] Found 2 opportunities: COPY_PROPAGATIONx2 (priority=50)
  [PROPOSE] Applying COPY_PROPAGATION at instruction 0: t11 = 658 → uses of t11 -> 658 at instr 1
  [VERIFY]  PASS (differential: 25/25 inputs matched, symbolic: equivalent)
  [COST]    Before: 10.0, After: 7.0 (reduction: 30.0%)
  [ACCEPT]  ✓ Change accepted
--- Iteration 24 ---
  [ANALYZE] Found 1 opportunity: COPY_PROPAGATION (priority=50)
  [PROPOSE] Applying COPY_PROPAGATION at instruction 0: acc = 658 → uses of acc -> 658 at instr 1
  [VERIFY]  PASS (differential: 25/25 inputs matched, symbolic: equivalent)
  [COST]    Before: 7.0, After: 4.5 (reduction: 35.7%)
  [ACCEPT]  ✓ Change accepted
--- Iteration 25 ---
  [ANALYZE] Found 1 opportunity: CONSTANT_FOLD (priority=100)
  [PROPOSE] Applying CONSTANT_FOLD at instruction 0: t12 = 578 + 658 → t12 = 1236
  [VERIFY]  PASS (differential: 25/25 inputs matched, symbolic: equivalent)
  [COST]    Before: 4.5, After: 4.0 (reduction: 11.1%)
  [ACCEPT]  ✓ Change accepted
--- Iteration 26 ---
  [ANALYZE] Found 1 opportunity: COPY_PROPAGATION (priority=50)
  [PROPOSE] Applying COPY_PROPAGATION at instruction 0: t12 = 1236 → uses of t12 -> 1236 at instr 1
  [VERIFY]  PASS (differential: 25/25 inputs matched, symbolic: equivalent)
  [COST]    Before: 4.0, After: 1.0 (reduction: 75.0%)
  [ACCEPT]  ✓ Change accepted
--- Iteration 27 ---
  [ANALYZE] No more opportunities found.
=== RESULT ===
  Original cost: 56.5
  Final cost:    1.0
  Reduction:     98.2%
  Iterations:    27
  Accepted:      26
  Rejected:      0
  Invalid:       0
  Output match:  PASS ✓
=== Original TAC ===
   0 |     t0 = 12
   1 |     t1 = 5
   2 |     t2 = t0 + t1
   3 |     y = t2
   4 |     t3 = 0
   5 |     t4 = y + t3
   6 |     d = t4
   7 |     t5 = d * y
   8 |     p = t5
   9 |     t6 = d * y
  10 |     t7 = t6 + p
  11 |     s = t7
  12 |     t8 = 10
  13 |     t9 = 8
  14 |     t10 = t8 * t9
  15 |     t11 = s + t10
  16 |     acc = t11
  17 |     t12 = s + acc
  18 |     print t12
=== Optimized TAC ===
  0 |     print 1236
