=== Program: mixed_004.src ===
--- Iteration 1 ---
  [ANALYZE] Found 19 opportunities: CSE (priority=70), COPY_PROPAGATIONx18 (priority=50)
  [PROPOSE] Applying CSE at instruction 24: t14 = c * v → t14 = t13
  [VERIFY]  PASS (differential: 25/25 inputs matched, symbolic: skipped (control flow))
  [COST]    Before: 78.5, After: 78.0 (reduction: 0.6%)
  [ACCEPT]  ✓ Change accepted
--- Iteration 2 ---
  [ANALYZE] Found 18 opportunities: COPY_PROPAGATIONx18 (priority=50)
  [PROPOSE] Applying COPY_PROPAGATION at instruction 0: t0 = 8 → uses of t0 -> 8 at instr 2
  [VERIFY]  PASS (differential: 25/25 inputs matched, symbolic: skipped (control flow))
  [COST]    Before: 78.0, After: 75.0 (reduction: 3.8%)
  [ACCEPT]  ✓ Change accepted
--- Iteration 3 ---
  [ANALYZE] Found 17 opportunities: COPY_PROPAGATIONx17 (priority=50)
  [PROPOSE] Applying COPY_PROPAGATION at instruction 0: t1 = 8 → uses of t1 -> 8 at instr 1
  [VERIFY]  PASS (differential: 25/25 inputs matched, symbolic: skipped (control flow))
  [COST]    Before: 75.0, After: 72.0 (reduction: 4.0%)
  [ACCEPT]  ✓ Change accepted
--- Iteration 4 ---
  [ANALYZE] Found 17 opportunities: CONSTANT_FOLD (priority=100), COPY_PROPAGATIONx16 (priority=50)
  [PROPOSE] Applying CONSTANT_FOLD at instruction 0: t2 = 8 + 8 → t2 = 16
  [VERIFY]  PASS (differential: 25/25 inputs matched, symbolic: skipped (control flow))
  [COST]    Before: 72.0, After: 71.5 (reduction: 0.7%)
  [ACCEPT]  ✓ Change accepted
--- Iteration 5 ---
  [ANALYZE] Found 16 opportunities: COPY_PROPAGATIONx16 (priority=50)
  [PROPOSE] Applying COPY_PROPAGATION at instruction 0: t2 = 16 → uses of t2 -> 16 at instr 1
  [VERIFY]  PASS (differential: 25/25 inputs matched, symbolic: skipped (control flow))
  [COST]    Before: 71.5, After: 68.5 (reduction: 4.2%)
  [ACCEPT]  ✓ Change accepted
--- Iteration 6 ---
  [ANALYZE] Found 15 opportunities: COPY_PROPAGATIONx15 (priority=50)
  [PROPOSE] Applying COPY_PROPAGATION at instruction 0: tmp = 16 → uses of tmp -> 16 at instr 2
  [VERIFY]  PASS (differential: 25/25 inputs matched, symbolic: skipped (control flow))
  [COST]    Before: 68.5, After: 66.0 (reduction: 3.6%)
  [ACCEPT]  ✓ Change accepted
--- Iteration 7 ---
  [ANALYZE] Found 15 opportunities: STRENGTH_REDUCTION (priority=60), COPY_PROPAGATIONx14 (priority=50)
  [PROPOSE] Applying STRENGTH_REDUCTION at instruction 1: t4 = 16 * t3 → t4 = t3 << 4
  [VERIFY]  PASS (differential: 25/25 inputs matched, symbolic: skipped (control flow))
  [COST]    Before: 66.0, After: 64.0 (reduction: 3.0%)
  [ACCEPT]  ✓ Change accepted
--- Iteration 8 ---
  [ANALYZE] Found 14 opportunities: COPY_PROPAGATIONx14 (priority=50)
  [PROPOSE] Applying COPY_PROPAGATION at instruction 0: t3 = 8 → uses of t3 -> 8 at instr 1
  [VERIFY]  PASS (differential: 25/25 inputs matched, symbolic: skipped (control flow))
  [COST]    Before: 64.0, After: 61.0 (reduction: 4.7%)
  [ACCEPT]  ✓ Change accepted
--- Iteration 9 ---
  [ANALYZE] Found 14 opportunities: CONSTANT_FOLD (priority=100), COPY_PROPAGATIONx13 (priority=50)
  [PROPOSE] Applying CONSTANT_FOLD at instruction 0: t4 = 8 << 4 → t4 = 128 (forwarded into uses of t4)
  [VERIFY]  PASS (differential: 25/25 inputs matched, symbolic: skipped (control flow))
  [COST]    Before: 61.0, After: 59.5 (reduction: 2.5%)
  [ACCEPT]  ✓ Change accepted
--- Iteration 10 ---
  [ANALYZE] Found 12 opportunities: COPY_PROPAGATIONx12 (priority=50)
  [PROPOSE] Applying COPY_PROPAGATION at instruction 0: v = 128 → uses of v -> 128 at instr 1, 3, 16
  [VERIFY]  PASS (differential: 25/25 inputs matched, symbolic: skipped (control flow))
  [COST]    Before: 59.5, After: 57.0 (reduction: 4.2%)
  [ACCEPT]  ✓ Change accepted
--- Iteration 11 ---
  [ANALYZE] Found 12 opportunities: STRENGTH_REDUCTION (priority=60), COPY_PROPAGATIONx11 (priority=50)
  [PROPOSE] Applying STRENGTH_REDUCTION at instruction 15: t13 = c * 128 → t13 = c << 7
  [VERIFY]  PASS (differential: 25/25 inputs matched, symbolic: skipped (control flow))
  [COST]    Before: 57.0, After: 55.0 (reduction: 3.5%)
  [ACCEPT]  ✓ Change accepted
--- Iteration 12 ---
  [ANALYZE] Found 11 opportunities: COPY_PROPAGATIONx11 (priority=50)
  [PROPOSE] Applying COPY_PROPAGATION at instruction 0: c = 128 → uses of c -> 128 at instr 5, 12
  [VERIFY]  PASS (differential: 25/25 inputs matched, symbolic: skipped (control flow))
  [COST]    Before: 55.0, After: 52.5 (reduction: 4.5%)
  [ACCEPT]  ✓ Change accepted
--- Iteration 13 ---
  [ANALYZE] Found 11 opportunities: STRENGTH_REDUCTION (priority=60), COPY_PROPAGATIONx10 (priority=50)
  [PROPOSE] Applying STRENGTH_REDUCTION at instruction 4: t8 = 128 * t7 → t8 = t7 << 7
  [VERIFY]  PASS (differential: 25/25 inputs matched, symbolic: skipped (control flow))
  [COST]    Before: 52.5, After: 50.5 (reduction: 3.8%)
  [ACCEPT]  ✓ Change accepted
--- Iteration 14 ---
  [ANALYZE] Found 10 opportunities: COPY_PROPAGATIONx10 (priority=50)
  [PROPOSE] Applying COPY_PROPAGATION at instruction 0: t5 = 7 → uses of t5 -> 7 at instr 1
  [VERIFY]  PASS (differential: 25/25 inputs matched, symbolic: skipped (control flow))
  [COST]    Before: 50.5, After: 47.5 (reduction: 5.9%)
  [ACCEPT]  ✓ Change accepted
--- Iteration 15 ---
  [ANALYZE] Found 10 opportunities: CONSTANT_FOLD (priority=100), COPY_PROPAGATIONx9 (priority=50)
  [PROPOSE] Applying CONSTANT_FOLD at instruction 0: t6 = 128 > 7 → t6 = 1 (forwarded into uses of t6)
  [VERIFY]  PASS (differential: 25/25 inputs matched, symbolic: skipped (control flow))
  [COST]    Before: 47.5, After: 46.0 (reduction: 3.2%)
  [ACCEPT]  ✓ Change accepted
--- Iteration 16 ---
  [ANALYZE] Found 9 opportunities: COPY_PROPAGATIONx9 (priority=50)
  [PROPOSE] Applying COPY_PROPAGATION at instruction 1: t7 = 1 → uses of t7 -> 1 at instr 2
  [VERIFY]  PASS (differential: 25/25 inputs matched, symbolic: skipped (control flow))
  [COST]    Before: 46.0, After: 43.0 (reduction: 6.5%)
  [ACCEPT]  ✓ Change accepted
--- Iteration 17 ---
  [ANALYZE] Found 9 opportunities: CONSTANT_FOLD (priority=100), COPY_PROPAGATIONx8 (priority=50)
  [PROPOSE] Applying CONSTANT_FOLD at instruction 1: t8 = 1 << 7 → t8 = 128 (forwarded into uses of t8)
  [VERIFY]  PASS (differential: 25/25 inputs matched, symbolic: skipped (control flow))
  [COST]    Before: 43.0, After: 41.5 (reduction: 3.5%)
  [ACCEPT]  ✓ Change accepted
--- Iteration 18 ---
  [ANALYZE] Found 8 opportunities: COPY_PROPAGATIONx8 (priority=50)
  [PROPOSE] Applying COPY_PROPAGATION at instruction 1: t9 = 1 → uses of t9 -> 1 at instr 2
  [VERIFY]  PASS (differential: 25/25 inputs matched, symbolic: skipped (control flow))
  [COST]    Before: 41.5, After: 38.5 (reduction: 7.2%)
  [ACCEPT]  ✓ Change accepted
--- Iteration 19 ---
  [ANALYZE] Found 8 opportunities: CONSTANT_FOLD (priority=100), COPY_PROPAGATIONx7 (priority=50)
  [PROPOSE] Applying CONSTANT_FOLD at instruction 1: t10 = 128 + 1 → t10 = 129
  [VERIFY]  PASS (differential: 25/25 inputs matched, symbolic: skipped (control flow))
  [COST]    Before: 38.5, After: 38.0 (reduction: 1.3%)
  [ACCEPT]  ✓ Change accepted
--- Iteration 20 ---
  [ANALYZE] Found 7 opportunities: COPY_PROPAGATIONx7 (priority=50)
  [PROPOSE] Applying COPY_PROPAGATION at instruction 1: t10 = 129 → uses of t10 -> 129 at instr 2
  [VERIFY]  PASS (differential: 25/25 inputs matched, symbolic: skipped (control flow))
  [COST]    Before: 38.0, After: 35.0 (reduction: 7.9%)
  [ACCEPT]  ✓ Change accepted
--- Iteration 21 ---
  [ANALYZE] Found 6 opportunities: COPY_PROPAGATIONx6 (priority=50)
  [PROPOSE] Applying COPY_PROPAGATION at instruction 4: t11 = 0 → uses of t11 -> 0 at instr 5
  [VERIFY]  PASS (differential: 25/25 inputs matched, symbolic: skipped (control flow))
  [COST]    Before: 35.0, After: 32.0 (reduction: 8.6%)
  [ACCEPT]  ✓ Change accepted
--- Iteration 22 ---
  [ANALYZE] Found 6 opportunities: CONSTANT_FOLD (priority=100), COPY_PROPAGATIONx5 (priority=50)
  [PROPOSE] Applying CONSTANT_FOLD at instruction 4: t12 = 128 - 0 → t12 = 128
  [VERIFY]  PASS (differential: 25/25 inputs matched, symbolic: skipped (control flow))
  [COST]    Before: 32.0, After: 31.5 (reduction: 1.6%)
  [ACCEPT]  ✓ Change accepted
--- Iteration 23 ---
  [ANALYZE] Found 5 opportunities: COPY_PROPAGATIONx5 (priority=50)
  [PROPOSE] Applying COPY_PROPAGATION at instruction 4: t12 = 128 → uses of t12 -> 128 at instr 5
  [VERIFY]  PASS (differential: 25/25 inputs matched, symbolic: skipped (control flow))
  [COST]    Before: 31.5, After: 28.5 (reduction: 9.5%)
  [ACCEPT]  ✓ Change accepted
--- Iteration 24 ---
  [ANALYZE] Found 4 opportunities: COPY_PROPAGATIONx4 (priority=50)
  [PROPOSE] Applying COPY_PROPAGATION at instruction 7: h = t13 → uses of h -> t13 at instr 9
  [VERIFY]  PASS (differential: 25/25 inputs matched, symbolic: skipped (control flow))
  [COST]    Before: 28.5, After: 26.0 (reduction: 8.8%)
  [ACCEPT]  ✓ Change accepted
--- Iteration 25 ---
  [ANALYZE] Found 3 opportunities: COPY_PROPAGATIONx3 (priority=50)
  [PROPOSE] Applying COPY_PROPAGATION at instruction 7: t14 = t13 → uses of t14 -> t13 at instr 8
  [VERIFY]  PASS (differential: 25/25 inputs matched, symbolic: skipped (control flow))
  [COST]    Before: 26.0, After: 23.0 (reduction: 11.5%)
  [ACCEPT]  ✓ Change accepted
--- Iteration 26 ---
  [ANALYZE] Found 2 opportunities: COPY_PROPAGATIONx2 (priority=50)
  [PROPOSE] Applying COPY_PROPAGATION at instruction 8: t15 = t13 + t13; u = t15 → u = t13 + t13
  [VERIFY]  PASS (differential: 25/25 inputs matched, symbolic: skipped (control flow))
  [COST]    Before: 23.0, After: 20.0 (reduction: 13.0%)
  [ACCEPT]  ✓ Change accepted
--- Iteration 27 ---
  [ANALYZE] No more opportunities found.
=== RESULT ===
  Original cost: 78.5
  Final cost:    20.0
  Reduction:     74.5%
  Iterations:    27
  Accepted:      26
  Rejected:      0
  Invalid:       0
  Output match:  PASS ✓
=== Original TAC ===
   0 |     t0 = 8
   1 |     t1 = 8
   2 |     t2 = t0 + t1
   3 |     tmp = t2
   4 |     t3 = 8
   5 |     t4 = tmp * t3
   6 |     v = t4
   7 |     c = v
   8 |     t5 = 7
   9 |     t6 = v > t5
  10 |     ifFalse t6 goto L0
  11 |     t7 = 1
  12 |     t8 = c * t7
  13 |     t9 = 1
  14 |     t10 = t8 + t9
  15 |     c = t10
  16 |     goto L1
  17 | L0:
  18 |     t11 = 0
  19 |     t12 = c - t11
  20 |     c = t12
  21 | L1:
  22 |     t13 = c * v
  23 |     h = t13
  24 |     t14 = c * v
  25 |     t15 = t14 + h
  26 |     u = t15
  27 |     t16 = c + u
  28 |     print t16
=== Optimized TAC ===
  0 |     ifFalse 1 goto L0
  1 |     c = 129
  2 |     goto L1
  3 | L0:
  4 |     c = 128
  5 | L1:
  6 |     t13 = c << 7
  7 |     u = t13 + t13
  8 |     t16 = c + u
  9 |     print t16
