=== Program: mixed_001.src ===
--- Iteration 1 ---
  [ANALYZE] Found 20 opportunities: DEAD_CODE (priority=80), CSE (priority=70), COPY_PROPAGATIONx18 (priority=50)
  [PROPOSE] Applying DEAD_CODE at instruction 7: d = t4 → (removed)
  [VERIFY]  PASS (differential: 39/39 inputs matched, symbolic: skipped (control flow))
  [COST]    Before: 90.5, After: 88.0 (reduction: 2.8%)
  [ACCEPT]  ✓ Change accepted
--- Iteration 2 ---
  [ANALYZE] Found 19 opportunities: DEAD_CODE (priority=80), CSE (priority=70), COPY_PROPAGATIONx17 (priority=50)
  [PROPOSE] Applying DEAD_CODE at instruction 6: t4 = in_b * t3 → (removed)
  [VERIFY]  PASS (differential: 39/39 inputs matched, symbolic: skipped (control flow))
  [COST]    Before: 88.0, After: 84.5 (reduction: 4.0%)
  [ACCEPT]  ✓ Change accepted
--- Iteration 3 ---
  [ANALYZE] Found 18 opportunities: DEAD_CODE (priority=80), CSE (priority=70), COPY_PROPAGATIONx16 (priority=50)
  [PROPOSE] Applying DEAD_CODE at instruction 5: t3 = 16 → (removed)
  [VERIFY]  PASS (differential: 39/39 inputs matched, symbolic: skipped (control flow))
  [COST]    Before: 84.5, After: 81.5 (reduction: 3.6%)
  [ACCEPT]  ✓ Change accepted
--- Iteration 4 ---
  [ANALYZE] Found 17 opportunities: CSE (priority=70), COPY_PROPAGATIONx16 (priority=50)
  [PROPOSE] Applying CSE at instruction 2: t1 = in_b * in_b → t1 = t0
  [VERIFY]  PASS (differential: 36/36 inputs matched, symbolic: skipped (control flow))
  [COST]    Before: 81.5, After: 81.0 (reduction: 0.6%)
  [ACCEPT]  ✓ Change accepted
--- Iteration 5 ---
  [ANALYZE] Found 16 opportunities: COPY_PROPAGATIONx16 (priority=50)
  [PROPOSE] Applying COPY_PROPAGATION at instruction 1: q = t0 → uses of q -> t0 at instr 3
  [VERIFY]  PASS (differential: 36/36 inputs matched, symbolic: skipped (control flow))
  [COST]    Before: 81.0, After: 78.5 (reduction: 3.1%)
  [ACCEPT]  ✓ Change accepted
--- Iteration 6 ---
  [ANALYZE] Found 15 opportunities: COPY_PROPAGATIONx15 (priority=50)
  [PROPOSE] Applying COPY_PROPAGATION at instruction 1: t1 = t0 → uses of t1 -> t0 at instr 2
  [VERIFY]  PASS (differential: 36/36 inputs matched, symbolic: skipped (control flow))
  [COST]    Before: 78.5, After: 75.5 (reduction: 3.8%)
  [ACCEPT]  ✓ Change accepted
--- Iteration 7 ---
  [ANALYZE] Found 14 opportunities: COPY_PROPAGATIONx14 (priority=50)
  [PROPOSE] Applying COPY_PROPAGATION at instruction 2: t2 = t0 + t0; n = t2 → n = t0 + t0
  [VERIFY]  PASS (differential: 36/36 inputs matched, symbolic: skipped (control flow))
  [COST]    Before: 75.5, After: 72.5 (reduction: 4.0%)
  [ACCEPT]  ✓ Change accepted
--- Iteration 8 ---
  [ANALYZE] Found 12 opportunities: COPY_PROPAGATIONx12 (priority=50)
  [PROPOSE] Applying COPY_PROPAGATION at instruction 2: t5 = 0 → uses of t5 -> 0 at instr 3
  [VERIFY]  PASS (differential: 36/36 inputs matched, symbolic: skipped (control flow))
  [COST]    Before: 72.5, After: 69.5 (reduction: 4.1%)
  [ACCEPT]  ✓ Change accepted
--- Iteration 9 ---
  [ANALYZE] Found 11 opportunities: COPY_PROPAGATIONx11 (priority=50)
  [PROPOSE] Applying COPY_PROPAGATION at instruction 3: t6 = 0 → uses of t6 -> 0 at instr 4
  [VERIFY]  PASS (differential: 36/36 inputs matched, symbolic: skipped (control flow))
  [COST]    Before: 69.5, After: 66.5 (reduction: 4.3%)
  [ACCEPT]  ✓ Change accepted
--- Iteration 10 ---
  [ANALYZE] Found 10 opportunities: COPY_PROPAGATIONx10 (priority=50)
  [PROPOSE] Applying COPY_PROPAGATION at instruction 5: t7 = 5 → uses of t7 -> 5 at instr 6
  [VERIFY]  PASS (differential: 36/36 inputs matched, symbolic: skipped (control flow))
  [COST]    Before: 66.5, After: 63.5 (reduction: 4.5%)
  [ACCEPT]  ✓ Change accepted
--- Iteration 11 ---
  [ANALYZE] Found 9 opportunities: COPY_PROPAGATIONx9 (priority=50)
  [PROPOSE] Applying COPY_PROPAGATION at instruction 7: t9 = 1 → uses of t9 -> 1 at instr 9
  [VERIFY]  PASS (differential: 36/36 inputs matched, symbolic: skipped (control flow))
  [COST]    Before: 63.5, After: 60.5 (reduction: 4.7%)
  [ACCEPT]  ✓ Change accepted
--- Iteration 12 ---
  [ANALYZE] Found 8 opportunities: COPY_PROPAGATIONx8 (priority=50)
  [PROPOSE] Applying COPY_PROPAGATION at instruction 7: t10 = 2 → uses of t10 -> 2 at instr 8
  [VERIFY]  PASS (differential: 36/36 inputs matched, symbolic: skipped (control flow))
  [COST]    Before: 60.5, After: 57.5 (reduction: 5.0%)
  [ACCEPT]  ✓ Change accepted
--- Iteration 13 ---
  [ANALYZE] Found 8 opportunities: CONSTANT_FOLD (priority=100), COPY_PROPAGATIONx7 (priority=50)
  [PROPOSE] Applying CONSTANT_FOLD at instruction 7: t11 = 1 + 2 → t11 = 3
  [VERIFY]  PASS (differential: 36/36 inputs matched, symbolic: skipped (control flow))
  [COST]    Before: 57.5, After: 57.0 (reduction: 0.9%)
  [ACCEPT]  ✓ Change accepted
--- Iteration 14 ---
  [ANALYZE] Found 8 opportunities: COPY_PROPAGATIONx8 (priority=50)
  [PROPOSE] Applying COPY_PROPAGATION at instruction 7: t11 = 3 → uses of t11 -> 3 at instr 8
  [VERIFY]  PASS (differential: 36/36 inputs matched, symbolic: skipped (control flow))
  [COST]    Before: 57.0, After: 54.0 (reduction: 5.3%)
  [ACCEPT]  ✓ Change accepted
--- Iteration 15 ---
  [ANALYZE] Found 7 opportunities: COPY_PROPAGATIONx7 (priority=50)
  [PROPOSE] Applying COPY_PROPAGATION at instruction 8: t12 = z + 3; z = t12 → z = z + 3
  [VERIFY]  PASS (differential: 36/36 inputs matched, symbolic: skipped (control flow))
  [COST]    Before: 54.0, After: 51.0 (reduction: 5.6%)
  [ACCEPT]  ✓ Change accepted
--- Iteration 16 ---
  [ANALYZE] Found 6 opportunities: COPY_PROPAGATIONx6 (priority=50)
  [PROPOSE] Applying COPY_PROPAGATION at instruction 8: t13 = 1 → uses of t13 -> 1 at instr 9
  [VERIFY]  PASS (differential: 36/36 inputs matched, symbolic: skipped (control flow))
  [COST]    Before: 51.0, After: 48.0 (reduction: 5.9%)
  [ACCEPT]  ✓ Change accepted
--- Iteration 17 ---
  [ANALYZE] Found 5 opportunities: COPY_PROPAGATIONx5 (priority=50)
  [PROPOSE] Applying COPY_PROPAGATION at instruction 9: t14 = i + 1; i = t14 → i = i + 1
  [VERIFY]  PASS (differential: 36/36 inputs matched, symbolic: skipped (control flow))
  [COST]    Before: 48.0, After: 45.0 (reduction: 6.2%)
  [ACCEPT]  ✓ Change accepted
--- Iteration 18 ---
  [ANALYZE] Found 4 opportunities: COPY_PROPAGATIONx4 (priority=50)
  [PROPOSE] Applying COPY_PROPAGATION at instruction 11: t15 = 4 → uses of t15 -> 4 at instr 13
  [VERIFY]  PASS (differential: 36/36 inputs matched, symbolic: skipped (control flow))
  [COST]    Before: 45.0, After: 42.0 (reduction: 6.7%)
  [ACCEPT]  ✓ Change accepted
--- Iteration 19 ---
  [ANALYZE] Found 4 opportunities: STRENGTH_REDUCTION (priority=60), COPY_PROPAGATIONx3 (priority=50)
  [PROPOSE] Applying STRENGTH_REDUCTION at instruction 12: t17 = 4 * t16 → t17 = t16 << 2
  [VERIFY]  PASS (differential: 36/36 inputs matched, symbolic: skipped (control flow))
  [COST]    Before: 42.0, After: 40.0 (reduction: 4.8%)
  [ACCEPT]  ✓ Change accepted
--- Iteration 20 ---
  [ANALYZE] Found 3 opportunities: COPY_PROPAGATIONx3 (priority=50)
  [PROPOSE] Applying COPY_PROPAGATION at instruction 11: t16 = 10 → uses of t16 -> 10 at instr 12
  [VERIFY]  PASS (differential: 36/36 inputs matched, symbolic: skipped (control flow))
  [COST]    Before: 40.0, After: 37.0 (reduction: 7.5%)
  [ACCEPT]  ✓ Change accepted
--- Iteration 21 ---
  [ANALYZE] Found 3 opportunities: CONSTANT_FOLD (priority=100), COPY_PROPAGATIONx2 (priority=50)
  [PROPOSE] Applying CONSTANT_FOLD at instruction 11: t17 = 10 << 2 → t17 = 40 (forwarded into uses of t17)
  [VERIFY]  PASS (differential: 39/39 inputs matched, symbolic: skipped (control flow))
  [COST]    Before: 37.0, After: 35.5 (reduction: 4.1%)
  [ACCEPT]  ✓ Change accepted
--- Iteration 22 ---
  [ANALYZE] Found 2 opportunities: COPY_PROPAGATIONx2 (priority=50)
  [PROPOSE] Applying COPY_PROPAGATION at instruction 12: t18 = n + 40; s = t18 → s = n + 40
  [VERIFY]  PASS (differential: 36/36 inputs matched, symbolic: skipped (control flow))
  [COST]    Before: 35.5, After: 32.5 (reduction: 8.5%)
  [ACCEPT]  ✓ Change accepted
--- Iteration 23 ---
  [ANALYZE] No more opportunities found.
=== RESULT ===
  Original cost: 90.5
  Final cost:    32.5
  Reduction:     64.1%
  Iterations:    23
  Accepted:      22
  Rejected:      0
  Invalid:       0
  Output match:  PASS ✓
=== Original TAC ===
   0 |     t0 = in_b * in_b
   1 |     q = t0
   2 |     t1 = in_b * in_b
   3 |     t2 = t1 + q
   4 |     n = t2
   5 |     t3 = 16
   6 |     t4 = in_b * t3
   7 |     d = t4
   8 |     t5 = 0
   9 |     z = t5
  10 |     t6 = 0
  11 |     i = t6
  12 | L0:
  13 |     t7 = 5
  14 |     t8 = i < t7
  15 |     ifFalse t8 goto L1
  16 |     t9 = 1
  17 |     t10 = 2
  18 |     t11 = t9 + t10
  19 |     t12 = z + t11
  20 |     z = t12
  21 |     t13 = 1
  22 |     t14 = i + t13
  23 |     i = t14
  24 |     goto L0
  25 | L1:
  26 |     t15 = 4
  27 |     t16 = 10
  28 |     t17 = t15 * t16
  29 |     t18 = n + t17
  30 |     s = t18
  31 |     t19 = z + s
  32 |     print t19
=== Optimized TAC ===
   0 |     t0 = in_b * in_b
   1 |     n = t0 + t0
   2 |     z = 0
   3 |     i = 0
   4 | L0:
   5 |     t8 = i < 5
   6 |     ifFalse t8 goto L1
   7 |     z = z + 3
   8 |     i = i + 1
   9 |     goto L0
  10 | L1:
  11 |     s = n + 40
  12 |     t19 = z + s
  13 |     print t19
