=== Program: mixed_033.src ===
--- Iteration 1 ---
  [ANALYZE] Found 24 opportunities: CSE (priority=70), COPY_PROPAGATIONx23 (priority=50)
  [PROPOSE] Applying CSE at instruction 39: t22 = r * h → t22 = t21
  [VERIFY]  PASS (differential: 25/25 inputs matched, symbolic: skipped (control flow))
  [COST]    Before: 115.5, After: 115.0 (reduction: 0.4%)
  [ACCEPT]  ✓ Change accepted
--- Iteration 2 ---
  [ANALYZE] Found 23 opportunities: COPY_PROPAGATIONx23 (priority=50)
  [PROPOSE] Applying COPY_PROPAGATION at instruction 0: t0 = 3 → uses of t0 -> 3 at instr 2
  [VERIFY]  PASS (differential: 25/25 inputs matched, symbolic: skipped (control flow))
  [COST]    Before: 115.0, After: 112.0 (reduction: 2.6%)
  [ACCEPT]  ✓ Change accepted
--- Iteration 3 ---
  [ANALYZE] Found 22 opportunities: COPY_PROPAGATIONx22 (priority=50)
  [PROPOSE] Applying COPY_PROPAGATION at instruction 0: t1 = 9 → uses of t1 -> 9 at instr 1
  [VERIFY]  PASS (differential: 25/25 inputs matched, symbolic: skipped (control flow))
  [COST]    Before: 112.0, After: 109.0 (reduction: 2.7%)
  [ACCEPT]  ✓ Change accepted
--- Iteration 4 ---
  [ANALYZE] Found 22 opportunities: CONSTANT_FOLD (priority=100), COPY_PROPAGATIONx21 (priority=50)
  [PROPOSE] Applying CONSTANT_FOLD at instruction 0: t2 = 3 + 9 → t2 = 12
  [VERIFY]  PASS (differential: 25/25 inputs matched, symbolic: skipped (control flow))
  [COST]    Before: 109.0, After: 108.5 (reduction: 0.5%)
  [ACCEPT]  ✓ Change accepted
--- Iteration 5 ---
  [ANALYZE] Found 21 opportunities: COPY_PROPAGATIONx21 (priority=50)
  [PROPOSE] Applying COPY_PROPAGATION at instruction 0: t2 = 12 → uses of t2 -> 12 at instr 1
  [VERIFY]  PASS (differential: 25/25 inputs matched, symbolic: skipped (control flow))
  [COST]    Before: 108.5, After: 105.5 (reduction: 2.8%)
  [ACCEPT]  ✓ Change accepted
--- Iteration 6 ---
  [ANALYZE] Found 20 opportunities: COPY_PROPAGATIONx20 (priority=50)
  [PROPOSE] Applying COPY_PROPAGATION at instruction 0: h = 12 → uses of h -> 12 at instr 34
  [VERIFY]  PASS (differential: 25/25 inputs matched, symbolic: skipped (control flow))
  [COST]    Before: 105.5, After: 103.0 (reduction: 2.4%)
  [ACCEPT]  ✓ Change accepted
--- Iteration 7 ---
  [ANALYZE] Found 19 opportunities: COPY_PROPAGATIONx19 (priority=50)
  [PROPOSE] Applying COPY_PROPAGATION at instruction 0: t3 = 0 → uses of t3 -> 0 at instr 1
  [VERIFY]  PASS (differential: 25/25 inputs matched, symbolic: skipped (control flow))
  [COST]    Before: 103.0, After: 100.0 (reduction: 2.9%)
  [ACCEPT]  ✓ Change accepted
--- Iteration 8 ---
  [ANALYZE] Found 18 opportunities: COPY_PROPAGATIONx18 (priority=50)
  [PROPOSE] Applying COPY_PROPAGATION at instruction 1: t4 = 0 → uses of t4 -> 0 at instr 2
  [VERIFY]  PASS (differential: 25/25 inputs matched, symbolic: skipped (control flow))
  [COST]    Before: 100.0, After: 97.0 (reduction: 3.0%)
  [ACCEPT]  ✓ Change accepted
--- Iteration 9 ---
  [ANALYZE] Found 17 opportunities: COPY_PROPAGATIONx17 (priority=50)
  [PROPOSE] Applying COPY_PROPAGATION at instruction 3: t5 = 6 → uses of t5 -> 6 at instr 4
  [VERIFY]  PASS (differential: 25/25 inputs matched, symbolic: skipped (control flow))
  [COST]    Before: 97.0, After: 94.0 (reduction: 3.1%)
  [ACCEPT]  ✓ Change accepted
--- Iteration 10 ---
  [ANALYZE] Found 16 opportunities: COPY_PROPAGATIONx16 (priority=50)
  [PROPOSE] Applying COPY_PROPAGATION at instruction 5: t7 = 4 → uses of t7 -> 4 at instr 7
  [VERIFY]  PASS (differential: 25/25 inputs matched, symbolic: skipped (control flow))
  [COST]    Before: 94.0, After: 91.0 (reduction: 3.2%)
  [ACCEPT]  ✓ Change accepted
--- Iteration 11 ---
  [ANALYZE] Found 15 opportunities: COPY_PROPAGATIONx15 (priority=50)
  [PROPOSE] Applying COPY_PROPAGATION at instruction 5: t8 = 1 → uses of t8 -> 1 at instr 6
  [VERIFY]  PASS (differential: 25/25 inputs matched, symbolic: skipped (control flow))
  [COST]    Before: 91.0, After: 88.0 (reduction: 3.3%)
  [ACCEPT]  ✓ Change accepted
--- Iteration 12 ---
  [ANALYZE] Found 15 opportunities: CONSTANT_FOLD (priority=100), COPY_PROPAGATIONx14 (priority=50)
  [PROPOSE] Applying CONSTANT_FOLD at instruction 5: t9 = 4 + 1 → t9 = 5
  [VERIFY]  PASS (differential: 25/25 inputs matched, symbolic: skipped (control flow))
  [COST]    Before: 88.0, After: 87.5 (reduction: 0.6%)
  [ACCEPT]  ✓ Change accepted
--- Iteration 13 ---
  [ANALYZE] Found 15 opportunities: COPY_PROPAGATIONx15 (priority=50)
  [PROPOSE] Applying COPY_PROPAGATION at instruction 5: t9 = 5 → uses of t9 -> 5 at instr 6
  [VERIFY]  PASS (differential: 25/25 inputs matched, symbolic: skipped (control flow))
  [COST]    Before: 87.5, After: 84.5 (reduction: 3.4%)
  [ACCEPT]  ✓ Change accepted
--- Iteration 14 ---
  [ANALYZE] Found 14 opportunities: COPY_PROPAGATIONx14 (priority=50)
  [PROPOSE] Applying COPY_PROPAGATION at instruction 6: t10 = r + 5; r = t10 → r = r + 5
  [VERIFY]  PASS (differential: 25/25 inputs matched, symbolic: skipped (control flow))
  [COST]    Before: 84.5, After: 81.5 (reduction: 3.6%)
  [ACCEPT]  ✓ Change accepted
--- Iteration 15 ---
  [ANALYZE] Found 13 opportunities: COPY_PROPAGATIONx13 (priority=50)
  [PROPOSE] Applying COPY_PROPAGATION at instruction 6: t11 = 1 → uses of t11 -> 1 at instr 7
  [VERIFY]  PASS (differential: 25/25 inputs matched, symbolic: skipped (control flow))
  [COST]    Before: 81.5, After: 78.5 (reduction: 3.7%)
  [ACCEPT]  ✓ Change accepted
--- Iteration 16 ---
  [ANALYZE] Found 12 opportunities: COPY_PROPAGATIONx12 (priority=50)
  [PROPOSE] Applying COPY_PROPAGATION at instruction 7: t12 = i + 1; i = t12 → i = i + 1
  [VERIFY]  PASS (differential: 25/25 inputs matched, symbolic: skipped (control flow))
  [COST]    Before: 78.5, After: 75.5 (reduction: 3.8%)
  [ACCEPT]  ✓ Change accepted
--- Iteration 17 ---
  [ANALYZE] Found 11 opportunities: COPY_PROPAGATIONx11 (priority=50)
  [PROPOSE] Applying COPY_PROPAGATION at instruction 9: w = r → uses of w -> r at instr 14, 21
  [VERIFY]  PASS (differential: 25/25 inputs matched, symbolic: skipped (control flow))
  [COST]    Before: 75.5, After: 73.0 (reduction: 3.3%)
  [ACCEPT]  ✓ Change accepted
--- Iteration 18 ---
  [ANALYZE] Found 10 opportunities: COPY_PROPAGATIONx10 (priority=50)
  [PROPOSE] Applying COPY_PROPAGATION at instruction 9: t13 = 15 → uses of t13 -> 15 at instr 10
  [VERIFY]  PASS (differential: 25/25 inputs matched, symbolic: skipped (control flow))
  [COST]    Before: 73.0, After: 70.0 (reduction: 4.1%)
  [ACCEPT]  ✓ Change accepted
--- Iteration 19 ---
  [ANALYZE] Found 9 opportunities: COPY_PROPAGATIONx9 (priority=50)
  [PROPOSE] Applying COPY_PROPAGATION at instruction 11: t15 = 1 → uses of t15 -> 1 at instr 12
  [VERIFY]  PASS (differential: 25/25 inputs matched, symbolic: skipped (control flow))
  [COST]    Before: 70.0, After: 67.0 (reduction: 4.3%)
  [ACCEPT]  ✓ Change accepted
--- Iteration 20 ---
  [ANALYZE] Found 9 opportunities: ALGEBRAIC_SIMPLIFY (priority=90), COPY_PROPAGATIONx8 (priority=50)
  [PROPOSE] Applying ALGEBRAIC_SIMPLIFY at instruction 11: t16 = r * 1 → t16 = r
  [VERIFY]  PASS (differential: 25/25 inputs matched, symbolic: skipped (control flow))
  [COST]    Before: 67.0, After: 66.5 (reduction: 0.7%)
  [ACCEPT]  ✓ Change accepted
--- Iteration 21 ---
  [ANALYZE] Found 9 opportunities: COPY_PROPAGATIONx9 (priority=50)
  [PROPOSE] Applying COPY_PROPAGATION at instruction 11: t16 = r → uses of t16 -> r at instr 13
  [VERIFY]  PASS (differential: 25/25 inputs matched, symbolic: skipped (control flow))
  [COST]    Before: 66.5, After: 63.5 (reduction: 4.5%)
  [ACCEPT]  ✓ Change accepted
--- Iteration 22 ---
  [ANALYZE] Found 8 opportunities: COPY_PROPAGATIONx8 (priority=50)
  [PROPOSE] Applying COPY_PROPAGATION at instruction 11: t17 = 1 → uses of t17 -> 1 at instr 12
  [VERIFY]  PASS (differential: 25/25 inputs matched, symbolic: skipped (control flow))
  [COST]    Before: 63.5, After: 60.5 (reduction: 4.7%)
  [ACCEPT]  ✓ Change accepted
--- Iteration 23 ---
  [ANALYZE] Found 7 opportunities: COPY_PROPAGATIONx7 (priority=50)
  [PROPOSE] Applying COPY_PROPAGATION at instruction 12: t18 = r + 1; w = t18 → w = r + 1
  [VERIFY]  PASS (differential: 25/25 inputs matched, symbolic: skipped (control flow))
  [COST]    Before: 60.5, After: 57.5 (reduction: 5.0%)
  [ACCEPT]  ✓ Change accepted
--- Iteration 24 ---
  [ANALYZE] Found 6 opportunities: COPY_PROPAGATIONx6 (priority=50)
  [PROPOSE] Applying COPY_PROPAGATION at instruction 14: t19 = 0 → uses of t19 -> 0 at instr 15
  [VERIFY]  PASS (differential: 25/25 inputs matched, symbolic: skipped (control flow))
  [COST]    Before: 57.5, After: 54.5 (reduction: 5.2%)
  [ACCEPT]  ✓ Change accepted
--- Iteration 25 ---
  [ANALYZE] Found 6 opportunities: ALGEBRAIC_SIMPLIFY (priority=90), COPY_PROPAGATIONx5 (priority=50)
  [PROPOSE] Applying ALGEBRAIC_SIMPLIFY at instruction 14: t20 = r - 0 → t20 = r
  [VERIFY]  PASS (differential: 25/25 inputs matched, symbolic: skipped (control flow))
  [COST]    Before: 54.5, After: 54.0 (reduction: 0.9%)
  [ACCEPT]  ✓ Change accepted
--- Iteration 26 ---
  [ANALYZE] Found 5 opportunities: COPY_PROPAGATIONx5 (priority=50)
  [PROPOSE] Applying COPY_PROPAGATION at instruction 14: t20 = r → uses of t20 -> r at instr 15
  [VERIFY]  PASS (differential: 25/25 inputs matched, symbolic: skipped (control flow))
  [COST]    Before: 54.0, After: 51.0 (reduction: 5.6%)
  [ACCEPT]  ✓ Change accepted
--- Iteration 27 ---
  [ANALYZE] Found 4 opportunities: COPY_PROPAGATIONx4 (priority=50)
  [PROPOSE] Applying COPY_PROPAGATION at instruction 17: v = t21 → uses of v -> t21 at instr 19
  [VERIFY]  PASS (differential: 25/25 inputs matched, symbolic: skipped (control flow))
  [COST]    Before: 51.0, After: 48.5 (reduction: 4.9%)
  [ACCEPT]  ✓ Change accepted
--- Iteration 28 ---
  [ANALYZE] Found 3 opportunities: COPY_PROPAGATIONx3 (priority=50)
  [PROPOSE] Applying COPY_PROPAGATION at instruction 17: t22 = t21 → uses of t22 -> t21 at instr 18
  [VERIFY]  PASS (differential: 25/25 inputs matched, symbolic: skipped (control flow))
  [COST]    Before: 48.5, After: 45.5 (reduction: 6.2%)
  [ACCEPT]  ✓ Change accepted
--- Iteration 29 ---
  [ANALYZE] Found 2 opportunities: COPY_PROPAGATIONx2 (priority=50)
  [PROPOSE] Applying COPY_PROPAGATION at instruction 18: t23 = t21 + t21; p = t23 → p = t21 + t21
  [VERIFY]  PASS (differential: 25/25 inputs matched, symbolic: skipped (control flow))
  [COST]    Before: 45.5, After: 42.5 (reduction: 6.6%)
  [ACCEPT]  ✓ Change accepted
--- Iteration 30 ---
  [ANALYZE] No more opportunities found.
=== RESULT ===
  Original cost: 115.5
  Final cost:    42.5
  Reduction:     63.2%
  Iterations:    30
  Accepted:      29
  Rejected:      0
  Invalid:       0
  Output match:  PASS ✓
=== Original TAC ===
   0 |     t0 = 3
   1 |     t1 = 9
   2 |     t2 = t0 + t1
   3 |     h = t2
   4 |     t3 = 0
   5 |     r = t3
   6 |     t4 = 0
   7 |     i = t4
   8 | L0:
   9 |     t5 = 6
  10 |     t6 = i < t5
  11 |     ifFalse t6 goto L1
  12 |     t7 = 4
  13 |     t8 = 1
  14 |     t9 = t7 + t8
  15 |     t10 = r + t9
  16 |     r = t10
  17 |     t11 = 1
  18 |     t12 = i + t11
  19 |     i = t12
  20 |     goto L0
  21 | L1:
  22 |     w = r
  23 |     t13 = 15
  24 |     t14 = r > t13
  25 |     ifFalse t14 goto L2
  26 |     t15 = 1
  27 |     t16 = w * t15
  28 |     t17 = 1
  29 |     t18 = t16 + t17
  30 |     w = t18
  31 |     goto L3
  32 | L2:
  33 |     t19 = 0
  34 |     t20 = w - t19
  35 |     w = t20
  36 | L3:
  37 |     t21 = r * h
  38 |     v = t21
  39 |     t22 = r * h
  40 |     t23 = t22 + v
  41 |     p = t23
  42 |     t24 = w + p
  43 |     print t24
=== Optimized TAC ===
   0 |     r = 0
   1 |     i = 0
   2 | L0:
   3 |     t6 = i < 6
   4 |     ifFalse t6 goto L1
   5 |     r = r + 5
   6 |     i = i + 1
   7 |     goto L0
   8 | L1:
   9 |     t14 = r > 15
  10 |     ifFalse t14 goto L2
  11 |     w = r + 1
  12 |     goto L3
  13 | L2:
  14 |     w = r
  15 | L3:
  16 |     t21 = r * 12
  17 |     p = t21 + t21
  18 |     t24 = w + p
  19 |     print t24
