=== Program: mixed_055.src ===
--- Iteration 1 ---
  [ANALYZE] Found 25 opportunities: DEAD_CODEx2 (priority=80), CSE (priority=70), COPY_PROPAGATIONx22 (priority=50)
  [PROPOSE] Applying DEAD_CODE at instruction 23: acc = t14 → (removed)
  [VERIFY]  PASS (differential: 25/25 inputs matched, symbolic: skipped (control flow))
  [COST]    Before: 99.5, After: 97.0 (reduction: 2.5%)
  [ACCEPT]  ✓ Change accepted
--- Iteration 2 ---
  [ANALYZE] Found 24 opportunities: DEAD_CODEx2 (priority=80), CSE (priority=70), COPY_PROPAGATIONx21 (priority=50)
  [PROPOSE] Applying DEAD_CODE at instruction 22: t14 = p + t13 → (removed)
  [VERIFY]  PASS (differential: 25/25 inputs matched, symbolic: skipped (control flow))
  [COST]    Before: 97.0, After: 93.5 (reduction: 3.6%)
  [ACCEPT]  ✓ Change accepted
--- Iteration 3 ---
  [ANALYZE] Found 24 opportunities: DEAD_CODEx2 (priority=80), CSE (priority=70), COPY_PROPAGATIONx21 (priority=50)
  [PROPOSE] Applying DEAD_CODE at instruction 21: t13 = t11 * t12 → (removed)
  [VERIFY]  PASS (differential: 25/25 inputs matched, symbolic: skipped (control flow))
  [COST]    Before: 93.5, After: 90.0 (reduction: 3.7%)
  [ACCEPT]  ✓ Change accepted
--- Iteration 4 ---
  [ANALYZE] Found 23 opportunities: DEAD_CODEx3 (priority=80), CSE (priority=70), COPY_PROPAGATIONx19 (priority=50)
  [PROPOSE] Applying DEAD_CODE at instruction 19: t11 = 16 → (removed)
  [VERIFY]  PASS (differential: 25/25 inputs matched, symbolic: skipped (control flow))
  [COST]    Before: 90.0, After: 87.0 (reduction: 3.3%)
  [ACCEPT]  ✓ Change accepted
--- Iteration 5 ---
  [ANALYZE] Found 22 opportunities: DEAD_CODEx2 (priority=80), CSE (priority=70), COPY_PROPAGATIONx19 (priority=50)
  [PROPOSE] Applying DEAD_CODE at instruction 19: t12 = 15 → (removed)
  [VERIFY]  PASS (differential: 25/25 inputs matched, symbolic: skipped (control flow))
  [COST]    Before: 87.0, After: 84.0 (reduction: 3.4%)
  [ACCEPT]  ✓ Change accepted
--- Iteration 6 ---
  [ANALYZE] Found 21 opportunities: DEAD_CODE (priority=80), CSE (priority=70), COPY_PROPAGATIONx19 (priority=50)
  [PROPOSE] Applying DEAD_CODE at instruction 20: e = t15 → (removed)
  [VERIFY]  PASS (differential: 25/25 inputs matched, symbolic: skipped (control flow))
  [COST]    Before: 84.0, After: 81.5 (reduction: 3.0%)
  [ACCEPT]  ✓ Change accepted
--- Iteration 7 ---
  [ANALYZE] Found 20 opportunities: DEAD_CODE (priority=80), CSE (priority=70), COPY_PROPAGATIONx18 (priority=50)
  [PROPOSE] Applying DEAD_CODE at instruction 19: t15 = 73 → (removed)
  [VERIFY]  PASS (differential: 25/25 inputs matched, symbolic: skipped (control flow))
  [COST]    Before: 81.5, After: 78.5 (reduction: 3.7%)
  [ACCEPT]  ✓ Change accepted
--- Iteration 8 ---
  [ANALYZE] Found 19 opportunities: CSE (priority=70), COPY_PROPAGATIONx18 (priority=50)
  [PROPOSE] Applying CSE at instruction 21: t17 = f * f → t17 = t16
  [VERIFY]  PASS (differential: 25/25 inputs matched, symbolic: skipped (control flow))
  [COST]    Before: 78.5, After: 78.0 (reduction: 0.6%)
  [ACCEPT]  ✓ Change accepted
--- Iteration 9 ---
  [ANALYZE] Found 18 opportunities: COPY_PROPAGATIONx18 (priority=50)
  [PROPOSE] Applying COPY_PROPAGATION at instruction 0: t0 = 12 → uses of t0 -> 12 at instr 2
  [VERIFY]  PASS (differential: 25/25 inputs matched, symbolic: skipped (control flow))
  [COST]    Before: 78.0, After: 75.0 (reduction: 3.8%)
  [ACCEPT]  ✓ Change accepted
--- Iteration 10 ---
  [ANALYZE] Found 17 opportunities: COPY_PROPAGATIONx17 (priority=50)
  [PROPOSE] Applying COPY_PROPAGATION at instruction 0: t1 = 8 → uses of t1 -> 8 at instr 1
  [VERIFY]  PASS (differential: 25/25 inputs matched, symbolic: skipped (control flow))
  [COST]    Before: 75.0, After: 72.0 (reduction: 4.0%)
  [ACCEPT]  ✓ Change accepted
--- Iteration 11 ---
  [ANALYZE] Found 17 opportunities: CONSTANT_FOLD (priority=100), COPY_PROPAGATIONx16 (priority=50)
  [PROPOSE] Applying CONSTANT_FOLD at instruction 0: t2 = 12 + 8 → t2 = 20
  [VERIFY]  PASS (differential: 25/25 inputs matched, symbolic: skipped (control flow))
  [COST]    Before: 72.0, After: 71.5 (reduction: 0.7%)
  [ACCEPT]  ✓ Change accepted
--- Iteration 12 ---
  [ANALYZE] Found 16 opportunities: COPY_PROPAGATIONx16 (priority=50)
  [PROPOSE] Applying COPY_PROPAGATION at instruction 0: t2 = 20 → uses of t2 -> 20 at instr 1
  [VERIFY]  PASS (differential: 25/25 inputs matched, symbolic: skipped (control flow))
  [COST]    Before: 71.5, After: 68.5 (reduction: 4.2%)
  [ACCEPT]  ✓ Change accepted
--- Iteration 13 ---
  [ANALYZE] Found 15 opportunities: COPY_PROPAGATIONx15 (priority=50)
  [PROPOSE] Applying COPY_PROPAGATION at instruction 0: p = 20 → uses of p -> 20 at instr 1, 3
  [VERIFY]  PASS (differential: 25/25 inputs matched, symbolic: skipped (control flow))
  [COST]    Before: 68.5, After: 66.0 (reduction: 3.6%)
  [ACCEPT]  ✓ Change accepted
--- Iteration 14 ---
  [ANALYZE] Found 14 opportunities: COPY_PROPAGATIONx14 (priority=50)
  [PROPOSE] Applying COPY_PROPAGATION at instruction 0: f = 20 → uses of f -> 20 at instr 5, 12
  [VERIFY]  PASS (differential: 25/25 inputs matched, symbolic: skipped (control flow))
  [COST]    Before: 66.0, After: 63.5 (reduction: 3.8%)
  [ACCEPT]  ✓ Change accepted
--- Iteration 15 ---
  [ANALYZE] Found 13 opportunities: COPY_PROPAGATIONx13 (priority=50)
  [PROPOSE] Applying COPY_PROPAGATION at instruction 0: t3 = 3 → uses of t3 -> 3 at instr 1
  [VERIFY]  PASS (differential: 25/25 inputs matched, symbolic: skipped (control flow))
  [COST]    Before: 63.5, After: 60.5 (reduction: 4.7%)
  [ACCEPT]  ✓ Change accepted
--- Iteration 16 ---
  [ANALYZE] Found 13 opportunities: CONSTANT_FOLD (priority=100), COPY_PROPAGATIONx12 (priority=50)
  [PROPOSE] Applying CONSTANT_FOLD at instruction 0: t4 = 20 > 3 → t4 = 1 (forwarded into uses of t4)
  [VERIFY]  PASS (differential: 25/25 inputs matched, symbolic: skipped (control flow))
  [COST]    Before: 60.5, After: 59.0 (reduction: 2.5%)
  [ACCEPT]  ✓ Change accepted
--- Iteration 17 ---
  [ANALYZE] Found 12 opportunities: COPY_PROPAGATIONx12 (priority=50)
  [PROPOSE] Applying COPY_PROPAGATION at instruction 1: t5 = 1 → uses of t5 -> 1 at instr 2
  [VERIFY]  PASS (differential: 25/25 inputs matched, symbolic: skipped (control flow))
  [COST]    Before: 59.0, After: 56.0 (reduction: 5.1%)
  [ACCEPT]  ✓ Change accepted
--- Iteration 18 ---
  [ANALYZE] Found 12 opportunities: CONSTANT_FOLD (priority=100), COPY_PROPAGATIONx11 (priority=50)
  [PROPOSE] Applying CONSTANT_FOLD at instruction 1: t6 = 20 * 1 → t6 = 20
  [VERIFY]  PASS (differential: 25/25 inputs matched, symbolic: skipped (control flow))
  [COST]    Before: 56.0, After: 55.5 (reduction: 0.9%)
  [ACCEPT]  ✓ Change accepted
--- Iteration 19 ---
  [ANALYZE] Found 12 opportunities: COPY_PROPAGATIONx12 (priority=50)
  [PROPOSE] Applying COPY_PROPAGATION at instruction 1: t6 = 20 → uses of t6 -> 20 at instr 3
  [VERIFY]  PASS (differential: 25/25 inputs matched, symbolic: skipped (control flow))
  [COST]    Before: 55.5, After: 52.5 (reduction: 5.4%)
  [ACCEPT]  ✓ Change accepted
--- Iteration 20 ---
  [ANALYZE] Found 11 opportunities: COPY_PROPAGATIONx11 (priority=50)
  [PROPOSE] Applying COPY_PROPAGATION at instruction 1: t7 = 4 → uses of t7 -> 4 at instr 2
  [VERIFY]  PASS (differential: 25/25 inputs matched, symbolic: skipped (control flow))
  [COST]    Before: 52.5, After: 49.5 (reduction: 5.7%)
  [ACCEPT]  ✓ Change accepted
--- Iteration 21 ---
  [ANALYZE] Found 11 opportunities: CONSTANT_FOLD (priority=100), COPY_PROPAGATIONx10 (priority=50)
  [PROPOSE] Applying CONSTANT_FOLD at instruction 1: t8 = 20 + 4 → t8 = 24
  [VERIFY]  PASS (differential: 25/25 inputs matched, symbolic: skipped (control flow))
  [COST]    Before: 49.5, After: 49.0 (reduction: 1.0%)
  [ACCEPT]  ✓ Change accepted
--- Iteration 22 ---
  [ANALYZE] Found 10 opportunities: COPY_PROPAGATIONx10 (priority=50)
  [PROPOSE] Applying COPY_PROPAGATION at instruction 1: t8 = 24 → uses of t8 -> 24 at instr 2
  [VERIFY]  PASS (differential: 25/25 inputs matched, symbolic: skipped (control flow))
  [COST]    Before: 49.0, After: 46.0 (reduction: 6.1%)
  [ACCEPT]  ✓ Change accepted
--- Iteration 23 ---
  [ANALYZE] Found 9 opportunities: COPY_PROPAGATIONx9 (priority=50)
  [PROPOSE] Applying COPY_PROPAGATION at instruction 4: t9 = 0 → uses of t9 -> 0 at instr 5
  [VERIFY]  PASS (differential: 25/25 inputs matched, symbolic: skipped (control flow))
  [COST]    Before: 46.0, After: 43.0 (reduction: 6.5%)
  [ACCEPT]  ✓ Change accepted
--- Iteration 24 ---
  [ANALYZE] Found 9 opportunities: CONSTANT_FOLD (priority=100), COPY_PROPAGATIONx8 (priority=50)
  [PROPOSE] Applying CONSTANT_FOLD at instruction 4: t10 = 20 - 0 → t10 = 20
  [VERIFY]  PASS (differential: 25/25 inputs matched, symbolic: skipped (control flow))
  [COST]    Before: 43.0, After: 42.5 (reduction: 1.2%)
  [ACCEPT]  ✓ Change accepted
--- Iteration 25 ---
  [ANALYZE] Found 8 opportunities: COPY_PROPAGATIONx8 (priority=50)
  [PROPOSE] Applying COPY_PROPAGATION at instruction 4: t10 = 20 → uses of t10 -> 20 at instr 5
  [VERIFY]  PASS (differential: 25/25 inputs matched, symbolic: skipped (control flow))
  [COST]    Before: 42.5, After: 39.5 (reduction: 7.1%)
  [ACCEPT]  ✓ Change accepted
--- Iteration 26 ---
  [ANALYZE] Found 7 opportunities: COPY_PROPAGATIONx7 (priority=50)
  [PROPOSE] Applying COPY_PROPAGATION at instruction 7: y = t16 → uses of y -> t16 at instr 9
  [VERIFY]  PASS (differential: 25/25 inputs matched, symbolic: skipped (control flow))
  [COST]    Before: 39.5, After: 37.0 (reduction: 6.3%)
  [ACCEPT]  ✓ Change accepted
--- Iteration 27 ---
  [ANALYZE] Found 6 opportunities: COPY_PROPAGATIONx6 (priority=50)
  [PROPOSE] Applying COPY_PROPAGATION at instruction 7: t17 = t16 → uses of t17 -> t16 at instr 8
  [VERIFY]  PASS (differential: 25/25 inputs matched, symbolic: skipped (control flow))
  [COST]    Before: 37.0, After: 34.0 (reduction: 8.1%)
  [ACCEPT]  ✓ Change accepted
--- Iteration 28 ---
  [ANALYZE] Found 5 opportunities: COPY_PROPAGATIONx5 (priority=50)
  [PROPOSE] Applying COPY_PROPAGATION at instruction 8: t18 = t16 + t16; val = t18 → val = t16 + t16
  [VERIFY]  PASS (differential: 25/25 inputs matched, symbolic: skipped (control flow))
  [COST]    Before: 34.0, After: 31.0 (reduction: 8.8%)
  [ACCEPT]  ✓ Change accepted
--- Iteration 29 ---
  [ANALYZE] Found 3 opportunities: COPY_PROPAGATIONx3 (priority=50)
  [PROPOSE] Applying COPY_PROPAGATION at instruction 8: t19 = 2 → uses of t19 -> 2 at instr 9
  [VERIFY]  PASS (differential: 25/25 inputs matched, symbolic: skipped (control flow))
  [COST]    Before: 31.0, After: 28.0 (reduction: 9.7%)
  [ACCEPT]  ✓ Change accepted
--- Iteration 30 ---
  [ANALYZE] Found 3 opportunities: STRENGTH_REDUCTION (priority=60), COPY_PROPAGATIONx2 (priority=50)
  [PROPOSE] Applying STRENGTH_REDUCTION at instruction 8: t20 = f * 2 → t20 = f + f
  [VERIFY]  PASS (differential: 25/25 inputs matched, symbolic: skipped (control flow))
  [COST]    Before: 28.0, After: 28.0 (reduction: 0.0%)
  [REJECT]  ✗ Change rejected: No cost improvement
--- Iteration 31 ---
  [ANALYZE] Found 2 opportunities: COPY_PROPAGATIONx2 (priority=50)
  [PROPOSE] Applying COPY_PROPAGATION at instruction 9: t20 = f * 2; z = t20 → z = f * 2
  [VERIFY]  PASS (differential: 25/25 inputs matched, symbolic: skipped (control flow))
  [COST]    Before: 28.0, After: 25.0 (reduction: 10.7%)
  [ACCEPT]  ✓ Change accepted
--- Iteration 32 ---
  [ANALYZE] Found 1 opportunity: STRENGTH_REDUCTION (priority=60)
  [PROPOSE] Applying STRENGTH_REDUCTION at instruction 8: z = f * 2 → z = f + f
  [VERIFY]  PASS (differential: 25/25 inputs matched, symbolic: skipped (control flow))
  [COST]    Before: 25.0, After: 25.0 (reduction: 0.0%)
  [REJECT]  ✗ Change rejected: No cost improvement
--- Iteration 33 ---
  [ANALYZE] No more opportunities found.
=== RESULT ===
  Original cost: 99.5
  Final cost:    25.0
  Reduction:     74.9%
  Iterations:    33
  Accepted:      30
  Rejected:      2
  Invalid:       0
  Output match:  PASS ✓
=== Original TAC ===
   0 |     t0 = 12
   1 |     t1 = 8
   2 |     t2 = t0 + t1
   3 |     p = t2
   4 |     f = p
   5 |     t3 = 3
   6 |     t4 = p > t3
   7 |     ifFalse t4 goto L0
   8 |     t5 = 1
   9 |     t6 = f * t5
  10 |     t7 = 4
  11 |     t8 = t6 + t7
  12 |     f = t8
  13 |     goto L1
  14 | L0:
  15 |     t9 = 0
  16 |     t10 = f - t9
  17 |     f = t10
  18 | L1:
  19 |     t11 = 16
  20 |     t12 = 15
  21 |     t13 = t11 * t12
  22 |     t14 = p + t13
  23 |     acc = t14
  24 |     t15 = 73
  25 |     e = t15
  26 |     t16 = f * f
  27 |     y = t16
  28 |     t17 = f * f
  29 |     t18 = t17 + y
  30 |     val = t18
  31 |     t19 = 2
  32 |     t20 = f * t19
  33 |     z = t20
  34 |     t21 = val + z
  35 |     print t21
=== Optimized TAC ===
   0 |     ifFalse 1 goto L0
   1 |     f = 24
   2 |     goto L1
   3 | L0:
   4 |     f = 20
   5 | L1:
   6 |     t16 = f * f
   7 |     val = t16 + t16
   8 |     z = f * 2
   9 |     t21 = val + z
  10 |     print t21
