=== Program: mixed_042.src ===
--- Iteration 1 ---
  [ANALYZE] Found 18 opportunities: DEAD_CODEx2 (priority=80), COPY_PROPAGATIONx16 (priority=50)
  [PROPOSE] Applying DEAD_CODE at instruction 4: h = t3 → (removed)
  [VERIFY]  PASS (differential: 35/35 inputs matched, symbolic: skipped (control flow))
  [COST]    Before: 84.0, After: 81.5 (reduction: 3.0%)
  [ACCEPT]  ✓ Change accepted
--- Iteration 2 ---
  [ANALYZE] Found 17 opportunities: DEAD_CODEx2 (priority=80), COPY_PROPAGATIONx15 (priority=50)
  [PROPOSE] Applying DEAD_CODE at instruction 3: t3 = in_x + t2 → (removed)
  [VERIFY]  PASS (differential: 35/35 inputs matched, symbolic: skipped (control flow))
  [COST]    Before: 81.5, After: 78.0 (reduction: 4.3%)
  [ACCEPT]  ✓ Change accepted
--- Iteration 3 ---
  [ANALYZE] Found 17 opportunities: DEAD_CODEx2 (priority=80), COPY_PROPAGATIONx15 (priority=50)
  [PROPOSE] Applying DEAD_CODE at instruction 2: t2 = t0 * t1 → (removed)
  [VERIFY]  PASS (differential: 35/35 inputs matched, symbolic: skipped (control flow))
  [COST]    Before: 78.0, After: 74.5 (reduction: 4.5%)
  [ACCEPT]  ✓ Change accepted
--- Iteration 4 ---
  [ANALYZE] Found 16 opportunities: DEAD_CODEx3 (priority=80), COPY_PROPAGATIONx13 (priority=50)
  [PROPOSE] Applying DEAD_CODE at instruction 0: t0 = 10 → (removed)
  [VERIFY]  PASS (differential: 35/35 inputs matched, symbolic: skipped (control flow))
  [COST]    Before: 74.5, After: 71.5 (reduction: 4.0%)
  [ACCEPT]  ✓ Change accepted
--- Iteration 5 ---
  [ANALYZE] Found 15 opportunities: DEAD_CODEx2 (priority=80), COPY_PROPAGATIONx13 (priority=50)
  [PROPOSE] Applying DEAD_CODE at instruction 0: t1 = 2 → (removed)
  [VERIFY]  PASS (differential: 32/32 inputs matched, symbolic: skipped (control flow))
  [COST]    Before: 71.5, After: 68.5 (reduction: 4.2%)
  [ACCEPT]  ✓ Change accepted
--- Iteration 6 ---
  [ANALYZE] Found 14 opportunities: DEAD_CODE (priority=80), COPY_PROPAGATIONx13 (priority=50)
  [PROPOSE] Applying DEAD_CODE at instruction 2: acc = t5 → (removed)
  [VERIFY]  PASS (differential: 32/32 inputs matched, symbolic: skipped (control flow))
  [COST]    Before: 68.5, After: 66.0 (reduction: 3.6%)
  [ACCEPT]  ✓ Change accepted
--- Iteration 7 ---
  [ANALYZE] Found 13 opportunities: DEAD_CODE (priority=80), COPY_PROPAGATIONx12 (priority=50)
  [PROPOSE] Applying DEAD_CODE at instruction 1: t5 = t4 * in_x → (removed)
  [VERIFY]  PASS (differential: 32/32 inputs matched, symbolic: skipped (control flow))
  [COST]    Before: 66.0, After: 62.5 (reduction: 5.3%)
  [ACCEPT]  ✓ Change accepted
--- Iteration 8 ---
  [ANALYZE] Found 12 opportunities: DEAD_CODE (priority=80), COPY_PROPAGATIONx11 (priority=50)
  [PROPOSE] Applying DEAD_CODE at instruction 0: t4 = 1 → (removed)
  [VERIFY]  PASS (differential: 25/25 inputs matched, symbolic: skipped (control flow))
  [COST]    Before: 62.5, After: 59.5 (reduction: 4.8%)
  [ACCEPT]  ✓ Change accepted
--- Iteration 9 ---
  [ANALYZE] Found 11 opportunities: COPY_PROPAGATIONx11 (priority=50)
  [PROPOSE] Applying COPY_PROPAGATION at instruction 0: t6 = 0 → uses of t6 -> 0 at instr 1
  [VERIFY]  PASS (differential: 25/25 inputs matched, symbolic: skipped (control flow))
  [COST]    Before: 59.5, After: 56.5 (reduction: 5.0%)
  [ACCEPT]  ✓ Change accepted
--- Iteration 10 ---
  [ANALYZE] Found 10 opportunities: COPY_PROPAGATIONx10 (priority=50)
  [PROPOSE] Applying COPY_PROPAGATION at instruction 1: t7 = 0 → uses of t7 -> 0 at instr 2
  [VERIFY]  PASS (differential: 25/25 inputs matched, symbolic: skipped (control flow))
  [COST]    Before: 56.5, After: 53.5 (reduction: 5.3%)
  [ACCEPT]  ✓ Change accepted
--- Iteration 11 ---
  [ANALYZE] Found 9 opportunities: COPY_PROPAGATIONx9 (priority=50)
  [PROPOSE] Applying COPY_PROPAGATION at instruction 3: t8 = 4 → uses of t8 -> 4 at instr 4
  [VERIFY]  PASS (differential: 25/25 inputs matched, symbolic: skipped (control flow))
  [COST]    Before: 53.5, After: 50.5 (reduction: 5.6%)
  [ACCEPT]  ✓ Change accepted
--- Iteration 12 ---
  [ANALYZE] Found 8 opportunities: COPY_PROPAGATIONx8 (priority=50)
  [PROPOSE] Applying COPY_PROPAGATION at instruction 5: t10 = 1 → uses of t10 -> 1 at instr 7
  [VERIFY]  PASS (differential: 25/25 inputs matched, symbolic: skipped (control flow))
  [COST]    Before: 50.5, After: 47.5 (reduction: 5.9%)
  [ACCEPT]  ✓ Change accepted
--- Iteration 13 ---
  [ANALYZE] Found 7 opportunities: COPY_PROPAGATIONx7 (priority=50)
  [PROPOSE] Applying COPY_PROPAGATION at instruction 5: t11 = 4 → uses of t11 -> 4 at instr 6
  [VERIFY]  PASS (differential: 25/25 inputs matched, symbolic: skipped (control flow))
  [COST]    Before: 47.5, After: 44.5 (reduction: 6.3%)
  [ACCEPT]  ✓ Change accepted
--- Iteration 14 ---
  [ANALYZE] Found 7 opportunities: CONSTANT_FOLD (priority=100), COPY_PROPAGATIONx6 (priority=50)
  [PROPOSE] Applying CONSTANT_FOLD at instruction 5: t12 = 1 + 4 → t12 = 5
  [VERIFY]  PASS (differential: 25/25 inputs matched, symbolic: skipped (control flow))
  [COST]    Before: 44.5, After: 44.0 (reduction: 1.1%)
  [ACCEPT]  ✓ Change accepted
--- Iteration 15 ---
  [ANALYZE] Found 7 opportunities: COPY_PROPAGATIONx7 (priority=50)
  [PROPOSE] Applying COPY_PROPAGATION at instruction 5: t12 = 5 → uses of t12 -> 5 at instr 6
  [VERIFY]  PASS (differential: 25/25 inputs matched, symbolic: skipped (control flow))
  [COST]    Before: 44.0, After: 41.0 (reduction: 6.8%)
  [ACCEPT]  ✓ Change accepted
--- Iteration 16 ---
  [ANALYZE] Found 6 opportunities: COPY_PROPAGATIONx6 (priority=50)
  [PROPOSE] Applying COPY_PROPAGATION at instruction 6: t13 = s + 5; s = t13 → s = s + 5
  [VERIFY]  PASS (differential: 25/25 inputs matched, symbolic: skipped (control flow))
  [COST]    Before: 41.0, After: 38.0 (reduction: 7.3%)
  [ACCEPT]  ✓ Change accepted
--- Iteration 17 ---
  [ANALYZE] Found 5 opportunities: COPY_PROPAGATIONx5 (priority=50)
  [PROPOSE] Applying COPY_PROPAGATION at instruction 6: t14 = 1 → uses of t14 -> 1 at instr 7
  [VERIFY]  PASS (differential: 25/25 inputs matched, symbolic: skipped (control flow))
  [COST]    Before: 38.0, After: 35.0 (reduction: 7.9%)
  [ACCEPT]  ✓ Change accepted
--- Iteration 18 ---
  [ANALYZE] Found 4 opportunities: COPY_PROPAGATIONx4 (priority=50)
  [PROPOSE] Applying COPY_PROPAGATION at instruction 7: t15 = i + 1; i = t15 → i = i + 1
  [VERIFY]  PASS (differential: 25/25 inputs matched, symbolic: skipped (control flow))
  [COST]    Before: 35.0, After: 32.0 (reduction: 8.6%)
  [ACCEPT]  ✓ Change accepted
--- Iteration 19 ---
  [ANALYZE] Found 3 opportunities: COPY_PROPAGATIONx3 (priority=50)
  [PROPOSE] Applying COPY_PROPAGATION at instruction 9: t16 = 2 → uses of t16 -> 2 at instr 10
  [VERIFY]  PASS (differential: 25/25 inputs matched, symbolic: skipped (control flow))
  [COST]    Before: 32.0, After: 29.0 (reduction: 9.4%)
  [ACCEPT]  ✓ Change accepted
--- Iteration 20 ---
  [ANALYZE] Found 3 opportunities: STRENGTH_REDUCTION (priority=60), COPY_PROPAGATIONx2 (priority=50)
  [PROPOSE] Applying STRENGTH_REDUCTION at instruction 9: t17 = s * 2 → t17 = s + s
  [VERIFY]  PASS (differential: 25/25 inputs matched, symbolic: skipped (control flow))
  [COST]    Before: 29.0, After: 29.0 (reduction: 0.0%)
  [REJECT]  ✗ Change rejected: No cost improvement
--- Iteration 21 ---
  [ANALYZE] Found 2 opportunities: COPY_PROPAGATIONx2 (priority=50)
  [PROPOSE] Applying COPY_PROPAGATION at instruction 10: t17 = s * 2; num = t17 → num = s * 2
  [VERIFY]  PASS (differential: 25/25 inputs matched, symbolic: skipped (control flow))
  [COST]    Before: 29.0, After: 26.0 (reduction: 10.3%)
  [ACCEPT]  ✓ Change accepted
--- Iteration 22 ---
  [ANALYZE] Found 1 opportunity: STRENGTH_REDUCTION (priority=60)
  [PROPOSE] Applying STRENGTH_REDUCTION at instruction 9: num = s * 2 → num = s + s
  [VERIFY]  PASS (differential: 25/25 inputs matched, symbolic: skipped (control flow))
  [COST]    Before: 26.0, After: 26.0 (reduction: 0.0%)
  [REJECT]  ✗ Change rejected: No cost improvement
--- Iteration 23 ---
  [ANALYZE] No more opportunities found.
=== RESULT ===
  Original cost: 84.0
  Final cost:    26.0
  Reduction:     69.0%
  Iterations:    23
  Accepted:      20
  Rejected:      2
  Invalid:       0
  Output match:  PASS ✓
=== Original TAC ===
   0 |     t0 = 10
   1 |     t1 = 2
   2 |     t2 = t0 * t1
   3 |     t3 = in_x + t2
   4 |     h = t3
   5 |     t4 = 1
   6 |     t5 = t4 * in_x
   7 |     acc = t5
   8 |     t6 = 0
   9 |     s = t6
  10 |     t7 = 0
  11 |     i = t7
  12 | L0:
  13 |     t8 = 4
  14 |     t9 = i < t8
  15 |     ifFalse t9 goto L1
  16 |     t10 = 1
  17 |     t11 = 4
  18 |     t12 = t10 + t11
  19 |     t13 = s + t12
  20 |     s = t13
  21 |     t14 = 1
  22 |     t15 = i + t14
  23 |     i = t15
  24 |     goto L0
  25 | L1:
  26 |     t16 = 2
  27 |     t17 = s * t16
  28 |     num = t17
  29 |     t18 = s + num
  30 |     print t18
=== Optimized TAC ===
   0 |     s = 0
   1 |     i = 0
   2 | L0:
   3 |     t9 = i < 4
   4 |     ifFalse t9 goto L1
   5 |     s = s + 5
   6 |     i = i + 1
   7 |     goto L0
   8 | L1:
   9 |     num = s * 2
  10 |     t18 = s + num
  11 |     print t18
