=== Program: mixed_100.src ===
--- Iteration 1 ---
  [ANALYZE] Found 33 opportunities: DEAD_CODEx2 (priority=80), CSE (priority=70), COPY_PROPAGATIONx30 (priority=50)
  [PROPOSE] Applying DEAD_CODE at instruction 23: num = t16 → (removed)
  [VERIFY]  PASS (differential: 25/25 inputs matched, symbolic: skipped (control flow))
  [COST]    Before: 141.5, After: 139.0 (reduction: 1.8%)
  [ACCEPT]  ✓ Change accepted
--- Iteration 2 ---
  [ANALYZE] Found 32 opportunities: DEAD_CODEx2 (priority=80), CSE (priority=70), COPY_PROPAGATIONx29 (priority=50)
  [PROPOSE] Applying DEAD_CODE at instruction 22: t16 = t14 + t15 → (removed)
  [VERIFY]  PASS (differential: 25/25 inputs matched, symbolic: skipped (control flow))
  [COST]    Before: 139.0, After: 135.5 (reduction: 2.5%)
  [ACCEPT]  ✓ Change accepted
--- Iteration 3 ---
  [ANALYZE] Found 32 opportunities: DEAD_CODEx3 (priority=80), CSE (priority=70), COPY_PROPAGATIONx28 (priority=50)
  [PROPOSE] Applying DEAD_CODE at instruction 20: t14 = num * t13 → (removed)
  [VERIFY]  PASS (differential: 25/25 inputs matched, symbolic: skipped (control flow))
  [COST]    Before: 135.5, After: 132.0 (reduction: 2.6%)
  [ACCEPT]  ✓ Change accepted
--- Iteration 4 ---
  [ANALYZE] Found 31 opportunities: DEAD_CODEx3 (priority=80), CSE (priority=70), COPY_PROPAGATIONx27 (priority=50)
  [PROPOSE] Applying DEAD_CODE at instruction 19: t13 = 1 → (removed)
  [VERIFY]  PASS (differential: 25/25 inputs matched, symbolic: skipped (control flow))
  [COST]    Before: 132.0, After: 129.0 (reduction: 2.3%)
  [ACCEPT]  ✓ Change accepted
--- Iteration 5 ---
  [ANALYZE] Found 30 opportunities: DEAD_CODEx2 (priority=80), CSE (priority=70), COPY_PROPAGATIONx27 (priority=50)
  [PROPOSE] Applying DEAD_CODE at instruction 19: t15 = 3 → (removed)
  [VERIFY]  PASS (differential: 25/25 inputs matched, symbolic: skipped (control flow))
  [COST]    Before: 129.0, After: 126.0 (reduction: 2.3%)
  [ACCEPT]  ✓ Change accepted
--- Iteration 6 ---
  [ANALYZE] Found 29 opportunities: DEAD_CODE (priority=80), CSE (priority=70), COPY_PROPAGATIONx27 (priority=50)
  [PROPOSE] Applying DEAD_CODE at instruction 23: num = t18 → (removed)
  [VERIFY]  PASS (differential: 25/25 inputs matched, symbolic: skipped (control flow))
  [COST]    Before: 126.0, After: 123.5 (reduction: 2.0%)
  [ACCEPT]  ✓ Change accepted
--- Iteration 7 ---
  [ANALYZE] Found 28 opportunities: DEAD_CODE (priority=80), CSE (priority=70), COPY_PROPAGATIONx26 (priority=50)
  [PROPOSE] Applying DEAD_CODE at instruction 22: t18 = num - t17 → (removed)
  [VERIFY]  PASS (differential: 25/25 inputs matched, symbolic: skipped (control flow))
  [COST]    Before: 123.5, After: 120.0 (reduction: 2.8%)
  [ACCEPT]  ✓ Change accepted
--- Iteration 8 ---
  [ANALYZE] Found 27 opportunities: DEAD_CODEx2 (priority=80), CSE (priority=70), COPY_PROPAGATIONx24 (priority=50)
  [PROPOSE] Applying DEAD_CODE at instruction 14: num = res → (removed)
  [VERIFY]  PASS (differential: 25/25 inputs matched, symbolic: skipped (control flow))
  [COST]    Before: 120.0, After: 117.5 (reduction: 2.1%)
  [ACCEPT]  ✓ Change accepted
--- Iteration 9 ---
  [ANALYZE] Found 26 opportunities: DEAD_CODE (priority=80), CSE (priority=70), COPY_PROPAGATIONx24 (priority=50)
  [PROPOSE] Applying DEAD_CODE at instruction 20: t17 = 0 → (removed)
  [VERIFY]  PASS (differential: 25/25 inputs matched, symbolic: skipped (control flow))
  [COST]    Before: 117.5, After: 114.5 (reduction: 2.6%)
  [ACCEPT]  ✓ Change accepted
--- Iteration 10 ---
  [ANALYZE] Found 25 opportunities: CSE (priority=70), COPY_PROPAGATIONx24 (priority=50)
  [PROPOSE] Applying CSE at instruction 11: t8 = g * f → t8 = t7
  [VERIFY]  PASS (differential: 25/25 inputs matched, symbolic: skipped (control flow))
  [COST]    Before: 114.5, After: 114.0 (reduction: 0.4%)
  [ACCEPT]  ✓ Change accepted
--- Iteration 11 ---
  [ANALYZE] Found 24 opportunities: COPY_PROPAGATIONx24 (priority=50)
  [PROPOSE] Applying COPY_PROPAGATION at instruction 0: t0 = 18 → uses of t0 -> 18 at instr 2
  [VERIFY]  PASS (differential: 25/25 inputs matched, symbolic: skipped (control flow))
  [COST]    Before: 114.0, After: 111.0 (reduction: 2.6%)
  [ACCEPT]  ✓ Change accepted
--- Iteration 12 ---
  [ANALYZE] Found 23 opportunities: COPY_PROPAGATIONx23 (priority=50)
  [PROPOSE] Applying COPY_PROPAGATION at instruction 0: t1 = 3 → uses of t1 -> 3 at instr 1
  [VERIFY]  PASS (differential: 25/25 inputs matched, symbolic: skipped (control flow))
  [COST]    Before: 111.0, After: 108.0 (reduction: 2.7%)
  [ACCEPT]  ✓ Change accepted
--- Iteration 13 ---
  [ANALYZE] Found 23 opportunities: CONSTANT_FOLD (priority=100), COPY_PROPAGATIONx22 (priority=50)
  [PROPOSE] Applying CONSTANT_FOLD at instruction 0: t2 = 18 + 3 → t2 = 21
  [VERIFY]  PASS (differential: 25/25 inputs matched, symbolic: skipped (control flow))
  [COST]    Before: 108.0, After: 107.5 (reduction: 0.5%)
  [ACCEPT]  ✓ Change accepted
--- Iteration 14 ---
  [ANALYZE] Found 22 opportunities: COPY_PROPAGATIONx22 (priority=50)
  [PROPOSE] Applying COPY_PROPAGATION at instruction 0: t2 = 21 → uses of t2 -> 21 at instr 1
  [VERIFY]  PASS (differential: 25/25 inputs matched, symbolic: skipped (control flow))
  [COST]    Before: 107.5, After: 104.5 (reduction: 2.8%)
  [ACCEPT]  ✓ Change accepted
--- Iteration 15 ---
  [ANALYZE] Found 21 opportunities: COPY_PROPAGATIONx21 (priority=50)
  [PROPOSE] Applying COPY_PROPAGATION at instruction 0: f = 21 → uses of f -> 21 at instr 4, 6
  [VERIFY]  PASS (differential: 25/25 inputs matched, symbolic: skipped (control flow))
  [COST]    Before: 104.5, After: 102.0 (reduction: 2.4%)
  [ACCEPT]  ✓ Change accepted
--- Iteration 16 ---
  [ANALYZE] Found 20 opportunities: COPY_PROPAGATIONx20 (priority=50)
  [PROPOSE] Applying COPY_PROPAGATION at instruction 0: t3 = 6 → uses of t3 -> 6 at instr 2
  [VERIFY]  PASS (differential: 25/25 inputs matched, symbolic: skipped (control flow))
  [COST]    Before: 102.0, After: 99.0 (reduction: 2.9%)
  [ACCEPT]  ✓ Change accepted
--- Iteration 17 ---
  [ANALYZE] Found 19 opportunities: COPY_PROPAGATIONx19 (priority=50)
  [PROPOSE] Applying COPY_PROPAGATION at instruction 0: t4 = 4 → uses of t4 -> 4 at instr 1
  [VERIFY]  PASS (differential: 25/25 inputs matched, symbolic: skipped (control flow))
  [COST]    Before: 99.0, After: 96.0 (reduction: 3.0%)
  [ACCEPT]  ✓ Change accepted
--- Iteration 18 ---
  [ANALYZE] Found 19 opportunities: CONSTANT_FOLD (priority=100), COPY_PROPAGATIONx18 (priority=50)
  [PROPOSE] Applying CONSTANT_FOLD at instruction 0: t5 = 6 * 4 → t5 = 24
  [VERIFY]  PASS (differential: 25/25 inputs matched, symbolic: skipped (control flow))
  [COST]    Before: 96.0, After: 95.5 (reduction: 0.5%)
  [ACCEPT]  ✓ Change accepted
--- Iteration 19 ---
  [ANALYZE] Found 19 opportunities: COPY_PROPAGATIONx19 (priority=50)
  [PROPOSE] Applying COPY_PROPAGATION at instruction 0: t5 = 24 → uses of t5 -> 24 at instr 1
  [VERIFY]  PASS (differential: 25/25 inputs matched, symbolic: skipped (control flow))
  [COST]    Before: 95.5, After: 92.5 (reduction: 3.1%)
  [ACCEPT]  ✓ Change accepted
--- Iteration 20 ---
  [ANALYZE] Found 19 opportunities: CONSTANT_FOLD (priority=100), COPY_PROPAGATIONx18 (priority=50)
  [PROPOSE] Applying CONSTANT_FOLD at instruction 0: t6 = 21 + 24 → t6 = 45
  [VERIFY]  PASS (differential: 25/25 inputs matched, symbolic: skipped (control flow))
  [COST]    Before: 92.5, After: 92.0 (reduction: 0.5%)
  [ACCEPT]  ✓ Change accepted
--- Iteration 21 ---
  [ANALYZE] Found 18 opportunities: COPY_PROPAGATIONx18 (priority=50)
  [PROPOSE] Applying COPY_PROPAGATION at instruction 0: t6 = 45 → uses of t6 -> 45 at instr 1
  [VERIFY]  PASS (differential: 25/25 inputs matched, symbolic: skipped (control flow))
  [COST]    Before: 92.0, After: 89.0 (reduction: 3.3%)
  [ACCEPT]  ✓ Change accepted
--- Iteration 22 ---
  [ANALYZE] Found 17 opportunities: COPY_PROPAGATIONx17 (priority=50)
  [PROPOSE] Applying COPY_PROPAGATION at instruction 0: g = 45 → uses of g -> 45 at instr 1, 14
  [VERIFY]  PASS (differential: 25/25 inputs matched, symbolic: skipped (control flow))
  [COST]    Before: 89.0, After: 86.5 (reduction: 2.8%)
  [ACCEPT]  ✓ Change accepted
--- Iteration 23 ---
  [ANALYZE] Found 17 opportunities: CONSTANT_FOLD (priority=100), COPY_PROPAGATIONx16 (priority=50)
  [PROPOSE] Applying CONSTANT_FOLD at instruction 0: t7 = 45 * 21 → t7 = 945
  [VERIFY]  PASS (differential: 25/25 inputs matched, symbolic: skipped (control flow))
  [COST]    Before: 86.5, After: 86.0 (reduction: 0.6%)
  [ACCEPT]  ✓ Change accepted
--- Iteration 24 ---
  [ANALYZE] Found 17 opportunities: COPY_PROPAGATIONx17 (priority=50)
  [PROPOSE] Applying COPY_PROPAGATION at instruction 0: t7 = 945 → uses of t7 -> 945 at instr 1, 2
  [VERIFY]  PASS (differential: 25/25 inputs matched, symbolic: skipped (control flow))
  [COST]    Before: 86.0, After: 83.0 (reduction: 3.5%)
  [ACCEPT]  ✓ Change accepted
--- Iteration 25 ---
  [ANALYZE] Found 16 opportunities: COPY_PROPAGATIONx16 (priority=50)
  [PROPOSE] Applying COPY_PROPAGATION at instruction 0: s = 945 → uses of s -> 945 at instr 2
  [VERIFY]  PASS (differential: 25/25 inputs matched, symbolic: skipped (control flow))
  [COST]    Before: 83.0, After: 80.5 (reduction: 3.0%)
  [ACCEPT]  ✓ Change accepted
--- Iteration 26 ---
  [ANALYZE] Found 15 opportunities: COPY_PROPAGATIONx15 (priority=50)
  [PROPOSE] Applying COPY_PROPAGATION at instruction 0: t8 = 945 → uses of t8 -> 945 at instr 1
  [VERIFY]  PASS (differential: 25/25 inputs matched, symbolic: skipped (control flow))
  [COST]    Before: 80.5, After: 77.5 (reduction: 3.7%)
  [ACCEPT]  ✓ Change accepted
--- Iteration 27 ---
  [ANALYZE] Found 15 opportunities: CONSTANT_FOLD (priority=100), COPY_PROPAGATIONx14 (priority=50)
  [PROPOSE] Applying CONSTANT_FOLD at instruction 0: t9 = 945 + 945 → t9 = 1890
  [VERIFY]  PASS (differential: 25/25 inputs matched, symbolic: skipped (control flow))
  [COST]    Before: 77.5, After: 77.0 (reduction: 0.6%)
  [ACCEPT]  ✓ Change accepted
--- Iteration 28 ---
  [ANALYZE] Found 14 opportunities: COPY_PROPAGATIONx14 (priority=50)
  [PROPOSE] Applying COPY_PROPAGATION at instruction 0: t9 = 1890 → uses of t9 -> 1890 at instr 1
  [VERIFY]  PASS (differential: 25/25 inputs matched, symbolic: skipped (control flow))
  [COST]    Before: 77.0, After: 74.0 (reduction: 3.9%)
  [ACCEPT]  ✓ Change accepted
--- Iteration 29 ---
  [ANALYZE] Found 13 opportunities: COPY_PROPAGATIONx13 (priority=50)
  [PROPOSE] Applying COPY_PROPAGATION at instruction 0: res = 1890 → uses of res -> 1890 at instr 3
  [VERIFY]  PASS (differential: 25/25 inputs matched, symbolic: skipped (control flow))
  [COST]    Before: 74.0, After: 71.5 (reduction: 3.4%)
  [ACCEPT]  ✓ Change accepted
--- Iteration 30 ---
  [ANALYZE] Found 12 opportunities: COPY_PROPAGATIONx12 (priority=50)
  [PROPOSE] Applying COPY_PROPAGATION at instruction 0: t10 = 4 → uses of t10 -> 4 at instr 1
  [VERIFY]  PASS (differential: 25/25 inputs matched, symbolic: skipped (control flow))
  [COST]    Before: 71.5, After: 68.5 (reduction: 4.2%)
  [ACCEPT]  ✓ Change accepted
--- Iteration 31 ---
  [ANALYZE] Found 12 opportunities: CONSTANT_FOLD (priority=100), COPY_PROPAGATIONx11 (priority=50)
  [PROPOSE] Applying CONSTANT_FOLD at instruction 0: t11 = -4 → t11 = -4 (forwarded into uses of t11)
  [VERIFY]  PASS (differential: 25/25 inputs matched, symbolic: skipped (control flow))
  [COST]    Before: 68.5, After: 67.0 (reduction: 2.2%)
  [ACCEPT]  ✓ Change accepted
--- Iteration 32 ---
  [ANALYZE] Found 12 opportunities: CONSTANT_FOLD (priority=100), COPY_PROPAGATIONx11 (priority=50)
  [PROPOSE] Applying CONSTANT_FOLD at instruction 0: t12 = 1890 > -4 → t12 = 1 (forwarded into uses of t12)
  [VERIFY]  PASS (differential: 25/25 inputs matched, symbolic: skipped (control flow))
  [COST]    Before: 67.0, After: 65.5 (reduction: 2.2%)
  [ACCEPT]  ✓ Change accepted
--- Iteration 33 ---
  [ANALYZE] Found 11 opportunities: COPY_PROPAGATIONx11 (priority=50)
  [PROPOSE] Applying COPY_PROPAGATION at instruction 4: t19 = 16 → uses of t19 -> 16 at instr 5
  [VERIFY]  PASS (differential: 25/25 inputs matched, symbolic: skipped (control flow))
  [COST]    Before: 65.5, After: 62.5 (reduction: 4.6%)
  [ACCEPT]  ✓ Change accepted
--- Iteration 34 ---
  [ANALYZE] Found 11 opportunities: CONSTANT_FOLD (priority=100), COPY_PROPAGATIONx10 (priority=50)
  [PROPOSE] Applying CONSTANT_FOLD at instruction 4: t20 = 45 * 16 → t20 = 720
  [VERIFY]  PASS (differential: 25/25 inputs matched, symbolic: skipped (control flow))
  [COST]    Before: 62.5, After: 62.0 (reduction: 0.8%)
  [ACCEPT]  ✓ Change accepted
--- Iteration 35 ---
  [ANALYZE] Found 10 opportunities: COPY_PROPAGATIONx10 (priority=50)
  [PROPOSE] Applying COPY_PROPAGATION at instruction 4: t20 = 720 → uses of t20 -> 720 at instr 5
  [VERIFY]  PASS (differential: 25/25 inputs matched, symbolic: skipped (control flow))
  [COST]    Before: 62.0, After: 59.0 (reduction: 4.8%)
  [ACCEPT]  ✓ Change accepted
--- Iteration 36 ---
  [ANALYZE] Found 9 opportunities: COPY_PROPAGATIONx9 (priority=50)
  [PROPOSE] Applying COPY_PROPAGATION at instruction 4: d = 720 → uses of d -> 720 at instr 23
  [VERIFY]  PASS (differential: 25/25 inputs matched, symbolic: skipped (control flow))
  [COST]    Before: 59.0, After: 56.5 (reduction: 4.2%)
  [ACCEPT]  ✓ Change accepted
--- Iteration 37 ---
  [ANALYZE] Found 8 opportunities: COPY_PROPAGATIONx8 (priority=50)
  [PROPOSE] Applying COPY_PROPAGATION at instruction 4: t21 = 0 → uses of t21 -> 0 at instr 5
  [VERIFY]  PASS (differential: 25/25 inputs matched, symbolic: skipped (control flow))
  [COST]    Before: 56.5, After: 53.5 (reduction: 5.3%)
  [ACCEPT]  ✓ Change accepted
--- Iteration 38 ---
  [ANALYZE] Found 7 opportunities: COPY_PROPAGATIONx7 (priority=50)
  [PROPOSE] Applying COPY_PROPAGATION at instruction 5: t22 = 0 → uses of t22 -> 0 at instr 6
  [VERIFY]  PASS (differential: 25/25 inputs matched, symbolic: skipped (control flow))
  [COST]    Before: 53.5, After: 50.5 (reduction: 5.6%)
  [ACCEPT]  ✓ Change accepted
--- Iteration 39 ---
  [ANALYZE] Found 6 opportunities: COPY_PROPAGATIONx6 (priority=50)
  [PROPOSE] Applying COPY_PROPAGATION at instruction 7: t23 = 6 → uses of t23 -> 6 at instr 8
  [VERIFY]  PASS (differential: 25/25 inputs matched, symbolic: skipped (control flow))
  [COST]    Before: 50.5, After: 47.5 (reduction: 5.9%)
  [ACCEPT]  ✓ Change accepted
--- Iteration 40 ---
  [ANALYZE] Found 5 opportunities: COPY_PROPAGATIONx5 (priority=50)
  [PROPOSE] Applying COPY_PROPAGATION at instruction 9: t25 = 2 → uses of t25 -> 2 at instr 11
  [VERIFY]  PASS (differential: 25/25 inputs matched, symbolic: skipped (control flow))
  [COST]    Before: 47.5, After: 44.5 (reduction: 6.3%)
  [ACCEPT]  ✓ Change accepted
--- Iteration 41 ---
  [ANALYZE] Found 4 opportunities: COPY_PROPAGATIONx4 (priority=50)
  [PROPOSE] Applying COPY_PROPAGATION at instruction 9: t26 = 1 → uses of t26 -> 1 at instr 10
  [VERIFY]  PASS (differential: 25/25 inputs matched, symbolic: skipped (control flow))
  [COST]    Before: 44.5, After: 41.5 (reduction: 6.7%)
  [ACCEPT]  ✓ Change accepted
--- Iteration 42 ---
  [ANALYZE] Found 4 opportunities: CONSTANT_FOLD (priority=100), COPY_PROPAGATIONx3 (priority=50)
  [PROPOSE] Applying CONSTANT_FOLD at instruction 9: t27 = 2 + 1 → t27 = 3
  [VERIFY]  PASS (differential: 25/25 inputs matched, symbolic: skipped (control flow))
  [COST]    Before: 41.5, After: 41.0 (reduction: 1.2%)
  [ACCEPT]  ✓ Change accepted
--- Iteration 43 ---
  [ANALYZE] Found 4 opportunities: COPY_PROPAGATIONx4 (priority=50)
  [PROPOSE] Applying COPY_PROPAGATION at instruction 9: t27 = 3 → uses of t27 -> 3 at instr 10
  [VERIFY]  PASS (differential: 25/25 inputs matched, symbolic: skipped (control flow))
  [COST]    Before: 41.0, After: 38.0 (reduction: 7.3%)
  [ACCEPT]  ✓ Change accepted
--- Iteration 44 ---
  [ANALYZE] Found 3 opportunities: COPY_PROPAGATIONx3 (priority=50)
  [PROPOSE] Applying COPY_PROPAGATION at instruction 10: t28 = z + 3; z = t28 → z = z + 3
  [VERIFY]  PASS (differential: 25/25 inputs matched, symbolic: skipped (control flow))
  [COST]    Before: 38.0, After: 35.0 (reduction: 7.9%)
  [ACCEPT]  ✓ Change accepted
--- Iteration 45 ---
  [ANALYZE] Found 2 opportunities: COPY_PROPAGATIONx2 (priority=50)
  [PROPOSE] Applying COPY_PROPAGATION at instruction 10: t29 = 1 → uses of t29 -> 1 at instr 11
  [VERIFY]  PASS (differential: 25/25 inputs matched, symbolic: skipped (control flow))
  [COST]    Before: 35.0, After: 32.0 (reduction: 8.6%)
  [ACCEPT]  ✓ Change accepted
--- Iteration 46 ---
  [ANALYZE] Found 1 opportunity: COPY_PROPAGATION (priority=50)
  [PROPOSE] Applying COPY_PROPAGATION at instruction 11: t30 = i + 1; i = t30 → i = i + 1
  [VERIFY]  PASS (differential: 25/25 inputs matched, symbolic: skipped (control flow))
  [COST]    Before: 32.0, After: 29.0 (reduction: 9.4%)
  [ACCEPT]  ✓ Change accepted
--- Iteration 47 ---
  [ANALYZE] No more opportunities found.
=== RESULT ===
  Original cost: 141.5
  Final cost:    29.0
  Reduction:     79.5%
  Iterations:    47
  Accepted:      46
  Rejected:      0
  Invalid:       0
  Output match:  PASS ✓
=== Original TAC ===
   0 |     t0 = 18
   1 |     t1 = 3
   2 |     t2 = t0 + t1
   3 |     f = t2
   4 |     t3 = 6
   5 |     t4 = 4
   6 |     t5 = t3 * t4
   7 |     t6 = f + t5
   8 |     g = t6
   9 |     t7 = g * f
  10 |     s = t7
  11 |     t8 = g * f
  12 |     t9 = t8 + s
  13 |     res = t9
  14 |     num = res
  15 |     t10 = 4
  16 |     t11 = -t10
  17 |     t12 = res > t11
  18 |     ifFalse t12 goto L0
  19 |     t13 = 1
  20 |     t14 = num * t13
  21 |     t15 = 3
  22 |     t16 = t14 + t15
  23 |     num = t16
  24 |     goto L1
  25 | L0:
  26 |     t17 = 0
  27 |     t18 = num - t17
  28 |     num = t18
  29 | L1:
  30 |     t19 = 16
  31 |     t20 = g * t19
  32 |     d = t20
  33 |     t21 = 0
  34 |     z = t21
  35 |     t22 = 0
  36 |     i = t22
  37 | L2:
  38 |     t23 = 6
  39 |     t24 = i < t23
  40 |     ifFalse t24 goto L3
  41 |     t25 = 2
  42 |     t26 = 1
  43 |     t27 = t25 + t26
  44 |     t28 = z + t27
  45 |     z = t28
  46 |     t29 = 1
  47 |     t30 = i + t29
  48 |     i = t30
  49 |     goto L2
  50 | L3:
  51 |     t31 = d + z
  52 |     print t31
=== Optimized TAC ===
   0 |     ifFalse 1 goto L0
   1 |     goto L1
   2 | L0:
   3 | L1:
   4 |     z = 0
   5 |     i = 0
   6 | L2:
   7 |     t24 = i < 6
   8 |     ifFalse t24 goto L3
   9 |     z = z + 3
  10 |     i = i + 1
  11 |     goto L2
  12 | L3:
  13 |     t31 = 720 + z
  14 |     print t31
