=== Program: mixed_090.src ===
--- Iteration 1 ---
  [ANALYZE] Found 15 opportunities: CSE (priority=70), COPY_PROPAGATIONx14 (priority=50)
  [PROPOSE] Applying CSE at instruction 13: t9 = res * res → t9 = t8
  [VERIFY]  PASS (differential: 37/37 inputs matched, symbolic: equivalent)
  [COST]    Before: 53.5, After: 53.0 (reduction: 0.9%)
  [ACCEPT]  ✓ Change accepted
--- Iteration 2 ---
  [ANALYZE] Found 14 opportunities: COPY_PROPAGATIONx14 (priority=50)
  [PROPOSE] Applying COPY_PROPAGATION at instruction 0: t0 = 0 → uses of t0 -> 0 at instr 1
  [VERIFY]  PASS (differential: 37/37 inputs matched, symbolic: equivalent)
  [COST]    Before: 53.0, After: 50.0 (reduction: 5.7%)
  [ACCEPT]  ✓ Change accepted
--- Iteration 3 ---
  [ANALYZE] Found 14 opportunities: ALGEBRAIC_SIMPLIFY (priority=90), COPY_PROPAGATIONx13 (priority=50)
  [PROPOSE] Applying ALGEBRAIC_SIMPLIFY at instruction 0: t1 = in_a + 0 → t1 = in_a
  [VERIFY]  PASS (differential: 37/37 inputs matched, symbolic: equivalent)
  [COST]    Before: 50.0, After: 49.5 (reduction: 1.0%)
  [ACCEPT]  ✓ Change accepted
--- Iteration 4 ---
  [ANALYZE] Found 13 opportunities: COPY_PROPAGATIONx13 (priority=50)
  [PROPOSE] Applying COPY_PROPAGATION at instruction 0: t1 = in_a → uses of t1 -> in_a at instr 1
  [VERIFY]  PASS (differential: 34/34 inputs matched, symbolic: equivalent)
  [COST]    Before: 49.5, After: 46.5 (reduction: 6.1%)
  [ACCEPT]  ✓ Change accepted
--- Iteration 5 ---
  [ANALYZE] Found 12 opportunities: COPY_PROPAGATIONx12 (priority=50)
  [PROPOSE] Applying COPY_PROPAGATION at instruction 0: k = in_a → uses of k -> in_a at instr 2
  [VERIFY]  PASS (differential: 34/34 inputs matched, symbolic: equivalent)
  [COST]    Before: 46.5, After: 44.0 (reduction: 5.4%)
  [ACCEPT]  ✓ Change accepted
--- Iteration 6 ---
  [ANALYZE] Found 11 opportunities: COPY_PROPAGATIONx11 (priority=50)
  [PROPOSE] Applying COPY_PROPAGATION at instruction 0: t2 = 8 → uses of t2 -> 8 at instr 1
  [VERIFY]  PASS (differential: 34/34 inputs matched, symbolic: equivalent)
  [COST]    Before: 44.0, After: 41.0 (reduction: 6.8%)
  [ACCEPT]  ✓ Change accepted
--- Iteration 7 ---
  [ANALYZE] Found 11 opportunities: STRENGTH_REDUCTION (priority=60), COPY_PROPAGATIONx10 (priority=50)
  [PROPOSE] Applying STRENGTH_REDUCTION at instruction 0: t3 = in_a * 8 → t3 = in_a << 3
  [VERIFY]  PASS (differential: 34/34 inputs matched, symbolic: equivalent)
  [COST]    Before: 41.0, After: 39.0 (reduction: 4.9%)
  [ACCEPT]  ✓ Change accepted
--- Iteration 8 ---
  [ANALYZE] Found 10 opportunities: COPY_PROPAGATIONx10 (priority=50)
  [PROPOSE] Applying COPY_PROPAGATION at instruction 1: t3 = in_a << 3; res = t3 → res = in_a << 3
  [VERIFY]  PASS (differential: 31/31 inputs matched, symbolic: equivalent)
  [COST]    Before: 39.0, After: 36.0 (reduction: 7.7%)
  [ACCEPT]  ✓ Change accepted
--- Iteration 9 ---
  [ANALYZE] Found 8 opportunities: COPY_PROPAGATIONx8 (priority=50)
  [PROPOSE] Applying COPY_PROPAGATION at instruction 1: t4 = 3 → uses of t4 -> 3 at instr 3
  [VERIFY]  PASS (differential: 31/31 inputs matched, symbolic: equivalent)
  [COST]    Before: 36.0, After: 33.0 (reduction: 8.3%)
  [ACCEPT]  ✓ Change accepted
--- Iteration 10 ---
  [ANALYZE] Found 7 opportunities: COPY_PROPAGATIONx7 (priority=50)
  [PROPOSE] Applying COPY_PROPAGATION at instruction 1: t5 = 17 → uses of t5 -> 17 at instr 2
  [VERIFY]  PASS (differential: 31/31 inputs matched, symbolic: equivalent)
  [COST]    Before: 33.0, After: 30.0 (reduction: 9.1%)
  [ACCEPT]  ✓ Change accepted
--- Iteration 11 ---
  [ANALYZE] Found 7 opportunities: CONSTANT_FOLD (priority=100), COPY_PROPAGATIONx6 (priority=50)
  [PROPOSE] Applying CONSTANT_FOLD at instruction 1: t6 = 3 * 17 → t6 = 51
  [VERIFY]  PASS (differential: 34/34 inputs matched, symbolic: equivalent)
  [COST]    Before: 30.0, After: 29.5 (reduction: 1.7%)
  [ACCEPT]  ✓ Change accepted
--- Iteration 12 ---
  [ANALYZE] Found 7 opportunities: COPY_PROPAGATIONx7 (priority=50)
  [PROPOSE] Applying COPY_PROPAGATION at instruction 1: t6 = 51 → uses of t6 -> 51 at instr 2
  [VERIFY]  PASS (differential: 31/31 inputs matched, symbolic: equivalent)
  [COST]    Before: 29.5, After: 26.5 (reduction: 10.2%)
  [ACCEPT]  ✓ Change accepted
--- Iteration 13 ---
  [ANALYZE] Found 6 opportunities: COPY_PROPAGATIONx6 (priority=50)
  [PROPOSE] Applying COPY_PROPAGATION at instruction 2: t7 = res + 51; b = t7 → b = res + 51
  [VERIFY]  PASS (differential: 31/31 inputs matched, symbolic: equivalent)
  [COST]    Before: 26.5, After: 23.5 (reduction: 11.3%)
  [ACCEPT]  ✓ Change accepted
--- Iteration 14 ---
  [ANALYZE] Found 4 opportunities: COPY_PROPAGATIONx4 (priority=50)
  [PROPOSE] Applying COPY_PROPAGATION at instruction 3: c = t8 → uses of c -> t8 at instr 5
  [VERIFY]  PASS (differential: 31/31 inputs matched, symbolic: equivalent)
  [COST]    Before: 23.5, After: 21.0 (reduction: 10.6%)
  [ACCEPT]  ✓ Change accepted
--- Iteration 15 ---
  [ANALYZE] Found 3 opportunities: COPY_PROPAGATIONx3 (priority=50)
  [PROPOSE] Applying COPY_PROPAGATION at instruction 3: t9 = t8 → uses of t9 -> t8 at instr 4
  [VERIFY]  PASS (differential: 31/31 inputs matched, symbolic: equivalent)
  [COST]    Before: 21.0, After: 18.0 (reduction: 14.3%)
  [ACCEPT]  ✓ Change accepted
--- Iteration 16 ---
  [ANALYZE] Found 2 opportunities: COPY_PROPAGATIONx2 (priority=50)
  [PROPOSE] Applying COPY_PROPAGATION at instruction 4: t10 = t8 + t8; d = t10 → d = t8 + t8
  [VERIFY]  PASS (differential: 31/31 inputs matched, symbolic: equivalent)
  [COST]    Before: 18.0, After: 15.0 (reduction: 16.7%)
  [ACCEPT]  ✓ Change accepted
--- Iteration 17 ---
  [ANALYZE] No more opportunities found.
=== RESULT ===
  Original cost: 53.5
  Final cost:    15.0
  Reduction:     72.0%
  Iterations:    17
  Accepted:      16
  Rejected:      0
  Invalid:       0
  Output match:  PASS ✓
=== Original TAC ===
   0 |     t0 = 0
   1 |     t1 = in_a + t0
   2 |     k = t1
   3 |     t2 = 8
   4 |     t3 = k * t2
   5 |     res = t3
   6 |     t4 = 3
   7 |     t5 = 17
   8 |     t6 = t4 * t5
   9 |     t7 = res + t6
  10 |     b = t7
  11 |     t8 = res * res
  12 |     c = t8
  13 |     t9 = res * res
  14 |     t10 = t9 + c
  15 |     d = t10
  16 |     t11 = b + d
  17 |     print t11
=== Optimized TAC ===
  0 |     res = in_a << 3
  1 |     b = res + 51
  2 |     t8 = res * res
  3 |     d = t8 + t8
  4 |     t11 = b + d
  5 |     print t11
