=== Program: mixed_021.src ===
--- Iteration 1 ---
  [ANALYZE] Found 16 opportunities: CSE (priority=70), COPY_PROPAGATIONx15 (priority=50)
  [PROPOSE] Applying CSE at instruction 2: t1 = in_b * in_b → t1 = t0
  [VERIFY]  PASS (differential: 34/34 inputs matched, symbolic: skipped (control flow))
  [COST]    Before: 75.0, After: 74.5 (reduction: 0.7%)
  [ACCEPT]  ✓ Change accepted
--- Iteration 2 ---
  [ANALYZE] Found 15 opportunities: COPY_PROPAGATIONx15 (priority=50)
  [PROPOSE] Applying COPY_PROPAGATION at instruction 1: x = t0 → uses of x -> t0 at instr 3
  [VERIFY]  PASS (differential: 34/34 inputs matched, symbolic: skipped (control flow))
  [COST]    Before: 74.5, After: 72.0 (reduction: 3.4%)
  [ACCEPT]  ✓ Change accepted
--- Iteration 3 ---
  [ANALYZE] Found 14 opportunities: COPY_PROPAGATIONx14 (priority=50)
  [PROPOSE] Applying COPY_PROPAGATION at instruction 1: t1 = t0 → uses of t1 -> t0 at instr 2
  [VERIFY]  PASS (differential: 34/34 inputs matched, symbolic: skipped (control flow))
  [COST]    Before: 72.0, After: 69.0 (reduction: 4.2%)
  [ACCEPT]  ✓ Change accepted
--- Iteration 4 ---
  [ANALYZE] Found 13 opportunities: COPY_PROPAGATIONx13 (priority=50)
  [PROPOSE] Applying COPY_PROPAGATION at instruction 2: t2 = t0 + t0; p = t2 → p = t0 + t0
  [VERIFY]  PASS (differential: 34/34 inputs matched, symbolic: skipped (control flow))
  [COST]    Before: 69.0, After: 66.0 (reduction: 4.3%)
  [ACCEPT]  ✓ Change accepted
--- Iteration 5 ---
  [ANALYZE] Found 11 opportunities: COPY_PROPAGATIONx11 (priority=50)
  [PROPOSE] Applying COPY_PROPAGATION at instruction 2: t3 = 0 → uses of t3 -> 0 at instr 3
  [VERIFY]  PASS (differential: 34/34 inputs matched, symbolic: skipped (control flow))
  [COST]    Before: 66.0, After: 63.0 (reduction: 4.5%)
  [ACCEPT]  ✓ Change accepted
--- Iteration 6 ---
  [ANALYZE] Found 11 opportunities: ALGEBRAIC_SIMPLIFY (priority=90), COPY_PROPAGATIONx10 (priority=50)
  [PROPOSE] Applying ALGEBRAIC_SIMPLIFY at instruction 2: t4 = p + 0 → t4 = p
  [VERIFY]  PASS (differential: 34/34 inputs matched, symbolic: skipped (control flow))
  [COST]    Before: 63.0, After: 62.5 (reduction: 0.8%)
  [ACCEPT]  ✓ Change accepted
--- Iteration 7 ---
  [ANALYZE] Found 11 opportunities: COPY_PROPAGATIONx11 (priority=50)
  [PROPOSE] Applying COPY_PROPAGATION at instruction 2: p = t0 + t0; t4 = p → t4 = t0 + t0
  [VERIFY]  PASS (differential: 34/34 inputs matched, symbolic: skipped (control flow))
  [COST]    Before: 62.5, After: 60.0 (reduction: 4.0%)
  [ACCEPT]  ✓ Change accepted
--- Iteration 8 ---
  [ANALYZE] Found 10 opportunities: COPY_PROPAGATIONx10 (priority=50)
  [PROPOSE] Applying COPY_PROPAGATION at instruction 2: t4 = t0 + t0; v = t4 → v = t0 + t0
  [VERIFY]  PASS (differential: 34/34 inputs matched, symbolic: skipped (control flow))
  [COST]    Before: 60.0, After: 57.0 (reduction: 5.0%)
  [ACCEPT]  ✓ Change accepted
--- Iteration 9 ---
  [ANALYZE] Found 8 opportunities: COPY_PROPAGATIONx8 (priority=50)
  [PROPOSE] Applying COPY_PROPAGATION at instruction 2: t5 = 0 → uses of t5 -> 0 at instr 3
  [VERIFY]  PASS (differential: 34/34 inputs matched, symbolic: skipped (control flow))
  [COST]    Before: 57.0, After: 54.0 (reduction: 5.3%)
  [ACCEPT]  ✓ Change accepted
--- Iteration 10 ---
  [ANALYZE] Found 7 opportunities: COPY_PROPAGATIONx7 (priority=50)
  [PROPOSE] Applying COPY_PROPAGATION at instruction 3: t6 = 0 → uses of t6 -> 0 at instr 4
  [VERIFY]  PASS (differential: 34/34 inputs matched, symbolic: skipped (control flow))
  [COST]    Before: 54.0, After: 51.0 (reduction: 5.6%)
  [ACCEPT]  ✓ Change accepted
--- Iteration 11 ---
  [ANALYZE] Found 6 opportunities: COPY_PROPAGATIONx6 (priority=50)
  [PROPOSE] Applying COPY_PROPAGATION at instruction 5: t7 = 6 → uses of t7 -> 6 at instr 6
  [VERIFY]  PASS (differential: 34/34 inputs matched, symbolic: skipped (control flow))
  [COST]    Before: 51.0, After: 48.0 (reduction: 5.9%)
  [ACCEPT]  ✓ Change accepted
--- Iteration 12 ---
  [ANALYZE] Found 5 opportunities: COPY_PROPAGATIONx5 (priority=50)
  [PROPOSE] Applying COPY_PROPAGATION at instruction 7: t9 = 4 → uses of t9 -> 4 at instr 9
  [VERIFY]  PASS (differential: 34/34 inputs matched, symbolic: skipped (control flow))
  [COST]    Before: 48.0, After: 45.0 (reduction: 6.2%)
  [ACCEPT]  ✓ Change accepted
--- Iteration 13 ---
  [ANALYZE] Found 4 opportunities: COPY_PROPAGATIONx4 (priority=50)
  [PROPOSE] Applying COPY_PROPAGATION at instruction 7: t10 = 2 → uses of t10 -> 2 at instr 8
  [VERIFY]  PASS (differential: 34/34 inputs matched, symbolic: skipped (control flow))
  [COST]    Before: 45.0, After: 42.0 (reduction: 6.7%)
  [ACCEPT]  ✓ Change accepted
--- Iteration 14 ---
  [ANALYZE] Found 4 opportunities: CONSTANT_FOLD (priority=100), COPY_PROPAGATIONx3 (priority=50)
  [PROPOSE] Applying CONSTANT_FOLD at instruction 7: t11 = 4 + 2 → t11 = 6
  [VERIFY]  PASS (differential: 34/34 inputs matched, symbolic: skipped (control flow))
  [COST]    Before: 42.0, After: 41.5 (reduction: 1.2%)
  [ACCEPT]  ✓ Change accepted
--- Iteration 15 ---
  [ANALYZE] Found 4 opportunities: COPY_PROPAGATIONx4 (priority=50)
  [PROPOSE] Applying COPY_PROPAGATION at instruction 7: t11 = 6 → uses of t11 -> 6 at instr 8
  [VERIFY]  PASS (differential: 32/32 inputs matched, symbolic: skipped (control flow))
  [COST]    Before: 41.5, After: 38.5 (reduction: 7.2%)
  [ACCEPT]  ✓ Change accepted
--- Iteration 16 ---
  [ANALYZE] Found 3 opportunities: COPY_PROPAGATIONx3 (priority=50)
  [PROPOSE] Applying COPY_PROPAGATION at instruction 8: t12 = h + 6; h = t12 → h = h + 6
  [VERIFY]  PASS (differential: 32/32 inputs matched, symbolic: skipped (control flow))
  [COST]    Before: 38.5, After: 35.5 (reduction: 7.8%)
  [ACCEPT]  ✓ Change accepted
--- Iteration 17 ---
  [ANALYZE] Found 2 opportunities: COPY_PROPAGATIONx2 (priority=50)
  [PROPOSE] Applying COPY_PROPAGATION at instruction 8: t13 = 1 → uses of t13 -> 1 at instr 9
  [VERIFY]  PASS (differential: 32/32 inputs matched, symbolic: skipped (control flow))
  [COST]    Before: 35.5, After: 32.5 (reduction: 8.5%)
  [ACCEPT]  ✓ Change accepted
--- Iteration 18 ---
  [ANALYZE] Found 1 opportunity: COPY_PROPAGATION (priority=50)
  [PROPOSE] Applying COPY_PROPAGATION at instruction 9: t14 = i + 1; i = t14 → i = i + 1
  [VERIFY]  PASS (differential: 32/32 inputs matched, symbolic: skipped (control flow))
  [COST]    Before: 32.5, After: 29.5 (reduction: 9.2%)
  [ACCEPT]  ✓ Change accepted
--- Iteration 19 ---
  [ANALYZE] No more opportunities found.
=== RESULT ===
  Original cost: 75.0
  Final cost:    29.5
  Reduction:     60.7%
  Iterations:    19
  Accepted:      18
  Rejected:      0
  Invalid:       0
  Output match:  PASS ✓
=== Original TAC ===
   0 |     t0 = in_b * in_b
   1 |     x = t0
   2 |     t1 = in_b * in_b
   3 |     t2 = t1 + x
   4 |     p = t2
   5 |     t3 = 0
   6 |     t4 = p + t3
   7 |     v = t4
   8 |     t5 = 0
   9 |     h = t5
  10 |     t6 = 0
  11 |     i = t6
  12 | L0:
  13 |     t7 = 6
  14 |     t8 = i < t7
  15 |     ifFalse t8 goto L1
  16 |     t9 = 4
  17 |     t10 = 2
  18 |     t11 = t9 + t10
  19 |     t12 = h + t11
  20 |     h = t12
  21 |     t13 = 1
  22 |     t14 = i + t13
  23 |     i = t14
  24 |     goto L0
  25 | L1:
  26 |     t15 = v + h
  27 |     print t15
=== Optimized TAC ===
   0 |     t0 = in_b * in_b
   1 |     v = t0 + t0
   2 |     h = 0
   3 |     i = 0
   4 | L0:
   5 |     t8 = i < 6
   6 |     ifFalse t8 goto L1
   7 |     h = h + 6
   8 |     i = i + 1
   9 |     goto L0
  10 | L1:
  11 |     t15 = v + h
  12 |     print t15
