=== Program: mixed_023.src ===
--- Iteration 1 ---
  [ANALYZE] Found 20 opportunities: DEAD_CODE (priority=80), COPY_PROPAGATIONx19 (priority=50)
  [PROPOSE] Applying DEAD_CODE at instruction 1: g = t0 → (removed)
  [VERIFY]  PASS (differential: 42/42 inputs matched, symbolic: skipped (control flow))
  [COST]    Before: 89.5, After: 87.0 (reduction: 2.8%)
  [ACCEPT]  ✓ Change accepted
--- Iteration 2 ---
  [ANALYZE] Found 19 opportunities: DEAD_CODE (priority=80), COPY_PROPAGATIONx18 (priority=50)
  [PROPOSE] Applying DEAD_CODE at instruction 0: t0 = 37 → (removed)
  [VERIFY]  PASS (differential: 42/42 inputs matched, symbolic: skipped (control flow))
  [COST]    Before: 87.0, After: 84.0 (reduction: 3.4%)
  [ACCEPT]  ✓ Change accepted
--- Iteration 3 ---
  [ANALYZE] Found 18 opportunities: COPY_PROPAGATIONx18 (priority=50)
  [PROPOSE] Applying COPY_PROPAGATION at instruction 0: t1 = 0 → uses of t1 -> 0 at instr 1
  [VERIFY]  PASS (differential: 39/39 inputs matched, symbolic: skipped (control flow))
  [COST]    Before: 84.0, After: 81.0 (reduction: 3.6%)
  [ACCEPT]  ✓ Change accepted
--- Iteration 4 ---
  [ANALYZE] Found 17 opportunities: COPY_PROPAGATIONx17 (priority=50)
  [PROPOSE] Applying COPY_PROPAGATION at instruction 1: t2 = 0 → uses of t2 -> 0 at instr 2
  [VERIFY]  PASS (differential: 39/39 inputs matched, symbolic: skipped (control flow))
  [COST]    Before: 81.0, After: 78.0 (reduction: 3.7%)
  [ACCEPT]  ✓ Change accepted
--- Iteration 5 ---
  [ANALYZE] Found 16 opportunities: COPY_PROPAGATIONx16 (priority=50)
  [PROPOSE] Applying COPY_PROPAGATION at instruction 3: t3 = 2 → uses of t3 -> 2 at instr 4
  [VERIFY]  PASS (differential: 39/39 inputs matched, symbolic: skipped (control flow))
  [COST]    Before: 78.0, After: 75.0 (reduction: 3.8%)
  [ACCEPT]  ✓ Change accepted
--- Iteration 6 ---
  [ANALYZE] Found 15 opportunities: COPY_PROPAGATIONx15 (priority=50)
  [PROPOSE] Applying COPY_PROPAGATION at instruction 5: t5 = 4 → uses of t5 -> 4 at instr 7
  [VERIFY]  PASS (differential: 39/39 inputs matched, symbolic: skipped (control flow))
  [COST]    Before: 75.0, After: 72.0 (reduction: 4.0%)
  [ACCEPT]  ✓ Change accepted
--- Iteration 7 ---
  [ANALYZE] Found 14 opportunities: COPY_PROPAGATIONx14 (priority=50)
  [PROPOSE] Applying COPY_PROPAGATION at instruction 5: t6 = 2 → uses of t6 -> 2 at instr 6
  [VERIFY]  PASS (differential: 39/39 inputs matched, symbolic: skipped (control flow))
  [COST]    Before: 72.0, After: 69.0 (reduction: 4.2%)
  [ACCEPT]  ✓ Change accepted
--- Iteration 8 ---
  [ANALYZE] Found 14 opportunities: CONSTANT_FOLD (priority=100), COPY_PROPAGATIONx13 (priority=50)
  [PROPOSE] Applying CONSTANT_FOLD at instruction 5: t7 = 4 + 2 → t7 = 6
  [VERIFY]  PASS (differential: 39/39 inputs matched, symbolic: skipped (control flow))
  [COST]    Before: 69.0, After: 68.5 (reduction: 0.7%)
  [ACCEPT]  ✓ Change accepted
--- Iteration 9 ---
  [ANALYZE] Found 14 opportunities: COPY_PROPAGATIONx14 (priority=50)
  [PROPOSE] Applying COPY_PROPAGATION at instruction 5: t7 = 6 → uses of t7 -> 6 at instr 6
  [VERIFY]  PASS (differential: 38/38 inputs matched, symbolic: skipped (control flow))
  [COST]    Before: 68.5, After: 65.5 (reduction: 4.4%)
  [ACCEPT]  ✓ Change accepted
--- Iteration 10 ---
  [ANALYZE] Found 13 opportunities: COPY_PROPAGATIONx13 (priority=50)
  [PROPOSE] Applying COPY_PROPAGATION at instruction 6: t8 = num + 6; num = t8 → num = num + 6
  [VERIFY]  PASS (differential: 38/38 inputs matched, symbolic: skipped (control flow))
  [COST]    Before: 65.5, After: 62.5 (reduction: 4.6%)
  [ACCEPT]  ✓ Change accepted
--- Iteration 11 ---
  [ANALYZE] Found 12 opportunities: COPY_PROPAGATIONx12 (priority=50)
  [PROPOSE] Applying COPY_PROPAGATION at instruction 6: t9 = 1 → uses of t9 -> 1 at instr 7
  [VERIFY]  PASS (differential: 38/38 inputs matched, symbolic: skipped (control flow))
  [COST]    Before: 62.5, After: 59.5 (reduction: 4.8%)
  [ACCEPT]  ✓ Change accepted
--- Iteration 12 ---
  [ANALYZE] Found 11 opportunities: COPY_PROPAGATIONx11 (priority=50)
  [PROPOSE] Applying COPY_PROPAGATION at instruction 7: t10 = i + 1; i = t10 → i = i + 1
  [VERIFY]  PASS (differential: 38/38 inputs matched, symbolic: skipped (control flow))
  [COST]    Before: 59.5, After: 56.5 (reduction: 5.0%)
  [ACCEPT]  ✓ Change accepted
--- Iteration 13 ---
  [ANALYZE] Found 10 opportunities: COPY_PROPAGATIONx10 (priority=50)
  [PROPOSE] Applying COPY_PROPAGATION at instruction 9: t11 = 8 → uses of t11 -> 8 at instr 10
  [VERIFY]  PASS (differential: 38/38 inputs matched, symbolic: skipped (control flow))
  [COST]    Before: 56.5, After: 53.5 (reduction: 5.3%)
  [ACCEPT]  ✓ Change accepted
--- Iteration 14 ---
  [ANALYZE] Found 10 opportunities: STRENGTH_REDUCTION (priority=60), COPY_PROPAGATIONx9 (priority=50)
  [PROPOSE] Applying STRENGTH_REDUCTION at instruction 9: t12 = in_a * 8 → t12 = in_a << 3
  [VERIFY]  PASS (differential: 39/39 inputs matched, symbolic: skipped (control flow))
  [COST]    Before: 53.5, After: 51.5 (reduction: 3.7%)
  [ACCEPT]  ✓ Change accepted
--- Iteration 15 ---
  [ANALYZE] Found 9 opportunities: COPY_PROPAGATIONx9 (priority=50)
  [PROPOSE] Applying COPY_PROPAGATION at instruction 10: t12 = in_a << 3; acc = t12 → acc = in_a << 3
  [VERIFY]  PASS (differential: 37/37 inputs matched, symbolic: skipped (control flow))
  [COST]    Before: 51.5, After: 48.5 (reduction: 5.8%)
  [ACCEPT]  ✓ Change accepted
--- Iteration 16 ---
  [ANALYZE] Found 7 opportunities: COPY_PROPAGATIONx7 (priority=50)
  [PROPOSE] Applying COPY_PROPAGATION at instruction 10: t13 = 0 → uses of t13 -> 0 at instr 11
  [VERIFY]  PASS (differential: 37/37 inputs matched, symbolic: skipped (control flow))
  [COST]    Before: 48.5, After: 45.5 (reduction: 6.2%)
  [ACCEPT]  ✓ Change accepted
--- Iteration 17 ---
  [ANALYZE] Found 7 opportunities: ALGEBRAIC_SIMPLIFY (priority=90), COPY_PROPAGATIONx6 (priority=50)
  [PROPOSE] Applying ALGEBRAIC_SIMPLIFY at instruction 10: t14 = acc - 0 → t14 = acc
  [VERIFY]  PASS (differential: 37/37 inputs matched, symbolic: skipped (control flow))
  [COST]    Before: 45.5, After: 45.0 (reduction: 1.1%)
  [ACCEPT]  ✓ Change accepted
--- Iteration 18 ---
  [ANALYZE] Found 6 opportunities: COPY_PROPAGATIONx6 (priority=50)
  [PROPOSE] Applying COPY_PROPAGATION at instruction 10: t14 = acc → uses of t14 -> acc at instr 11
  [VERIFY]  PASS (differential: 37/37 inputs matched, symbolic: skipped (control flow))
  [COST]    Before: 45.0, After: 42.0 (reduction: 6.7%)
  [ACCEPT]  ✓ Change accepted
--- Iteration 19 ---
  [ANALYZE] Found 5 opportunities: COPY_PROPAGATIONx5 (priority=50)
  [PROPOSE] Applying COPY_PROPAGATION at instruction 10: e = acc → uses of e -> acc at instr 16
  [VERIFY]  PASS (differential: 37/37 inputs matched, symbolic: skipped (control flow))
  [COST]    Before: 42.0, After: 39.5 (reduction: 6.0%)
  [ACCEPT]  ✓ Change accepted
--- Iteration 20 ---
  [ANALYZE] Found 4 opportunities: COPY_PROPAGATIONx4 (priority=50)
  [PROPOSE] Applying COPY_PROPAGATION at instruction 10: t15 = 15 → uses of t15 -> 15 at instr 12
  [VERIFY]  PASS (differential: 37/37 inputs matched, symbolic: skipped (control flow))
  [COST]    Before: 39.5, After: 36.5 (reduction: 7.6%)
  [ACCEPT]  ✓ Change accepted
--- Iteration 21 ---
  [ANALYZE] Found 3 opportunities: COPY_PROPAGATIONx3 (priority=50)
  [PROPOSE] Applying COPY_PROPAGATION at instruction 10: t16 = 6 → uses of t16 -> 6 at instr 11
  [VERIFY]  PASS (differential: 37/37 inputs matched, symbolic: skipped (control flow))
  [COST]    Before: 36.5, After: 33.5 (reduction: 8.2%)
  [ACCEPT]  ✓ Change accepted
--- Iteration 22 ---
  [ANALYZE] Found 3 opportunities: CONSTANT_FOLD (priority=100), COPY_PROPAGATIONx2 (priority=50)
  [PROPOSE] Applying CONSTANT_FOLD at instruction 10: t17 = 15 * 6 → t17 = 90
  [VERIFY]  PASS (differential: 40/40 inputs matched, symbolic: skipped (control flow))
  [COST]    Before: 33.5, After: 33.0 (reduction: 1.5%)
  [ACCEPT]  ✓ Change accepted
--- Iteration 23 ---
  [ANALYZE] Found 3 opportunities: COPY_PROPAGATIONx3 (priority=50)
  [PROPOSE] Applying COPY_PROPAGATION at instruction 10: t17 = 90 → uses of t17 -> 90 at instr 11
  [VERIFY]  PASS (differential: 37/37 inputs matched, symbolic: skipped (control flow))
  [COST]    Before: 33.0, After: 30.0 (reduction: 9.1%)
  [ACCEPT]  ✓ Change accepted
--- Iteration 24 ---
  [ANALYZE] Found 2 opportunities: COPY_PROPAGATIONx2 (priority=50)
  [PROPOSE] Applying COPY_PROPAGATION at instruction 11: t18 = acc + 90; n = t18 → n = acc + 90
  [VERIFY]  PASS (differential: 37/37 inputs matched, symbolic: skipped (control flow))
  [COST]    Before: 30.0, After: 27.0 (reduction: 10.0%)
  [ACCEPT]  ✓ Change accepted
--- Iteration 25 ---
  [ANALYZE] No more opportunities found.
=== RESULT ===
  Original cost: 89.5
  Final cost:    27.0
  Reduction:     69.8%
  Iterations:    25
  Accepted:      24
  Rejected:      0
  Invalid:       0
  Output match:  PASS ✓
=== Original TAC ===
   0 |     t0 = 37
   1 |     g = t0
   2 |     t1 = 0
   3 |     num = t1
   4 |     t2 = 0
   5 |     i = t2
   6 | L0:
   7 |     t3 = 2
   8 |     t4 = i < t3
   9 |     ifFalse t4 goto L1
  10 |     t5 = 4
  11 |     t6 = 2
  12 |     t7 = t5 + t6
  13 |     t8 = num + t7
  14 |     num = t8
  15 |     t9 = 1
  16 |     t10 = i + t9
  17 |     i = t10
  18 |     goto L0
  19 | L1:
  20 |     t11 = 8
  21 |     t12 = in_a * t11
  22 |     acc = t12
  23 |     t13 = 0
  24 |     t14 = acc - t13
  25 |     e = t14
  26 |     t15 = 15
  27 |     t16 = 6
  28 |     t17 = t15 * t16
  29 |     t18 = acc + t17
  30 |     n = t18
  31 |     t19 = e + n
  32 |     print t19
=== Optimized TAC ===
   0 |     num = 0
   1 |     i = 0
   2 | L0:
   3 |     t4 = i < 2
   4 |     ifFalse t4 goto L1
   5 |     num = num + 6
   6 |     i = i + 1
   7 |     goto L0
   8 | L1:
   9 |     acc = in_a << 3
  10 |     n = acc + 90
  11 |     t19 = acc + n
  12 |     print t19
