=== Program: nested_037.src ===
--- Iteration 1 ---
  [ANALYZE] Found 16 opportunities: DEAD_CODE (priority=80), COPY_PROPAGATIONx15 (priority=50)
  [PROPOSE] Applying DEAD_CODE at instruction 18: c = t16 → (removed)
  [VERIFY]  PASS (differential: 25/25 inputs matched, symbolic: equivalent)
  [COST]    Before: 80.5, After: 78.0 (reduction: 3.1%)
  [ACCEPT]  ✓ Change accepted
--- Iteration 2 ---
  [ANALYZE] Found 15 opportunities: DEAD_CODE (priority=80), COPY_PROPAGATIONx14 (priority=50)
  [PROPOSE] Applying DEAD_CODE at instruction 17: t16 = t10 * t15 → (removed)
  [VERIFY]  PASS (differential: 25/25 inputs matched, symbolic: equivalent)
  [COST]    Before: 78.0, After: 74.5 (reduction: 4.5%)
  [ACCEPT]  ✓ Change accepted
--- Iteration 3 ---
  [ANALYZE] Found 16 opportunities: DEAD_CODEx2 (priority=80), COPY_PROPAGATIONx14 (priority=50)
  [PROPOSE] Applying DEAD_CODE at instruction 11: t10 = t8 + t9 → (removed)
  [VERIFY]  PASS (differential: 25/25 inputs matched, symbolic: equivalent)
  [COST]    Before: 74.5, After: 71.0 (reduction: 4.7%)
  [ACCEPT]  ✓ Change accepted
--- Iteration 4 ---
  [ANALYZE] Found 15 opportunities: DEAD_CODEx2 (priority=80), COPY_PROPAGATIONx13 (priority=50)
  [PROPOSE] Applying DEAD_CODE at instruction 10: t9 = 6 → (removed)
  [VERIFY]  PASS (differential: 25/25 inputs matched, symbolic: equivalent)
  [COST]    Before: 71.0, After: 68.0 (reduction: 4.2%)
  [ACCEPT]  ✓ Change accepted
--- Iteration 5 ---
  [ANALYZE] Found 14 opportunities: DEAD_CODE (priority=80), COPY_PROPAGATIONx13 (priority=50)
  [PROPOSE] Applying DEAD_CODE at instruction 14: t15 = t12 + t14 → (removed)
  [VERIFY]  PASS (differential: 25/25 inputs matched, symbolic: equivalent)
  [COST]    Before: 68.0, After: 64.5 (reduction: 5.1%)
  [ACCEPT]  ✓ Change accepted
--- Iteration 6 ---
  [ANALYZE] Found 14 opportunities: DEAD_CODE (priority=80), COPY_PROPAGATIONx13 (priority=50)
  [PROPOSE] Applying DEAD_CODE at instruction 11: t12 = k + t11 → (removed)
  [VERIFY]  PASS (differential: 25/25 inputs matched, symbolic: equivalent)
  [COST]    Before: 64.5, After: 61.0 (reduction: 5.4%)
  [ACCEPT]  ✓ Change accepted
--- Iteration 7 ---
  [ANALYZE] Found 13 opportunities: DEAD_CODE (priority=80), COPY_PROPAGATIONx12 (priority=50)
  [PROPOSE] Applying DEAD_CODE at instruction 10: t11 = 9 → (removed)
  [VERIFY]  PASS (differential: 25/25 inputs matched, symbolic: equivalent)
  [COST]    Before: 61.0, After: 58.0 (reduction: 4.9%)
  [ACCEPT]  ✓ Change accepted
--- Iteration 8 ---
  [ANALYZE] Found 12 opportunities: COPY_PROPAGATIONx12 (priority=50)
  [PROPOSE] Applying COPY_PROPAGATION at instruction 0: t0 = 8 → uses of t0 -> 8 at instr 2
  [VERIFY]  PASS (differential: 25/25 inputs matched, symbolic: equivalent)
  [COST]    Before: 58.0, After: 55.0 (reduction: 5.2%)
  [ACCEPT]  ✓ Change accepted
--- Iteration 9 ---
  [ANALYZE] Found 11 opportunities: COPY_PROPAGATIONx11 (priority=50)
  [PROPOSE] Applying COPY_PROPAGATION at instruction 0: t1 = 14 → uses of t1 -> 14 at instr 1
  [VERIFY]  PASS (differential: 25/25 inputs matched, symbolic: equivalent)
  [COST]    Before: 55.0, After: 52.0 (reduction: 5.5%)
  [ACCEPT]  ✓ Change accepted
--- Iteration 10 ---
  [ANALYZE] Found 11 opportunities: CONSTANT_FOLD (priority=100), COPY_PROPAGATIONx10 (priority=50)
  [PROPOSE] Applying CONSTANT_FOLD at instruction 0: t2 = 8 + 14 → t2 = 22
  [VERIFY]  PASS (differential: 25/25 inputs matched, symbolic: equivalent)
  [COST]    Before: 52.0, After: 51.5 (reduction: 1.0%)
  [ACCEPT]  ✓ Change accepted
--- Iteration 11 ---
  [ANALYZE] Found 11 opportunities: COPY_PROPAGATIONx11 (priority=50)
  [PROPOSE] Applying COPY_PROPAGATION at instruction 0: t2 = 22 → uses of t2 -> 22 at instr 4
  [VERIFY]  PASS (differential: 25/25 inputs matched, symbolic: equivalent)
  [COST]    Before: 51.5, After: 48.5 (reduction: 5.8%)
  [ACCEPT]  ✓ Change accepted
--- Iteration 12 ---
  [ANALYZE] Found 10 opportunities: COPY_PROPAGATIONx10 (priority=50)
  [PROPOSE] Applying COPY_PROPAGATION at instruction 0: t3 = 4 → uses of t3 -> 4 at instr 2
  [VERIFY]  PASS (differential: 25/25 inputs matched, symbolic: equivalent)
  [COST]    Before: 48.5, After: 45.5 (reduction: 6.2%)
  [ACCEPT]  ✓ Change accepted
--- Iteration 13 ---
  [ANALYZE] Found 9 opportunities: COPY_PROPAGATIONx9 (priority=50)
  [PROPOSE] Applying COPY_PROPAGATION at instruction 0: t4 = 9 → uses of t4 -> 9 at instr 1
  [VERIFY]  PASS (differential: 25/25 inputs matched, symbolic: equivalent)
  [COST]    Before: 45.5, After: 42.5 (reduction: 6.6%)
  [ACCEPT]  ✓ Change accepted
--- Iteration 14 ---
  [ANALYZE] Found 9 opportunities: CONSTANT_FOLD (priority=100), COPY_PROPAGATIONx8 (priority=50)
  [PROPOSE] Applying CONSTANT_FOLD at instruction 0: t5 = 4 % 9 → t5 = 4
  [VERIFY]  PASS (differential: 25/25 inputs matched, symbolic: equivalent)
  [COST]    Before: 42.5, After: 42.0 (reduction: 1.2%)
  [ACCEPT]  ✓ Change accepted
--- Iteration 15 ---
  [ANALYZE] Found 9 opportunities: COPY_PROPAGATIONx9 (priority=50)
  [PROPOSE] Applying COPY_PROPAGATION at instruction 0: t5 = 4 → uses of t5 -> 4 at instr 1
  [VERIFY]  PASS (differential: 25/25 inputs matched, symbolic: equivalent)
  [COST]    Before: 42.0, After: 39.0 (reduction: 7.1%)
  [ACCEPT]  ✓ Change accepted
--- Iteration 16 ---
  [ANALYZE] Found 9 opportunities: CONSTANT_FOLD (priority=100), COPY_PROPAGATIONx8 (priority=50)
  [PROPOSE] Applying CONSTANT_FOLD at instruction 0: t6 = 22 - 4 → t6 = 18
  [VERIFY]  PASS (differential: 25/25 inputs matched, symbolic: equivalent)
  [COST]    Before: 39.0, After: 38.5 (reduction: 1.3%)
  [ACCEPT]  ✓ Change accepted
--- Iteration 17 ---
  [ANALYZE] Found 8 opportunities: COPY_PROPAGATIONx8 (priority=50)
  [PROPOSE] Applying COPY_PROPAGATION at instruction 0: t6 = 18 → uses of t6 -> 18 at instr 1
  [VERIFY]  PASS (differential: 25/25 inputs matched, symbolic: equivalent)
  [COST]    Before: 38.5, After: 35.5 (reduction: 7.8%)
  [ACCEPT]  ✓ Change accepted
--- Iteration 18 ---
  [ANALYZE] Found 7 opportunities: COPY_PROPAGATIONx7 (priority=50)
  [PROPOSE] Applying COPY_PROPAGATION at instruction 0: k = 18 → uses of k -> 18 at instr 2, 4, 8, 9
  [VERIFY]  PASS (differential: 25/25 inputs matched, symbolic: equivalent)
  [COST]    Before: 35.5, After: 33.0 (reduction: 7.0%)
  [ACCEPT]  ✓ Change accepted
--- Iteration 19 ---
  [ANALYZE] Found 6 opportunities: COPY_PROPAGATIONx6 (priority=50)
  [PROPOSE] Applying COPY_PROPAGATION at instruction 0: t7 = 5 → uses of t7 -> 5 at instr 1
  [VERIFY]  PASS (differential: 25/25 inputs matched, symbolic: equivalent)
  [COST]    Before: 33.0, After: 30.0 (reduction: 9.1%)
  [ACCEPT]  ✓ Change accepted
--- Iteration 20 ---
  [ANALYZE] Found 7 opportunities: CONSTANT_FOLD (priority=100), DEAD_CODE (priority=80), COPY_PROPAGATIONx5 (priority=50)
  [PROPOSE] Applying CONSTANT_FOLD at instruction 0: t8 = 18 % 5 → t8 = 3
  [VERIFY]  PASS (differential: 25/25 inputs matched, symbolic: equivalent)
  [COST]    Before: 30.0, After: 29.5 (reduction: 1.7%)
  [ACCEPT]  ✓ Change accepted
--- Iteration 21 ---
  [ANALYZE] Found 6 opportunities: DEAD_CODE (priority=80), COPY_PROPAGATIONx5 (priority=50)
  [PROPOSE] Applying DEAD_CODE at instruction 0: t8 = 3 → (removed)
  [VERIFY]  PASS (differential: 25/25 inputs matched, symbolic: equivalent)
  [COST]    Before: 29.5, After: 26.5 (reduction: 10.2%)
  [ACCEPT]  ✓ Change accepted
--- Iteration 22 ---
  [ANALYZE] Found 5 opportunities: COPY_PROPAGATIONx5 (priority=50)
  [PROPOSE] Applying COPY_PROPAGATION at instruction 0: t13 = 6 → uses of t13 -> 6 at instr 1
  [VERIFY]  PASS (differential: 25/25 inputs matched, symbolic: equivalent)
  [COST]    Before: 26.5, After: 23.5 (reduction: 11.3%)
  [ACCEPT]  ✓ Change accepted
--- Iteration 23 ---
  [ANALYZE] Found 6 opportunities: CONSTANT_FOLD (priority=100), DEAD_CODE (priority=80), COPY_PROPAGATIONx4 (priority=50)
  [PROPOSE] Applying CONSTANT_FOLD at instruction 0: t14 = 18 / 6 → t14 = 3
  [VERIFY]  PASS (differential: 25/25 inputs matched, symbolic: equivalent)
  [COST]    Before: 23.5, After: 23.0 (reduction: 2.1%)
  [ACCEPT]  ✓ Change accepted
--- Iteration 24 ---
  [ANALYZE] Found 5 opportunities: DEAD_CODE (priority=80), COPY_PROPAGATIONx4 (priority=50)
  [PROPOSE] Applying DEAD_CODE at instruction 0: t14 = 3 → (removed)
  [VERIFY]  PASS (differential: 25/25 inputs matched, symbolic: equivalent)
  [COST]    Before: 23.0, After: 20.0 (reduction: 13.0%)
  [ACCEPT]  ✓ Change accepted
--- Iteration 25 ---
  [ANALYZE] Found 4 opportunities: COPY_PROPAGATIONx4 (priority=50)
  [PROPOSE] Applying COPY_PROPAGATION at instruction 0: t17 = 7 → uses of t17 -> 7 at instr 2
  [VERIFY]  PASS (differential: 25/25 inputs matched, symbolic: equivalent)
  [COST]    Before: 20.0, After: 17.0 (reduction: 15.0%)
  [ACCEPT]  ✓ Change accepted
--- Iteration 26 ---
  [ANALYZE] Found 3 opportunities: COPY_PROPAGATIONx3 (priority=50)
  [PROPOSE] Applying COPY_PROPAGATION at instruction 0: t18 = 20 → uses of t18 -> 20 at instr 1
  [VERIFY]  PASS (differential: 25/25 inputs matched, symbolic: equivalent)
  [COST]    Before: 17.0, After: 14.0 (reduction: 17.6%)
  [ACCEPT]  ✓ Change accepted
--- Iteration 27 ---
  [ANALYZE] Found 3 opportunities: CONSTANT_FOLD (priority=100), COPY_PROPAGATIONx2 (priority=50)
  [PROPOSE] Applying CONSTANT_FOLD at instruction 0: t19 = 7 * 20 → t19 = 140
  [VERIFY]  PASS (differential: 25/25 inputs matched, symbolic: equivalent)
  [COST]    Before: 14.0, After: 13.5 (reduction: 3.6%)
  [ACCEPT]  ✓ Change accepted
--- Iteration 28 ---
  [ANALYZE] Found 3 opportunities: COPY_PROPAGATIONx3 (priority=50)
  [PROPOSE] Applying COPY_PROPAGATION at instruction 0: t19 = 140 → uses of t19 -> 140 at instr 1
  [VERIFY]  PASS (differential: 25/25 inputs matched, symbolic: equivalent)
  [COST]    Before: 13.5, After: 10.5 (reduction: 22.2%)
  [ACCEPT]  ✓ Change accepted
--- Iteration 29 ---
  [ANALYZE] Found 3 opportunities: CONSTANT_FOLD (priority=100), COPY_PROPAGATIONx2 (priority=50)
  [PROPOSE] Applying CONSTANT_FOLD at instruction 0: t20 = 18 * 140 → t20 = 2520
  [VERIFY]  PASS (differential: 25/25 inputs matched, symbolic: equivalent)
  [COST]    Before: 10.5, After: 10.0 (reduction: 4.8%)
  [ACCEPT]  ✓ Change accepted
--- Iteration 30 ---
  [ANALYZE] Found 3 opportunities: COPY_PROPAGATIONx3 (priority=50)
  [PROPOSE] Applying COPY_PROPAGATION at instruction 0: t20 = 2520 → uses of t20 -> 2520 at instr 1
  [VERIFY]  PASS (differential: 25/25 inputs matched, symbolic: equivalent)
  [COST]    Before: 10.0, After: 7.0 (reduction: 30.0%)
  [ACCEPT]  ✓ Change accepted
--- Iteration 31 ---
  [ANALYZE] Found 3 opportunities: CONSTANT_FOLD (priority=100), COPY_PROPAGATIONx2 (priority=50)
  [PROPOSE] Applying CONSTANT_FOLD at instruction 0: t21 = 18 + 2520 → t21 = 2538
  [VERIFY]  PASS (differential: 25/25 inputs matched, symbolic: equivalent)
  [COST]    Before: 7.0, After: 6.5 (reduction: 7.1%)
  [ACCEPT]  ✓ Change accepted
--- Iteration 32 ---
  [ANALYZE] Found 2 opportunities: COPY_PROPAGATIONx2 (priority=50)
  [PROPOSE] Applying COPY_PROPAGATION at instruction 0: t21 = 2538 → uses of t21 -> 2538 at instr 1
  [VERIFY]  PASS (differential: 25/25 inputs matched, symbolic: equivalent)
  [COST]    Before: 6.5, After: 3.5 (reduction: 46.2%)
  [ACCEPT]  ✓ Change accepted
--- Iteration 33 ---
  [ANALYZE] Found 1 opportunity: COPY_PROPAGATION (priority=50)
  [PROPOSE] Applying COPY_PROPAGATION at instruction 0: w = 2538 → uses of w -> 2538 at instr 1
  [VERIFY]  PASS (differential: 25/25 inputs matched, symbolic: equivalent)
  [COST]    Before: 3.5, After: 1.0 (reduction: 71.4%)
  [ACCEPT]  ✓ Change accepted
--- Iteration 34 ---
  [ANALYZE] No more opportunities found.
=== RESULT ===
  Original cost: 80.5
  Final cost:    1.0
  Reduction:     98.8%
  Iterations:    34
  Accepted:      33
  Rejected:      0
  Invalid:       0
  Output match:  PASS ✓
=== Original TAC ===
   0 |     t0 = 8
   1 |     t1 = 14
   2 |     t2 = t0 + t1
   3 |     t3 = 4
   4 |     t4 = 9
   5 |     t5 = t3 % t4
   6 |     t6 = t2 - t5
   7 |     k = t6
   8 |     t7 = 5
   9 |     t8 = k % t7
  10 |     t9 = 6
  11 |     t10 = t8 + t9
  12 |     t11 = 9
  13 |     t12 = k + t11
  14 |     t13 = 6
  15 |     t14 = k / t13
  16 |     t15 = t12 + t14
  17 |     t16 = t10 * t15
  18 |     c = t16
  19 |     t17 = 7
  20 |     t18 = 20
  21 |     t19 = t17 * t18
  22 |     t20 = k * t19
  23 |     t21 = k + t20
  24 |     w = t21
  25 |     print w
=== Optimized TAC ===
  0 |     print 2538
