=== Program: nested_010.src ===
--- Iteration 1 ---
  [ANALYZE] Found 19 opportunities: DEAD_CODE (priority=80), COPY_PROPAGATIONx18 (priority=50)
  [PROPOSE] Applying DEAD_CODE at instruction 12: k = t10 → (removed)
  [VERIFY]  PASS (differential: 25/25 inputs matched, symbolic: equivalent)
  [COST]    Before: 79.0, After: 76.5 (reduction: 3.2%)
  [ACCEPT]  ✓ Change accepted
--- Iteration 2 ---
  [ANALYZE] Found 18 opportunities: DEAD_CODE (priority=80), COPY_PROPAGATIONx17 (priority=50)
  [PROPOSE] Applying DEAD_CODE at instruction 11: t10 = t7 + t9 → (removed)
  [VERIFY]  PASS (differential: 25/25 inputs matched, symbolic: equivalent)
  [COST]    Before: 76.5, After: 73.0 (reduction: 4.6%)
  [ACCEPT]  ✓ Change accepted
--- Iteration 3 ---
  [ANALYZE] Found 19 opportunities: DEAD_CODEx2 (priority=80), COPY_PROPAGATIONx17 (priority=50)
  [PROPOSE] Applying DEAD_CODE at instruction 8: t7 = t5 * t6 → (removed)
  [VERIFY]  PASS (differential: 25/25 inputs matched, symbolic: equivalent)
  [COST]    Before: 73.0, After: 69.5 (reduction: 4.8%)
  [ACCEPT]  ✓ Change accepted
--- Iteration 4 ---
  [ANALYZE] Found 18 opportunities: DEAD_CODEx3 (priority=80), COPY_PROPAGATIONx15 (priority=50)
  [PROPOSE] Applying DEAD_CODE at instruction 6: t5 = 6 → (removed)
  [VERIFY]  PASS (differential: 25/25 inputs matched, symbolic: equivalent)
  [COST]    Before: 69.5, After: 66.5 (reduction: 4.3%)
  [ACCEPT]  ✓ Change accepted
--- Iteration 5 ---
  [ANALYZE] Found 17 opportunities: DEAD_CODEx2 (priority=80), COPY_PROPAGATIONx15 (priority=50)
  [PROPOSE] Applying DEAD_CODE at instruction 6: t6 = 1 → (removed)
  [VERIFY]  PASS (differential: 25/25 inputs matched, symbolic: equivalent)
  [COST]    Before: 66.5, After: 63.5 (reduction: 4.5%)
  [ACCEPT]  ✓ Change accepted
--- Iteration 6 ---
  [ANALYZE] Found 16 opportunities: DEAD_CODE (priority=80), COPY_PROPAGATIONx15 (priority=50)
  [PROPOSE] Applying DEAD_CODE at instruction 7: t9 = t8 * c → (removed)
  [VERIFY]  PASS (differential: 25/25 inputs matched, symbolic: equivalent)
  [COST]    Before: 63.5, After: 60.0 (reduction: 5.5%)
  [ACCEPT]  ✓ Change accepted
--- Iteration 7 ---
  [ANALYZE] Found 15 opportunities: DEAD_CODEx2 (priority=80), COPY_PROPAGATIONx13 (priority=50)
  [PROPOSE] Applying DEAD_CODE at instruction 5: c = t4 → (removed)
  [VERIFY]  PASS (differential: 25/25 inputs matched, symbolic: equivalent)
  [COST]    Before: 60.0, After: 57.5 (reduction: 4.2%)
  [ACCEPT]  ✓ Change accepted
--- Iteration 8 ---
  [ANALYZE] Found 13 opportunities: DEAD_CODE (priority=80), COPY_PROPAGATIONx12 (priority=50)
  [PROPOSE] Applying DEAD_CODE at instruction 5: t8 = 5 → (removed)
  [VERIFY]  PASS (differential: 25/25 inputs matched, symbolic: equivalent)
  [COST]    Before: 57.5, After: 54.5 (reduction: 5.2%)
  [ACCEPT]  ✓ Change accepted
--- Iteration 9 ---
  [ANALYZE] Found 12 opportunities: COPY_PROPAGATIONx12 (priority=50)
  [PROPOSE] Applying COPY_PROPAGATION at instruction 0: t0 = 16 → uses of t0 -> 16 at instr 2
  [VERIFY]  PASS (differential: 25/25 inputs matched, symbolic: equivalent)
  [COST]    Before: 54.5, After: 51.5 (reduction: 5.5%)
  [ACCEPT]  ✓ Change accepted
--- Iteration 10 ---
  [ANALYZE] Found 11 opportunities: COPY_PROPAGATIONx11 (priority=50)
  [PROPOSE] Applying COPY_PROPAGATION at instruction 0: t1 = 7 → uses of t1 -> 7 at instr 1
  [VERIFY]  PASS (differential: 25/25 inputs matched, symbolic: equivalent)
  [COST]    Before: 51.5, After: 48.5 (reduction: 5.8%)
  [ACCEPT]  ✓ Change accepted
--- Iteration 11 ---
  [ANALYZE] Found 11 opportunities: CONSTANT_FOLD (priority=100), COPY_PROPAGATIONx10 (priority=50)
  [PROPOSE] Applying CONSTANT_FOLD at instruction 0: t2 = 16 / 7 → t2 = 2
  [VERIFY]  PASS (differential: 25/25 inputs matched, symbolic: equivalent)
  [COST]    Before: 48.5, After: 48.0 (reduction: 1.0%)
  [ACCEPT]  ✓ Change accepted
--- Iteration 12 ---
  [ANALYZE] Found 11 opportunities: COPY_PROPAGATIONx11 (priority=50)
  [PROPOSE] Applying COPY_PROPAGATION at instruction 0: t2 = 2 → uses of t2 -> 2 at instr 2
  [VERIFY]  PASS (differential: 25/25 inputs matched, symbolic: equivalent)
  [COST]    Before: 48.0, After: 45.0 (reduction: 6.2%)
  [ACCEPT]  ✓ Change accepted
--- Iteration 13 ---
  [ANALYZE] Found 10 opportunities: COPY_PROPAGATIONx10 (priority=50)
  [PROPOSE] Applying COPY_PROPAGATION at instruction 0: t3 = 2 → uses of t3 -> 2 at instr 1
  [VERIFY]  PASS (differential: 25/25 inputs matched, symbolic: equivalent)
  [COST]    Before: 45.0, After: 42.0 (reduction: 6.7%)
  [ACCEPT]  ✓ Change accepted
--- Iteration 14 ---
  [ANALYZE] Found 11 opportunities: CONSTANT_FOLD (priority=100), DEAD_CODE (priority=80), COPY_PROPAGATIONx9 (priority=50)
  [PROPOSE] Applying CONSTANT_FOLD at instruction 0: t4 = 2 / 2 → t4 = 1
  [VERIFY]  PASS (differential: 25/25 inputs matched, symbolic: equivalent)
  [COST]    Before: 42.0, After: 41.5 (reduction: 1.2%)
  [ACCEPT]  ✓ Change accepted
--- Iteration 15 ---
  [ANALYZE] Found 10 opportunities: DEAD_CODE (priority=80), COPY_PROPAGATIONx9 (priority=50)
  [PROPOSE] Applying DEAD_CODE at instruction 0: t4 = 1 → (removed)
  [VERIFY]  PASS (differential: 25/25 inputs matched, symbolic: equivalent)
  [COST]    Before: 41.5, After: 38.5 (reduction: 7.2%)
  [ACCEPT]  ✓ Change accepted
--- Iteration 16 ---
  [ANALYZE] Found 9 opportunities: COPY_PROPAGATIONx9 (priority=50)
  [PROPOSE] Applying COPY_PROPAGATION at instruction 0: t11 = 3 → uses of t11 -> 3 at instr 4
  [VERIFY]  PASS (differential: 25/25 inputs matched, symbolic: equivalent)
  [COST]    Before: 38.5, After: 35.5 (reduction: 7.8%)
  [ACCEPT]  ✓ Change accepted
--- Iteration 17 ---
  [ANALYZE] Found 8 opportunities: COPY_PROPAGATIONx8 (priority=50)
  [PROPOSE] Applying COPY_PROPAGATION at instruction 0: t12 = 13 → uses of t12 -> 13 at instr 2
  [VERIFY]  PASS (differential: 25/25 inputs matched, symbolic: equivalent)
  [COST]    Before: 35.5, After: 32.5 (reduction: 8.5%)
  [ACCEPT]  ✓ Change accepted
--- Iteration 18 ---
  [ANALYZE] Found 7 opportunities: COPY_PROPAGATIONx7 (priority=50)
  [PROPOSE] Applying COPY_PROPAGATION at instruction 0: t13 = 6 → uses of t13 -> 6 at instr 1
  [VERIFY]  PASS (differential: 25/25 inputs matched, symbolic: equivalent)
  [COST]    Before: 32.5, After: 29.5 (reduction: 9.2%)
  [ACCEPT]  ✓ Change accepted
--- Iteration 19 ---
  [ANALYZE] Found 7 opportunities: CONSTANT_FOLD (priority=100), COPY_PROPAGATIONx6 (priority=50)
  [PROPOSE] Applying CONSTANT_FOLD at instruction 0: t14 = 13 % 6 → t14 = 1
  [VERIFY]  PASS (differential: 25/25 inputs matched, symbolic: equivalent)
  [COST]    Before: 29.5, After: 29.0 (reduction: 1.7%)
  [ACCEPT]  ✓ Change accepted
--- Iteration 20 ---
  [ANALYZE] Found 7 opportunities: COPY_PROPAGATIONx7 (priority=50)
  [PROPOSE] Applying COPY_PROPAGATION at instruction 0: t14 = 1 → uses of t14 -> 1 at instr 1
  [VERIFY]  PASS (differential: 25/25 inputs matched, symbolic: equivalent)
  [COST]    Before: 29.0, After: 26.0 (reduction: 10.3%)
  [ACCEPT]  ✓ Change accepted
--- Iteration 21 ---
  [ANALYZE] Found 7 opportunities: CONSTANT_FOLD (priority=100), COPY_PROPAGATIONx6 (priority=50)
  [PROPOSE] Applying CONSTANT_FOLD at instruction 0: t15 = 3 - 1 → t15 = 2
  [VERIFY]  PASS (differential: 25/25 inputs matched, symbolic: equivalent)
  [COST]    Before: 26.0, After: 25.5 (reduction: 1.9%)
  [ACCEPT]  ✓ Change accepted
--- Iteration 22 ---
  [ANALYZE] Found 6 opportunities: COPY_PROPAGATIONx6 (priority=50)
  [PROPOSE] Applying COPY_PROPAGATION at instruction 0: t15 = 2 → uses of t15 -> 2 at instr 1
  [VERIFY]  PASS (differential: 25/25 inputs matched, symbolic: equivalent)
  [COST]    Before: 25.5, After: 22.5 (reduction: 11.8%)
  [ACCEPT]  ✓ Change accepted
--- Iteration 23 ---
  [ANALYZE] Found 5 opportunities: COPY_PROPAGATIONx5 (priority=50)
  [PROPOSE] Applying COPY_PROPAGATION at instruction 0: num = 2 → uses of num -> 2 at instr 4, 5
  [VERIFY]  PASS (differential: 25/25 inputs matched, symbolic: equivalent)
  [COST]    Before: 22.5, After: 20.0 (reduction: 11.1%)
  [ACCEPT]  ✓ Change accepted
--- Iteration 24 ---
  [ANALYZE] Found 5 opportunities: STRENGTH_REDUCTION (priority=60), COPY_PROPAGATIONx4 (priority=50)
  [PROPOSE] Applying STRENGTH_REDUCTION at instruction 3: t19 = 2 * t18 → t19 = t18 + t18
  [VERIFY]  PASS (differential: 25/25 inputs matched, symbolic: equivalent)
  [COST]    Before: 20.0, After: 20.0 (reduction: 0.0%)
  [REJECT]  ✗ Change rejected: No cost improvement
--- Iteration 25 ---
  [ANALYZE] Found 4 opportunities: COPY_PROPAGATIONx4 (priority=50)
  [PROPOSE] Applying COPY_PROPAGATION at instruction 0: t16 = 8 → uses of t16 -> 8 at instr 2
  [VERIFY]  PASS (differential: 25/25 inputs matched, symbolic: equivalent)
  [COST]    Before: 20.0, After: 17.0 (reduction: 15.0%)
  [ACCEPT]  ✓ Change accepted
--- Iteration 26 ---
  [ANALYZE] Found 5 opportunities: STRENGTH_REDUCTIONx2 (priority=60), COPY_PROPAGATIONx3 (priority=50)
  [PROPOSE] Applying STRENGTH_REDUCTION at instruction 1: t18 = 8 * t17 → t18 = t17 << 3
  [VERIFY]  PASS (differential: 25/25 inputs matched, symbolic: equivalent)
  [COST]    Before: 17.0, After: 15.0 (reduction: 11.8%)
  [ACCEPT]  ✓ Change accepted
--- Iteration 27 ---
  [ANALYZE] Found 4 opportunities: STRENGTH_REDUCTION (priority=60), COPY_PROPAGATIONx3 (priority=50)
  [PROPOSE] Applying STRENGTH_REDUCTION at instruction 2: t19 = 2 * t18 → t19 = t18 + t18
  [VERIFY]  PASS (differential: 25/25 inputs matched, symbolic: equivalent)
  [COST]    Before: 15.0, After: 15.0 (reduction: 0.0%)
  [REJECT]  ✗ Change rejected: No cost improvement
--- Iteration 28 ---
  [ANALYZE] Found 3 opportunities: COPY_PROPAGATIONx3 (priority=50)
  [PROPOSE] Applying COPY_PROPAGATION at instruction 0: t17 = 3 → uses of t17 -> 3 at instr 1
  [VERIFY]  PASS (differential: 25/25 inputs matched, symbolic: equivalent)
  [COST]    Before: 15.0, After: 12.0 (reduction: 20.0%)
  [ACCEPT]  ✓ Change accepted
--- Iteration 29 ---
  [ANALYZE] Found 4 opportunities: CONSTANT_FOLD (priority=100), STRENGTH_REDUCTION (priority=60), COPY_PROPAGATIONx2 (priority=50)
  [PROPOSE] Applying CONSTANT_FOLD at instruction 0: t18 = 3 << 3 → t18 = 24 (forwarded into uses of t18)
  [VERIFY]  PASS (differential: 25/25 inputs matched, symbolic: equivalent)
  [COST]    Before: 12.0, After: 10.5 (reduction: 12.5%)
  [ACCEPT]  ✓ Change accepted
--- Iteration 30 ---
  [ANALYZE] Found 3 opportunities: CONSTANT_FOLD (priority=100), COPY_PROPAGATIONx2 (priority=50)
  [PROPOSE] Applying CONSTANT_FOLD at instruction 0: t19 = 2 * 24 → t19 = 48
  [VERIFY]  PASS (differential: 25/25 inputs matched, symbolic: equivalent)
  [COST]    Before: 10.5, After: 10.0 (reduction: 4.8%)
  [ACCEPT]  ✓ Change accepted
--- Iteration 31 ---
  [ANALYZE] Found 3 opportunities: COPY_PROPAGATIONx3 (priority=50)
  [PROPOSE] Applying COPY_PROPAGATION at instruction 0: t19 = 48 → uses of t19 -> 48 at instr 1
  [VERIFY]  PASS (differential: 25/25 inputs matched, symbolic: equivalent)
  [COST]    Before: 10.0, After: 7.0 (reduction: 30.0%)
  [ACCEPT]  ✓ Change accepted
--- Iteration 32 ---
  [ANALYZE] Found 3 opportunities: CONSTANT_FOLD (priority=100), COPY_PROPAGATIONx2 (priority=50)
  [PROPOSE] Applying CONSTANT_FOLD at instruction 0: t20 = 2 + 48 → t20 = 50
  [VERIFY]  PASS (differential: 25/25 inputs matched, symbolic: equivalent)
  [COST]    Before: 7.0, After: 6.5 (reduction: 7.1%)
  [ACCEPT]  ✓ Change accepted
--- Iteration 33 ---
  [ANALYZE] Found 2 opportunities: COPY_PROPAGATIONx2 (priority=50)
  [PROPOSE] Applying COPY_PROPAGATION at instruction 0: t20 = 50 → uses of t20 -> 50 at instr 1
  [VERIFY]  PASS (differential: 25/25 inputs matched, symbolic: equivalent)
  [COST]    Before: 6.5, After: 3.5 (reduction: 46.2%)
  [ACCEPT]  ✓ Change accepted
--- Iteration 34 ---
  [ANALYZE] Found 1 opportunity: COPY_PROPAGATION (priority=50)
  [PROPOSE] Applying COPY_PROPAGATION at instruction 0: r = 50 → uses of r -> 50 at instr 1
  [VERIFY]  PASS (differential: 25/25 inputs matched, symbolic: equivalent)
  [COST]    Before: 3.5, After: 1.0 (reduction: 71.4%)
  [ACCEPT]  ✓ Change accepted
--- Iteration 35 ---
  [ANALYZE] No more opportunities found.
=== RESULT ===
  Original cost: 79.0
  Final cost:    1.0
  Reduction:     98.7%
  Iterations:    35
  Accepted:      32
  Rejected:      2
  Invalid:       0
  Output match:  PASS ✓
=== Original TAC ===
   0 |     t0 = 16
   1 |     t1 = 7
   2 |     t2 = t0 / t1
   3 |     t3 = 2
   4 |     t4 = t2 / t3
   5 |     c = t4
   6 |     t5 = 6
   7 |     t6 = 1
   8 |     t7 = t5 * t6
   9 |     t8 = 5
  10 |     t9 = t8 * c
  11 |     t10 = t7 + t9
  12 |     k = t10
  13 |     t11 = 3
  14 |     t12 = 13
  15 |     t13 = 6
  16 |     t14 = t12 % t13
  17 |     t15 = t11 - t14
  18 |     num = t15
  19 |     t16 = 8
  20 |     t17 = 3
  21 |     t18 = t16 * t17
  22 |     t19 = num * t18
  23 |     t20 = num + t19
  24 |     r = t20
  25 |     print r
=== Optimized TAC ===
  0 |     print 50
