=== Program: nested_030.src ===
--- Iteration 1 ---
  [ANALYZE] Found 16 opportunities: DEAD_CODE (priority=80), COPY_PROPAGATIONx15 (priority=50)
  [PROPOSE] Applying DEAD_CODE at instruction 15: r = t13 → (removed)
  [VERIFY]  PASS (differential: 25/25 inputs matched, symbolic: equivalent)
  [COST]    Before: 70.0, After: 67.5 (reduction: 3.6%)
  [ACCEPT]  ✓ Change accepted
--- Iteration 2 ---
  [ANALYZE] Found 14 opportunities: COPY_PROPAGATIONx14 (priority=50)
  [PROPOSE] Applying COPY_PROPAGATION at instruction 0: t0 = 12 → uses of t0 -> 12 at instr 2
  [VERIFY]  PASS (differential: 25/25 inputs matched, symbolic: equivalent)
  [COST]    Before: 67.5, After: 64.5 (reduction: 4.4%)
  [ACCEPT]  ✓ Change accepted
--- Iteration 3 ---
  [ANALYZE] Found 13 opportunities: COPY_PROPAGATIONx13 (priority=50)
  [PROPOSE] Applying COPY_PROPAGATION at instruction 0: t1 = 4 → uses of t1 -> 4 at instr 1
  [VERIFY]  PASS (differential: 25/25 inputs matched, symbolic: equivalent)
  [COST]    Before: 64.5, After: 61.5 (reduction: 4.7%)
  [ACCEPT]  ✓ Change accepted
--- Iteration 4 ---
  [ANALYZE] Found 13 opportunities: CONSTANT_FOLD (priority=100), COPY_PROPAGATIONx12 (priority=50)
  [PROPOSE] Applying CONSTANT_FOLD at instruction 0: t2 = 12 % 4 → t2 = 0
  [VERIFY]  PASS (differential: 25/25 inputs matched, symbolic: equivalent)
  [COST]    Before: 61.5, After: 61.0 (reduction: 0.8%)
  [ACCEPT]  ✓ Change accepted
--- Iteration 5 ---
  [ANALYZE] Found 13 opportunities: COPY_PROPAGATIONx13 (priority=50)
  [PROPOSE] Applying COPY_PROPAGATION at instruction 0: t2 = 0 → uses of t2 -> 0 at instr 2
  [VERIFY]  PASS (differential: 25/25 inputs matched, symbolic: equivalent)
  [COST]    Before: 61.0, After: 58.0 (reduction: 4.9%)
  [ACCEPT]  ✓ Change accepted
--- Iteration 6 ---
  [ANALYZE] Found 12 opportunities: COPY_PROPAGATIONx12 (priority=50)
  [PROPOSE] Applying COPY_PROPAGATION at instruction 0: t3 = 4 → uses of t3 -> 4 at instr 1
  [VERIFY]  PASS (differential: 25/25 inputs matched, symbolic: equivalent)
  [COST]    Before: 58.0, After: 55.0 (reduction: 5.2%)
  [ACCEPT]  ✓ Change accepted
--- Iteration 7 ---
  [ANALYZE] Found 12 opportunities: CONSTANT_FOLD (priority=100), COPY_PROPAGATIONx11 (priority=50)
  [PROPOSE] Applying CONSTANT_FOLD at instruction 0: t4 = 0 / 4 → t4 = 0
  [VERIFY]  PASS (differential: 25/25 inputs matched, symbolic: equivalent)
  [COST]    Before: 55.0, After: 54.5 (reduction: 0.9%)
  [ACCEPT]  ✓ Change accepted
--- Iteration 8 ---
  [ANALYZE] Found 11 opportunities: COPY_PROPAGATIONx11 (priority=50)
  [PROPOSE] Applying COPY_PROPAGATION at instruction 0: t4 = 0 → uses of t4 -> 0 at instr 1
  [VERIFY]  PASS (differential: 25/25 inputs matched, symbolic: equivalent)
  [COST]    Before: 54.5, After: 51.5 (reduction: 5.5%)
  [ACCEPT]  ✓ Change accepted
--- Iteration 9 ---
  [ANALYZE] Found 10 opportunities: COPY_PROPAGATIONx10 (priority=50)
  [PROPOSE] Applying COPY_PROPAGATION at instruction 0: d = 0 → uses of d -> 0 at instr 13, 14
  [VERIFY]  PASS (differential: 25/25 inputs matched, symbolic: equivalent)
  [COST]    Before: 51.5, After: 49.0 (reduction: 4.9%)
  [ACCEPT]  ✓ Change accepted
--- Iteration 10 ---
  [ANALYZE] Found 11 opportunities: ALGEBRAIC_SIMPLIFYx2 (priority=90), COPY_PROPAGATIONx9 (priority=50)
  [PROPOSE] Applying ALGEBRAIC_SIMPLIFY at instruction 12: t17 = 0 * t16 → t17 = 0
  [VERIFY]  PASS (differential: 25/25 inputs matched, symbolic: equivalent)
  [COST]    Before: 49.0, After: 48.5 (reduction: 1.0%)
  [ACCEPT]  ✓ Change accepted
--- Iteration 11 ---
  [ANALYZE] Found 12 opportunities: ALGEBRAIC_SIMPLIFY (priority=90), DEAD_CODE (priority=80), COPY_PROPAGATIONx10 (priority=50)
  [PROPOSE] Applying ALGEBRAIC_SIMPLIFY at instruction 13: t18 = 0 + t17 → t18 = t17
  [VERIFY]  PASS (differential: 25/25 inputs matched, symbolic: equivalent)
  [COST]    Before: 48.5, After: 48.0 (reduction: 1.0%)
  [ACCEPT]  ✓ Change accepted
--- Iteration 12 ---
  [ANALYZE] Found 11 opportunities: DEAD_CODE (priority=80), COPY_PROPAGATIONx10 (priority=50)
  [PROPOSE] Applying DEAD_CODE at instruction 11: t16 = t14 + t15 → (removed)
  [VERIFY]  PASS (differential: 25/25 inputs matched, symbolic: equivalent)
  [COST]    Before: 48.0, After: 44.5 (reduction: 7.3%)
  [ACCEPT]  ✓ Change accepted
--- Iteration 13 ---
  [ANALYZE] Found 10 opportunities: DEAD_CODEx2 (priority=80), COPY_PROPAGATIONx8 (priority=50)
  [PROPOSE] Applying DEAD_CODE at instruction 9: t14 = 13 → (removed)
  [VERIFY]  PASS (differential: 25/25 inputs matched, symbolic: equivalent)
  [COST]    Before: 44.5, After: 41.5 (reduction: 6.7%)
  [ACCEPT]  ✓ Change accepted
--- Iteration 14 ---
  [ANALYZE] Found 9 opportunities: DEAD_CODE (priority=80), COPY_PROPAGATIONx8 (priority=50)
  [PROPOSE] Applying DEAD_CODE at instruction 9: t15 = 2 → (removed)
  [VERIFY]  PASS (differential: 25/25 inputs matched, symbolic: equivalent)
  [COST]    Before: 41.5, After: 38.5 (reduction: 7.2%)
  [ACCEPT]  ✓ Change accepted
--- Iteration 15 ---
  [ANALYZE] Found 8 opportunities: COPY_PROPAGATIONx8 (priority=50)
  [PROPOSE] Applying COPY_PROPAGATION at instruction 0: t5 = 19 → uses of t5 -> 19 at instr 2
  [VERIFY]  PASS (differential: 25/25 inputs matched, symbolic: equivalent)
  [COST]    Before: 38.5, After: 35.5 (reduction: 7.8%)
  [ACCEPT]  ✓ Change accepted
--- Iteration 16 ---
  [ANALYZE] Found 7 opportunities: COPY_PROPAGATIONx7 (priority=50)
  [PROPOSE] Applying COPY_PROPAGATION at instruction 0: t6 = 8 → uses of t6 -> 8 at instr 1
  [VERIFY]  PASS (differential: 25/25 inputs matched, symbolic: equivalent)
  [COST]    Before: 35.5, After: 32.5 (reduction: 8.5%)
  [ACCEPT]  ✓ Change accepted
--- Iteration 17 ---
  [ANALYZE] Found 7 opportunities: CONSTANT_FOLD (priority=100), COPY_PROPAGATIONx6 (priority=50)
  [PROPOSE] Applying CONSTANT_FOLD at instruction 0: t7 = 19 / 8 → t7 = 2
  [VERIFY]  PASS (differential: 25/25 inputs matched, symbolic: equivalent)
  [COST]    Before: 32.5, After: 32.0 (reduction: 1.5%)
  [ACCEPT]  ✓ Change accepted
--- Iteration 18 ---
  [ANALYZE] Found 7 opportunities: COPY_PROPAGATIONx7 (priority=50)
  [PROPOSE] Applying COPY_PROPAGATION at instruction 0: t7 = 2 → uses of t7 -> 2 at instr 4
  [VERIFY]  PASS (differential: 25/25 inputs matched, symbolic: equivalent)
  [COST]    Before: 32.0, After: 29.0 (reduction: 9.4%)
  [ACCEPT]  ✓ Change accepted
--- Iteration 19 ---
  [ANALYZE] Found 6 opportunities: COPY_PROPAGATIONx6 (priority=50)
  [PROPOSE] Applying COPY_PROPAGATION at instruction 0: t8 = 14 → uses of t8 -> 14 at instr 2
  [VERIFY]  PASS (differential: 25/25 inputs matched, symbolic: equivalent)
  [COST]    Before: 29.0, After: 26.0 (reduction: 10.3%)
  [ACCEPT]  ✓ Change accepted
--- Iteration 20 ---
  [ANALYZE] Found 5 opportunities: COPY_PROPAGATIONx5 (priority=50)
  [PROPOSE] Applying COPY_PROPAGATION at instruction 0: t9 = 2 → uses of t9 -> 2 at instr 1
  [VERIFY]  PASS (differential: 25/25 inputs matched, symbolic: equivalent)
  [COST]    Before: 26.0, After: 23.0 (reduction: 11.5%)
  [ACCEPT]  ✓ Change accepted
--- Iteration 21 ---
  [ANALYZE] Found 5 opportunities: CONSTANT_FOLD (priority=100), COPY_PROPAGATIONx4 (priority=50)
  [PROPOSE] Applying CONSTANT_FOLD at instruction 0: t10 = 14 / 2 → t10 = 7
  [VERIFY]  PASS (differential: 25/25 inputs matched, symbolic: equivalent)
  [COST]    Before: 23.0, After: 22.5 (reduction: 2.2%)
  [ACCEPT]  ✓ Change accepted
--- Iteration 22 ---
  [ANALYZE] Found 5 opportunities: COPY_PROPAGATIONx5 (priority=50)
  [PROPOSE] Applying COPY_PROPAGATION at instruction 0: t10 = 7 → uses of t10 -> 7 at instr 1
  [VERIFY]  PASS (differential: 25/25 inputs matched, symbolic: equivalent)
  [COST]    Before: 22.5, After: 19.5 (reduction: 13.3%)
  [ACCEPT]  ✓ Change accepted
--- Iteration 23 ---
  [ANALYZE] Found 5 opportunities: CONSTANT_FOLD (priority=100), COPY_PROPAGATIONx4 (priority=50)
  [PROPOSE] Applying CONSTANT_FOLD at instruction 0: t11 = 2 + 7 → t11 = 9
  [VERIFY]  PASS (differential: 25/25 inputs matched, symbolic: equivalent)
  [COST]    Before: 19.5, After: 19.0 (reduction: 2.6%)
  [ACCEPT]  ✓ Change accepted
--- Iteration 24 ---
  [ANALYZE] Found 5 opportunities: COPY_PROPAGATIONx5 (priority=50)
  [PROPOSE] Applying COPY_PROPAGATION at instruction 0: t11 = 9 → uses of t11 -> 9 at instr 2
  [VERIFY]  PASS (differential: 25/25 inputs matched, symbolic: equivalent)
  [COST]    Before: 19.0, After: 16.0 (reduction: 15.8%)
  [ACCEPT]  ✓ Change accepted
--- Iteration 25 ---
  [ANALYZE] Found 4 opportunities: COPY_PROPAGATIONx4 (priority=50)
  [PROPOSE] Applying COPY_PROPAGATION at instruction 0: t12 = 3 → uses of t12 -> 3 at instr 1
  [VERIFY]  PASS (differential: 25/25 inputs matched, symbolic: equivalent)
  [COST]    Before: 16.0, After: 13.0 (reduction: 18.8%)
  [ACCEPT]  ✓ Change accepted
--- Iteration 26 ---
  [ANALYZE] Found 5 opportunities: CONSTANT_FOLD (priority=100), DEAD_CODE (priority=80), COPY_PROPAGATIONx3 (priority=50)
  [PROPOSE] Applying CONSTANT_FOLD at instruction 0: t13 = 9 % 3 → t13 = 0
  [VERIFY]  PASS (differential: 25/25 inputs matched, symbolic: equivalent)
  [COST]    Before: 13.0, After: 12.5 (reduction: 3.8%)
  [ACCEPT]  ✓ Change accepted
--- Iteration 27 ---
  [ANALYZE] Found 4 opportunities: DEAD_CODE (priority=80), COPY_PROPAGATIONx3 (priority=50)
  [PROPOSE] Applying DEAD_CODE at instruction 0: t13 = 0 → (removed)
  [VERIFY]  PASS (differential: 25/25 inputs matched, symbolic: equivalent)
  [COST]    Before: 12.5, After: 9.5 (reduction: 24.0%)
  [ACCEPT]  ✓ Change accepted
--- Iteration 28 ---
  [ANALYZE] Found 3 opportunities: COPY_PROPAGATIONx3 (priority=50)
  [PROPOSE] Applying COPY_PROPAGATION at instruction 0: t17 = 0 → uses of t17 -> 0 at instr 1
  [VERIFY]  PASS (differential: 25/25 inputs matched, symbolic: equivalent)
  [COST]    Before: 9.5, After: 6.5 (reduction: 31.6%)
  [ACCEPT]  ✓ Change accepted
--- Iteration 29 ---
  [ANALYZE] Found 2 opportunities: COPY_PROPAGATIONx2 (priority=50)
  [PROPOSE] Applying COPY_PROPAGATION at instruction 0: t18 = 0 → uses of t18 -> 0 at instr 1
  [VERIFY]  PASS (differential: 25/25 inputs matched, symbolic: equivalent)
  [COST]    Before: 6.5, After: 3.5 (reduction: 46.2%)
  [ACCEPT]  ✓ Change accepted
--- Iteration 30 ---
  [ANALYZE] Found 1 opportunity: COPY_PROPAGATION (priority=50)
  [PROPOSE] Applying COPY_PROPAGATION at instruction 0: val = 0 → uses of val -> 0 at instr 1
  [VERIFY]  PASS (differential: 25/25 inputs matched, symbolic: equivalent)
  [COST]    Before: 3.5, After: 1.0 (reduction: 71.4%)
  [ACCEPT]  ✓ Change accepted
--- Iteration 31 ---
  [ANALYZE] No more opportunities found.
=== RESULT ===
  Original cost: 70.0
  Final cost:    1.0
  Reduction:     98.6%
  Iterations:    31
  Accepted:      30
  Rejected:      0
  Invalid:       0
  Output match:  PASS ✓
=== Original TAC ===
   0 |     t0 = 12
   1 |     t1 = 4
   2 |     t2 = t0 % t1
   3 |     t3 = 4
   4 |     t4 = t2 / t3
   5 |     d = t4
   6 |     t5 = 19
   7 |     t6 = 8
   8 |     t7 = t5 / t6
   9 |     t8 = 14
  10 |     t9 = 2
  11 |     t10 = t8 / t9
  12 |     t11 = t7 + t10
  13 |     t12 = 3
  14 |     t13 = t11 % t12
  15 |     r = t13
  16 |     t14 = 13
  17 |     t15 = 2
  18 |     t16 = t14 + t15
  19 |     t17 = d * t16
  20 |     t18 = d + t17
  21 |     val = t18
  22 |     print val
=== Optimized TAC ===
  0 |     print 0
