=== Program: nested_028.src ===
--- Iteration 1 ---
  [ANALYZE] Found 18 opportunities: DEAD_CODE (priority=80), COPY_PROPAGATIONx17 (priority=50)
  [PROPOSE] Applying DEAD_CODE at instruction 13: w = t12 → (removed)
  [VERIFY]  PASS (differential: 25/25 inputs matched, symbolic: equivalent)
  [COST]    Before: 83.0, After: 80.5 (reduction: 3.0%)
  [ACCEPT]  ✓ Change accepted
--- Iteration 2 ---
  [ANALYZE] Found 17 opportunities: DEAD_CODE (priority=80), COPY_PROPAGATIONx16 (priority=50)
  [PROPOSE] Applying DEAD_CODE at instruction 12: t12 = t6 - t11 → (removed)
  [VERIFY]  PASS (differential: 25/25 inputs matched, symbolic: equivalent)
  [COST]    Before: 80.5, After: 77.0 (reduction: 4.3%)
  [ACCEPT]  ✓ Change accepted
--- Iteration 3 ---
  [ANALYZE] Found 17 opportunities: DEAD_CODE (priority=80), COPY_PROPAGATIONx16 (priority=50)
  [PROPOSE] Applying DEAD_CODE at instruction 6: t6 = t2 + t5 → (removed)
  [VERIFY]  PASS (differential: 25/25 inputs matched, symbolic: equivalent)
  [COST]    Before: 77.0, After: 73.5 (reduction: 4.5%)
  [ACCEPT]  ✓ Change accepted
--- Iteration 4 ---
  [ANALYZE] Found 17 opportunities: DEAD_CODE (priority=80), COPY_PROPAGATIONx16 (priority=50)
  [PROPOSE] Applying DEAD_CODE at instruction 5: t5 = t3 + t4 → (removed)
  [VERIFY]  PASS (differential: 25/25 inputs matched, symbolic: equivalent)
  [COST]    Before: 73.5, After: 70.0 (reduction: 4.8%)
  [ACCEPT]  ✓ Change accepted
--- Iteration 5 ---
  [ANALYZE] Found 16 opportunities: DEAD_CODEx2 (priority=80), COPY_PROPAGATIONx14 (priority=50)
  [PROPOSE] Applying DEAD_CODE at instruction 3: t3 = 15 → (removed)
  [VERIFY]  PASS (differential: 25/25 inputs matched, symbolic: equivalent)
  [COST]    Before: 70.0, After: 67.0 (reduction: 4.3%)
  [ACCEPT]  ✓ Change accepted
--- Iteration 6 ---
  [ANALYZE] Found 15 opportunities: DEAD_CODE (priority=80), COPY_PROPAGATIONx14 (priority=50)
  [PROPOSE] Applying DEAD_CODE at instruction 3: t4 = 15 → (removed)
  [VERIFY]  PASS (differential: 25/25 inputs matched, symbolic: equivalent)
  [COST]    Before: 67.0, After: 64.0 (reduction: 4.5%)
  [ACCEPT]  ✓ Change accepted
--- Iteration 7 ---
  [ANALYZE] Found 14 opportunities: COPY_PROPAGATIONx14 (priority=50)
  [PROPOSE] Applying COPY_PROPAGATION at instruction 0: t0 = 13 → uses of t0 -> 13 at instr 2
  [VERIFY]  PASS (differential: 25/25 inputs matched, symbolic: equivalent)
  [COST]    Before: 64.0, After: 61.0 (reduction: 4.7%)
  [ACCEPT]  ✓ Change accepted
--- Iteration 8 ---
  [ANALYZE] Found 13 opportunities: COPY_PROPAGATIONx13 (priority=50)
  [PROPOSE] Applying COPY_PROPAGATION at instruction 0: t1 = 8 → uses of t1 -> 8 at instr 1
  [VERIFY]  PASS (differential: 25/25 inputs matched, symbolic: equivalent)
  [COST]    Before: 61.0, After: 58.0 (reduction: 4.9%)
  [ACCEPT]  ✓ Change accepted
--- Iteration 9 ---
  [ANALYZE] Found 14 opportunities: CONSTANT_FOLD (priority=100), DEAD_CODE (priority=80), COPY_PROPAGATIONx12 (priority=50)
  [PROPOSE] Applying CONSTANT_FOLD at instruction 0: t2 = 13 / 8 → t2 = 1
  [VERIFY]  PASS (differential: 25/25 inputs matched, symbolic: equivalent)
  [COST]    Before: 58.0, After: 57.5 (reduction: 0.9%)
  [ACCEPT]  ✓ Change accepted
--- Iteration 10 ---
  [ANALYZE] Found 13 opportunities: DEAD_CODE (priority=80), COPY_PROPAGATIONx12 (priority=50)
  [PROPOSE] Applying DEAD_CODE at instruction 0: t2 = 1 → (removed)
  [VERIFY]  PASS (differential: 25/25 inputs matched, symbolic: equivalent)
  [COST]    Before: 57.5, After: 54.5 (reduction: 5.2%)
  [ACCEPT]  ✓ Change accepted
--- Iteration 11 ---
  [ANALYZE] Found 12 opportunities: COPY_PROPAGATIONx12 (priority=50)
  [PROPOSE] Applying COPY_PROPAGATION at instruction 0: t7 = 15 → uses of t7 -> 15 at instr 2
  [VERIFY]  PASS (differential: 25/25 inputs matched, symbolic: equivalent)
  [COST]    Before: 54.5, After: 51.5 (reduction: 5.5%)
  [ACCEPT]  ✓ Change accepted
--- Iteration 12 ---
  [ANALYZE] Found 11 opportunities: COPY_PROPAGATIONx11 (priority=50)
  [PROPOSE] Applying COPY_PROPAGATION at instruction 0: t8 = 11 → uses of t8 -> 11 at instr 1
  [VERIFY]  PASS (differential: 25/25 inputs matched, symbolic: equivalent)
  [COST]    Before: 51.5, After: 48.5 (reduction: 5.8%)
  [ACCEPT]  ✓ Change accepted
--- Iteration 13 ---
  [ANALYZE] Found 11 opportunities: CONSTANT_FOLD (priority=100), COPY_PROPAGATIONx10 (priority=50)
  [PROPOSE] Applying CONSTANT_FOLD at instruction 0: t9 = 15 * 11 → t9 = 165
  [VERIFY]  PASS (differential: 25/25 inputs matched, symbolic: equivalent)
  [COST]    Before: 48.5, After: 48.0 (reduction: 1.0%)
  [ACCEPT]  ✓ Change accepted
--- Iteration 14 ---
  [ANALYZE] Found 11 opportunities: COPY_PROPAGATIONx11 (priority=50)
  [PROPOSE] Applying COPY_PROPAGATION at instruction 0: t9 = 165 → uses of t9 -> 165 at instr 2
  [VERIFY]  PASS (differential: 25/25 inputs matched, symbolic: equivalent)
  [COST]    Before: 48.0, After: 45.0 (reduction: 6.2%)
  [ACCEPT]  ✓ Change accepted
--- Iteration 15 ---
  [ANALYZE] Found 10 opportunities: COPY_PROPAGATIONx10 (priority=50)
  [PROPOSE] Applying COPY_PROPAGATION at instruction 0: t10 = 3 → uses of t10 -> 3 at instr 1
  [VERIFY]  PASS (differential: 25/25 inputs matched, symbolic: equivalent)
  [COST]    Before: 45.0, After: 42.0 (reduction: 6.7%)
  [ACCEPT]  ✓ Change accepted
--- Iteration 16 ---
  [ANALYZE] Found 11 opportunities: CONSTANT_FOLD (priority=100), DEAD_CODE (priority=80), COPY_PROPAGATIONx9 (priority=50)
  [PROPOSE] Applying CONSTANT_FOLD at instruction 0: t11 = 165 / 3 → t11 = 55
  [VERIFY]  PASS (differential: 25/25 inputs matched, symbolic: equivalent)
  [COST]    Before: 42.0, After: 41.5 (reduction: 1.2%)
  [ACCEPT]  ✓ Change accepted
--- Iteration 17 ---
  [ANALYZE] Found 10 opportunities: DEAD_CODE (priority=80), COPY_PROPAGATIONx9 (priority=50)
  [PROPOSE] Applying DEAD_CODE at instruction 0: t11 = 55 → (removed)
  [VERIFY]  PASS (differential: 25/25 inputs matched, symbolic: equivalent)
  [COST]    Before: 41.5, After: 38.5 (reduction: 7.2%)
  [ACCEPT]  ✓ Change accepted
--- Iteration 18 ---
  [ANALYZE] Found 9 opportunities: COPY_PROPAGATIONx9 (priority=50)
  [PROPOSE] Applying COPY_PROPAGATION at instruction 0: t13 = 2 → uses of t13 -> 2 at instr 2
  [VERIFY]  PASS (differential: 25/25 inputs matched, symbolic: equivalent)
  [COST]    Before: 38.5, After: 35.5 (reduction: 7.8%)
  [ACCEPT]  ✓ Change accepted
--- Iteration 19 ---
  [ANALYZE] Found 8 opportunities: COPY_PROPAGATIONx8 (priority=50)
  [PROPOSE] Applying COPY_PROPAGATION at instruction 0: t14 = 2 → uses of t14 -> 2 at instr 1
  [VERIFY]  PASS (differential: 25/25 inputs matched, symbolic: equivalent)
  [COST]    Before: 35.5, After: 32.5 (reduction: 8.5%)
  [ACCEPT]  ✓ Change accepted
--- Iteration 20 ---
  [ANALYZE] Found 8 opportunities: CONSTANT_FOLD (priority=100), COPY_PROPAGATIONx7 (priority=50)
  [PROPOSE] Applying CONSTANT_FOLD at instruction 0: t15 = 2 % 2 → t15 = 0
  [VERIFY]  PASS (differential: 25/25 inputs matched, symbolic: equivalent)
  [COST]    Before: 32.5, After: 32.0 (reduction: 1.5%)
  [ACCEPT]  ✓ Change accepted
--- Iteration 21 ---
  [ANALYZE] Found 8 opportunities: COPY_PROPAGATIONx8 (priority=50)
  [PROPOSE] Applying COPY_PROPAGATION at instruction 0: t15 = 0 → uses of t15 -> 0 at instr 2
  [VERIFY]  PASS (differential: 25/25 inputs matched, symbolic: equivalent)
  [COST]    Before: 32.0, After: 29.0 (reduction: 9.4%)
  [ACCEPT]  ✓ Change accepted
--- Iteration 22 ---
  [ANALYZE] Found 7 opportunities: COPY_PROPAGATIONx7 (priority=50)
  [PROPOSE] Applying COPY_PROPAGATION at instruction 0: t16 = 3 → uses of t16 -> 3 at instr 1
  [VERIFY]  PASS (differential: 25/25 inputs matched, symbolic: equivalent)
  [COST]    Before: 29.0, After: 26.0 (reduction: 10.3%)
  [ACCEPT]  ✓ Change accepted
--- Iteration 23 ---
  [ANALYZE] Found 7 opportunities: CONSTANT_FOLD (priority=100), COPY_PROPAGATIONx6 (priority=50)
  [PROPOSE] Applying CONSTANT_FOLD at instruction 0: t17 = 0 % 3 → t17 = 0
  [VERIFY]  PASS (differential: 25/25 inputs matched, symbolic: equivalent)
  [COST]    Before: 26.0, After: 25.5 (reduction: 1.9%)
  [ACCEPT]  ✓ Change accepted
--- Iteration 24 ---
  [ANALYZE] Found 6 opportunities: COPY_PROPAGATIONx6 (priority=50)
  [PROPOSE] Applying COPY_PROPAGATION at instruction 0: t17 = 0 → uses of t17 -> 0 at instr 1
  [VERIFY]  PASS (differential: 25/25 inputs matched, symbolic: equivalent)
  [COST]    Before: 25.5, After: 22.5 (reduction: 11.8%)
  [ACCEPT]  ✓ Change accepted
--- Iteration 25 ---
  [ANALYZE] Found 5 opportunities: COPY_PROPAGATIONx5 (priority=50)
  [PROPOSE] Applying COPY_PROPAGATION at instruction 0: num = 0 → uses of num -> 0 at instr 4, 5
  [VERIFY]  PASS (differential: 25/25 inputs matched, symbolic: equivalent)
  [COST]    Before: 22.5, After: 20.0 (reduction: 11.1%)
  [ACCEPT]  ✓ Change accepted
--- Iteration 26 ---
  [ANALYZE] Found 6 opportunities: ALGEBRAIC_SIMPLIFYx2 (priority=90), COPY_PROPAGATIONx4 (priority=50)
  [PROPOSE] Applying ALGEBRAIC_SIMPLIFY at instruction 3: t21 = 0 * t20 → t21 = 0
  [VERIFY]  PASS (differential: 25/25 inputs matched, symbolic: equivalent)
  [COST]    Before: 20.0, After: 19.5 (reduction: 2.5%)
  [ACCEPT]  ✓ Change accepted
--- Iteration 27 ---
  [ANALYZE] Found 7 opportunities: ALGEBRAIC_SIMPLIFY (priority=90), DEAD_CODE (priority=80), COPY_PROPAGATIONx5 (priority=50)
  [PROPOSE] Applying ALGEBRAIC_SIMPLIFY at instruction 4: t22 = 0 + t21 → t22 = t21
  [VERIFY]  PASS (differential: 25/25 inputs matched, symbolic: equivalent)
  [COST]    Before: 19.5, After: 19.0 (reduction: 2.6%)
  [ACCEPT]  ✓ Change accepted
--- Iteration 28 ---
  [ANALYZE] Found 6 opportunities: DEAD_CODE (priority=80), COPY_PROPAGATIONx5 (priority=50)
  [PROPOSE] Applying DEAD_CODE at instruction 2: t20 = t18 + t19 → (removed)
  [VERIFY]  PASS (differential: 25/25 inputs matched, symbolic: equivalent)
  [COST]    Before: 19.0, After: 15.5 (reduction: 18.4%)
  [ACCEPT]  ✓ Change accepted
--- Iteration 29 ---
  [ANALYZE] Found 5 opportunities: DEAD_CODEx2 (priority=80), COPY_PROPAGATIONx3 (priority=50)
  [PROPOSE] Applying DEAD_CODE at instruction 0: t18 = 17 → (removed)
  [VERIFY]  PASS (differential: 25/25 inputs matched, symbolic: equivalent)
  [COST]    Before: 15.5, After: 12.5 (reduction: 19.4%)
  [ACCEPT]  ✓ Change accepted
--- Iteration 30 ---
  [ANALYZE] Found 4 opportunities: DEAD_CODE (priority=80), COPY_PROPAGATIONx3 (priority=50)
  [PROPOSE] Applying DEAD_CODE at instruction 0: t19 = 15 → (removed)
  [VERIFY]  PASS (differential: 25/25 inputs matched, symbolic: equivalent)
  [COST]    Before: 12.5, After: 9.5 (reduction: 24.0%)
  [ACCEPT]  ✓ Change accepted
--- Iteration 31 ---
  [ANALYZE] Found 3 opportunities: COPY_PROPAGATIONx3 (priority=50)
  [PROPOSE] Applying COPY_PROPAGATION at instruction 0: t21 = 0 → uses of t21 -> 0 at instr 1
  [VERIFY]  PASS (differential: 25/25 inputs matched, symbolic: equivalent)
  [COST]    Before: 9.5, After: 6.5 (reduction: 31.6%)
  [ACCEPT]  ✓ Change accepted
--- Iteration 32 ---
  [ANALYZE] Found 2 opportunities: COPY_PROPAGATIONx2 (priority=50)
  [PROPOSE] Applying COPY_PROPAGATION at instruction 0: t22 = 0 → uses of t22 -> 0 at instr 1
  [VERIFY]  PASS (differential: 25/25 inputs matched, symbolic: equivalent)
  [COST]    Before: 6.5, After: 3.5 (reduction: 46.2%)
  [ACCEPT]  ✓ Change accepted
--- Iteration 33 ---
  [ANALYZE] Found 1 opportunity: COPY_PROPAGATION (priority=50)
  [PROPOSE] Applying COPY_PROPAGATION at instruction 0: res = 0 → uses of res -> 0 at instr 1
  [VERIFY]  PASS (differential: 25/25 inputs matched, symbolic: equivalent)
  [COST]    Before: 3.5, After: 1.0 (reduction: 71.4%)
  [ACCEPT]  ✓ Change accepted
--- Iteration 34 ---
  [ANALYZE] No more opportunities found.
=== RESULT ===
  Original cost: 83.0
  Final cost:    1.0
  Reduction:     98.8%
  Iterations:    34
  Accepted:      33
  Rejected:      0
  Invalid:       0
  Output match:  PASS ✓
=== Original TAC ===
   0 |     t0 = 13
   1 |     t1 = 8
   2 |     t2 = t0 / t1
   3 |     t3 = 15
   4 |     t4 = 15
   5 |     t5 = t3 + t4
   6 |     t6 = t2 + t5
   7 |     t7 = 15
   8 |     t8 = 11
   9 |     t9 = t7 * t8
  10 |     t10 = 3
  11 |     t11 = t9 / t10
  12 |     t12 = t6 - t11
  13 |     w = t12
  14 |     t13 = 2
  15 |     t14 = 2
  16 |     t15 = t13 % t14
  17 |     t16 = 3
  18 |     t17 = t15 % t16
  19 |     num = t17
  20 |     t18 = 17
  21 |     t19 = 15
  22 |     t20 = t18 + t19
  23 |     t21 = num * t20
  24 |     t22 = num + t21
  25 |     res = t22
  26 |     print res
=== Optimized TAC ===
  0 |     print 0
