=== Program: repeated_expr_024.src ===
--- Iteration 1 ---
  [ANALYZE] Found 17 opportunities: CSEx2 (priority=70), COPY_PROPAGATIONx15 (priority=50)
  [PROPOSE] Applying CSE at instruction 6: t3 = w * x → t3 = t2
  [VERIFY]  PASS (differential: 25/25 inputs matched, symbolic: equivalent)
  [COST]    Before: 59.0, After: 58.5 (reduction: 0.8%)
  [ACCEPT]  ✓ Change accepted
--- Iteration 2 ---
  [ANALYZE] Found 15 opportunities: CSE (priority=70), COPY_PROPAGATIONx14 (priority=50)
  [PROPOSE] Applying CSE at instruction 15: t9 = h * u → t9 = t8
  [VERIFY]  PASS (differential: 25/25 inputs matched, symbolic: equivalent)
  [COST]    Before: 58.5, After: 58.0 (reduction: 0.9%)
  [ACCEPT]  ✓ Change accepted
--- Iteration 3 ---
  [ANALYZE] Found 15 opportunities: COPY_PROPAGATIONx15 (priority=50)
  [PROPOSE] Applying COPY_PROPAGATION at instruction 0: t0 = 11 → uses of t0 -> 11 at instr 1
  [VERIFY]  PASS (differential: 25/25 inputs matched, symbolic: equivalent)
  [COST]    Before: 58.0, After: 55.0 (reduction: 5.2%)
  [ACCEPT]  ✓ Change accepted
--- Iteration 4 ---
  [ANALYZE] Found 14 opportunities: COPY_PROPAGATIONx14 (priority=50)
  [PROPOSE] Applying COPY_PROPAGATION at instruction 0: x = 11 → uses of x -> 11 at instr 3, 8
  [VERIFY]  PASS (differential: 25/25 inputs matched, symbolic: equivalent)
  [COST]    Before: 55.0, After: 52.5 (reduction: 4.5%)
  [ACCEPT]  ✓ Change accepted
--- Iteration 5 ---
  [ANALYZE] Found 13 opportunities: COPY_PROPAGATIONx13 (priority=50)
  [PROPOSE] Applying COPY_PROPAGATION at instruction 0: t1 = 20 → uses of t1 -> 20 at instr 1
  [VERIFY]  PASS (differential: 25/25 inputs matched, symbolic: equivalent)
  [COST]    Before: 52.5, After: 49.5 (reduction: 5.7%)
  [ACCEPT]  ✓ Change accepted
--- Iteration 6 ---
  [ANALYZE] Found 12 opportunities: COPY_PROPAGATIONx12 (priority=50)
  [PROPOSE] Applying COPY_PROPAGATION at instruction 0: w = 20 → uses of w -> 20 at instr 1, 8
  [VERIFY]  PASS (differential: 25/25 inputs matched, symbolic: equivalent)
  [COST]    Before: 49.5, After: 47.0 (reduction: 5.1%)
  [ACCEPT]  ✓ Change accepted
--- Iteration 7 ---
  [ANALYZE] Found 12 opportunities: CONSTANT_FOLD (priority=100), COPY_PROPAGATIONx11 (priority=50)
  [PROPOSE] Applying CONSTANT_FOLD at instruction 0: t2 = 11 * 20 → t2 = 220
  [VERIFY]  PASS (differential: 25/25 inputs matched, symbolic: equivalent)
  [COST]    Before: 47.0, After: 46.5 (reduction: 1.1%)
  [ACCEPT]  ✓ Change accepted
--- Iteration 8 ---
  [ANALYZE] Found 12 opportunities: COPY_PROPAGATIONx12 (priority=50)
  [PROPOSE] Applying COPY_PROPAGATION at instruction 0: t2 = 220 → uses of t2 -> 220 at instr 1, 2
  [VERIFY]  PASS (differential: 25/25 inputs matched, symbolic: equivalent)
  [COST]    Before: 46.5, After: 43.5 (reduction: 6.5%)
  [ACCEPT]  ✓ Change accepted
--- Iteration 9 ---
  [ANALYZE] Found 11 opportunities: COPY_PROPAGATIONx11 (priority=50)
  [PROPOSE] Applying COPY_PROPAGATION at instruction 0: h = 220 → uses of h -> 220 at instr 7, 9
  [VERIFY]  PASS (differential: 25/25 inputs matched, symbolic: equivalent)
  [COST]    Before: 43.5, After: 41.0 (reduction: 5.7%)
  [ACCEPT]  ✓ Change accepted
--- Iteration 10 ---
  [ANALYZE] Found 10 opportunities: COPY_PROPAGATIONx10 (priority=50)
  [PROPOSE] Applying COPY_PROPAGATION at instruction 0: t3 = 220 → uses of t3 -> 220 at instr 1
  [VERIFY]  PASS (differential: 25/25 inputs matched, symbolic: equivalent)
  [COST]    Before: 41.0, After: 38.0 (reduction: 7.3%)
  [ACCEPT]  ✓ Change accepted
--- Iteration 11 ---
  [ANALYZE] Found 9 opportunities: COPY_PROPAGATIONx9 (priority=50)
  [PROPOSE] Applying COPY_PROPAGATION at instruction 0: u = 220 → uses of u -> 220 at instr 7
  [VERIFY]  PASS (differential: 25/25 inputs matched, symbolic: equivalent)
  [COST]    Before: 38.0, After: 35.5 (reduction: 6.6%)
  [ACCEPT]  ✓ Change accepted
--- Iteration 12 ---
  [ANALYZE] Found 9 opportunities: CONSTANT_FOLD (priority=100), COPY_PROPAGATIONx8 (priority=50)
  [PROPOSE] Applying CONSTANT_FOLD at instruction 6: t8 = 220 * 220 → t8 = 48400
  [VERIFY]  PASS (differential: 25/25 inputs matched, symbolic: equivalent)
  [COST]    Before: 35.5, After: 35.0 (reduction: 1.4%)
  [ACCEPT]  ✓ Change accepted
--- Iteration 13 ---
  [ANALYZE] Found 9 opportunities: COPY_PROPAGATIONx9 (priority=50)
  [PROPOSE] Applying COPY_PROPAGATION at instruction 0: t4 = 5 → uses of t4 -> 5 at instr 1
  [VERIFY]  PASS (differential: 25/25 inputs matched, symbolic: equivalent)
  [COST]    Before: 35.0, After: 32.0 (reduction: 8.6%)
  [ACCEPT]  ✓ Change accepted
--- Iteration 14 ---
  [ANALYZE] Found 9 opportunities: CONSTANT_FOLD (priority=100), COPY_PROPAGATIONx8 (priority=50)
  [PROPOSE] Applying CONSTANT_FOLD at instruction 0: t5 = 11 + 5 → t5 = 16
  [VERIFY]  PASS (differential: 25/25 inputs matched, symbolic: equivalent)
  [COST]    Before: 32.0, After: 31.5 (reduction: 1.6%)
  [ACCEPT]  ✓ Change accepted
--- Iteration 15 ---
  [ANALYZE] Found 8 opportunities: COPY_PROPAGATIONx8 (priority=50)
  [PROPOSE] Applying COPY_PROPAGATION at instruction 0: t5 = 16 → uses of t5 -> 16 at instr 1
  [VERIFY]  PASS (differential: 25/25 inputs matched, symbolic: equivalent)
  [COST]    Before: 31.5, After: 28.5 (reduction: 9.5%)
  [ACCEPT]  ✓ Change accepted
--- Iteration 16 ---
  [ANALYZE] Found 7 opportunities: COPY_PROPAGATIONx7 (priority=50)
  [PROPOSE] Applying COPY_PROPAGATION at instruction 0: x = 16 → uses of x -> 16 at instr 1
  [VERIFY]  PASS (differential: 25/25 inputs matched, symbolic: equivalent)
  [COST]    Before: 28.5, After: 26.0 (reduction: 8.8%)
  [ACCEPT]  ✓ Change accepted
--- Iteration 17 ---
  [ANALYZE] Found 7 opportunities: CONSTANT_FOLD (priority=100), COPY_PROPAGATIONx6 (priority=50)
  [PROPOSE] Applying CONSTANT_FOLD at instruction 0: t6 = 16 * 20 → t6 = 320
  [VERIFY]  PASS (differential: 25/25 inputs matched, symbolic: equivalent)
  [COST]    Before: 26.0, After: 25.5 (reduction: 1.9%)
  [ACCEPT]  ✓ Change accepted
--- Iteration 18 ---
  [ANALYZE] Found 7 opportunities: COPY_PROPAGATIONx7 (priority=50)
  [PROPOSE] Applying COPY_PROPAGATION at instruction 0: t6 = 320 → uses of t6 -> 320 at instr 1
  [VERIFY]  PASS (differential: 25/25 inputs matched, symbolic: equivalent)
  [COST]    Before: 25.5, After: 22.5 (reduction: 11.8%)
  [ACCEPT]  ✓ Change accepted
--- Iteration 19 ---
  [ANALYZE] Found 7 opportunities: CONSTANT_FOLD (priority=100), COPY_PROPAGATIONx6 (priority=50)
  [PROPOSE] Applying CONSTANT_FOLD at instruction 0: t7 = 320 + 220 → t7 = 540
  [VERIFY]  PASS (differential: 25/25 inputs matched, symbolic: equivalent)
  [COST]    Before: 22.5, After: 22.0 (reduction: 2.2%)
  [ACCEPT]  ✓ Change accepted
--- Iteration 20 ---
  [ANALYZE] Found 6 opportunities: COPY_PROPAGATIONx6 (priority=50)
  [PROPOSE] Applying COPY_PROPAGATION at instruction 0: t7 = 540 → uses of t7 -> 540 at instr 1
  [VERIFY]  PASS (differential: 25/25 inputs matched, symbolic: equivalent)
  [COST]    Before: 22.0, After: 19.0 (reduction: 13.6%)
  [ACCEPT]  ✓ Change accepted
--- Iteration 21 ---
  [ANALYZE] Found 5 opportunities: COPY_PROPAGATIONx5 (priority=50)
  [PROPOSE] Applying COPY_PROPAGATION at instruction 0: k = 540 → uses of k -> 540 at instr 5
  [VERIFY]  PASS (differential: 25/25 inputs matched, symbolic: equivalent)
  [COST]    Before: 19.0, After: 16.5 (reduction: 13.2%)
  [ACCEPT]  ✓ Change accepted
--- Iteration 22 ---
  [ANALYZE] Found 4 opportunities: COPY_PROPAGATIONx4 (priority=50)
  [PROPOSE] Applying COPY_PROPAGATION at instruction 0: t8 = 48400 → uses of t8 -> 48400 at instr 1, 2
  [VERIFY]  PASS (differential: 25/25 inputs matched, symbolic: equivalent)
  [COST]    Before: 16.5, After: 13.5 (reduction: 18.2%)
  [ACCEPT]  ✓ Change accepted
--- Iteration 23 ---
  [ANALYZE] Found 3 opportunities: COPY_PROPAGATIONx3 (priority=50)
  [PROPOSE] Applying COPY_PROPAGATION at instruction 0: t9 = 48400 → uses of t9 -> 48400 at instr 1
  [VERIFY]  PASS (differential: 25/25 inputs matched, symbolic: equivalent)
  [COST]    Before: 13.5, After: 10.5 (reduction: 22.2%)
  [ACCEPT]  ✓ Change accepted
--- Iteration 24 ---
  [ANALYZE] Found 3 opportunities: CONSTANT_FOLD (priority=100), COPY_PROPAGATIONx2 (priority=50)
  [PROPOSE] Applying CONSTANT_FOLD at instruction 0: t10 = 48400 + 48400 → t10 = 96800
  [VERIFY]  PASS (differential: 25/25 inputs matched, symbolic: equivalent)
  [COST]    Before: 10.5, After: 10.0 (reduction: 4.8%)
  [ACCEPT]  ✓ Change accepted
--- Iteration 25 ---
  [ANALYZE] Found 2 opportunities: COPY_PROPAGATIONx2 (priority=50)
  [PROPOSE] Applying COPY_PROPAGATION at instruction 0: t10 = 96800 → uses of t10 -> 96800 at instr 1
  [VERIFY]  PASS (differential: 25/25 inputs matched, symbolic: equivalent)
  [COST]    Before: 10.0, After: 7.0 (reduction: 30.0%)
  [ACCEPT]  ✓ Change accepted
--- Iteration 26 ---
  [ANALYZE] Found 1 opportunity: COPY_PROPAGATION (priority=50)
  [PROPOSE] Applying COPY_PROPAGATION at instruction 0: g = 96800 → uses of g -> 96800 at instr 1
  [VERIFY]  PASS (differential: 25/25 inputs matched, symbolic: equivalent)
  [COST]    Before: 7.0, After: 4.5 (reduction: 35.7%)
  [ACCEPT]  ✓ Change accepted
--- Iteration 27 ---
  [ANALYZE] Found 1 opportunity: CONSTANT_FOLD (priority=100)
  [PROPOSE] Applying CONSTANT_FOLD at instruction 0: t11 = 540 + 96800 → t11 = 97340
  [VERIFY]  PASS (differential: 25/25 inputs matched, symbolic: equivalent)
  [COST]    Before: 4.5, After: 4.0 (reduction: 11.1%)
  [ACCEPT]  ✓ Change accepted
--- Iteration 28 ---
  [ANALYZE] Found 1 opportunity: COPY_PROPAGATION (priority=50)
  [PROPOSE] Applying COPY_PROPAGATION at instruction 0: t11 = 97340 → uses of t11 -> 97340 at instr 1
  [VERIFY]  PASS (differential: 25/25 inputs matched, symbolic: equivalent)
  [COST]    Before: 4.0, After: 1.0 (reduction: 75.0%)
  [ACCEPT]  ✓ Change accepted
--- Iteration 29 ---
  [ANALYZE] No more opportunities found.
=== RESULT ===
  Original cost: 59.0
  Final cost:    1.0
  Reduction:     98.3%
  Iterations:    29
  Accepted:      28
  Rejected:      0
  Invalid:       0
  Output match:  PASS ✓
=== Original TAC ===
   0 |     t0 = 11
   1 |     x = t0
   2 |     t1 = 20
   3 |     w = t1
   4 |     t2 = x * w
   5 |     h = t2
   6 |     t3 = w * x
   7 |     u = t3
   8 |     t4 = 5
   9 |     t5 = x + t4
  10 |     x = t5
  11 |     t6 = x * w
  12 |     t7 = t6 + h
  13 |     k = t7
  14 |     t8 = h * u
  15 |     t9 = h * u
  16 |     t10 = t8 + t9
  17 |     g = t10
  18 |     t11 = k + g
  19 |     print t11
=== Optimized TAC ===
  0 |     print 97340
