=== Program: repeated_expr_001.src ===
--- Iteration 1 ---
  [ANALYZE] Found 11 opportunities: CSEx3 (priority=70), COPY_PROPAGATIONx8 (priority=50)
  [PROPOSE] Applying CSE at instruction 2: t1 = in_n * in_a → t1 = t0
  [VERIFY]  PASS (differential: 25/25 inputs matched, symbolic: equivalent)
  [COST]    Before: 42.5, After: 42.0 (reduction: 1.2%)
  [ACCEPT]  ✓ Change accepted
--- Iteration 2 ---
  [ANALYZE] Found 9 opportunities: CSEx2 (priority=70), COPY_PROPAGATIONx7 (priority=50)
  [PROPOSE] Applying CSE at instruction 5: t3 = in_n + in_a → t3 = t2
  [VERIFY]  PASS (differential: 25/25 inputs matched, symbolic: equivalent)
  [COST]    Before: 42.0, After: 41.5 (reduction: 1.2%)
  [ACCEPT]  ✓ Change accepted
--- Iteration 3 ---
  [ANALYZE] Found 9 opportunities: CSE (priority=70), COPY_PROPAGATIONx8 (priority=50)
  [PROPOSE] Applying CSE at instruction 9: t6 = tmp * val → t6 = t5
  [VERIFY]  PASS (differential: 25/25 inputs matched, symbolic: equivalent)
  [COST]    Before: 41.5, After: 41.0 (reduction: 1.2%)
  [ACCEPT]  ✓ Change accepted
--- Iteration 4 ---
  [ANALYZE] Found 9 opportunities: COPY_PROPAGATIONx9 (priority=50)
  [PROPOSE] Applying COPY_PROPAGATION at instruction 1: tmp = t0 → uses of tmp -> t0 at instr 8
  [VERIFY]  PASS (differential: 25/25 inputs matched, symbolic: equivalent)
  [COST]    Before: 41.0, After: 38.5 (reduction: 6.1%)
  [ACCEPT]  ✓ Change accepted
--- Iteration 5 ---
  [ANALYZE] Found 8 opportunities: COPY_PROPAGATIONx8 (priority=50)
  [PROPOSE] Applying COPY_PROPAGATION at instruction 1: t1 = t0 → uses of t1 -> t0 at instr 2
  [VERIFY]  PASS (differential: 25/25 inputs matched, symbolic: equivalent)
  [COST]    Before: 38.5, After: 35.5 (reduction: 7.8%)
  [ACCEPT]  ✓ Change accepted
--- Iteration 6 ---
  [ANALYZE] Found 7 opportunities: COPY_PROPAGATIONx7 (priority=50)
  [PROPOSE] Applying COPY_PROPAGATION at instruction 1: val = t0 → uses of val -> t0 at instr 6
  [VERIFY]  PASS (differential: 25/25 inputs matched, symbolic: equivalent)
  [COST]    Before: 35.5, After: 33.0 (reduction: 7.0%)
  [ACCEPT]  ✓ Change accepted
--- Iteration 7 ---
  [ANALYZE] Found 6 opportunities: COPY_PROPAGATIONx6 (priority=50)
  [PROPOSE] Applying COPY_PROPAGATION at instruction 2: t3 = t2 → uses of t3 -> t2 at instr 3
  [VERIFY]  PASS (differential: 25/25 inputs matched, symbolic: equivalent)
  [COST]    Before: 33.0, After: 30.0 (reduction: 9.1%)
  [ACCEPT]  ✓ Change accepted
--- Iteration 8 ---
  [ANALYZE] Found 5 opportunities: COPY_PROPAGATIONx5 (priority=50)
  [PROPOSE] Applying COPY_PROPAGATION at instruction 3: t4 = t2 * t2; p = t4 → p = t2 * t2
  [VERIFY]  PASS (differential: 25/25 inputs matched, symbolic: equivalent)
  [COST]    Before: 30.0, After: 27.0 (reduction: 10.0%)
  [ACCEPT]  ✓ Change accepted
--- Iteration 9 ---
  [ANALYZE] Found 3 opportunities: COPY_PROPAGATIONx3 (priority=50)
  [PROPOSE] Applying COPY_PROPAGATION at instruction 4: t6 = t5 → uses of t6 -> t5 at instr 5
  [VERIFY]  PASS (differential: 25/25 inputs matched, symbolic: equivalent)
  [COST]    Before: 27.0, After: 24.0 (reduction: 11.1%)
  [ACCEPT]  ✓ Change accepted
--- Iteration 10 ---
  [ANALYZE] Found 2 opportunities: COPY_PROPAGATIONx2 (priority=50)
  [PROPOSE] Applying COPY_PROPAGATION at instruction 5: t7 = t5 + t5; x = t7 → x = t5 + t5
  [VERIFY]  PASS (differential: 25/25 inputs matched, symbolic: equivalent)
  [COST]    Before: 24.0, After: 21.0 (reduction: 12.5%)
  [ACCEPT]  ✓ Change accepted
--- Iteration 11 ---
  [ANALYZE] No more opportunities found.
=== RESULT ===
  Original cost: 42.5
  Final cost:    21.0
  Reduction:     50.6%
  Iterations:    11
  Accepted:      10
  Rejected:      0
  Invalid:       0
  Output match:  PASS ✓
=== Original TAC ===
   0 |     t0 = in_n * in_a
   1 |     tmp = t0
   2 |     t1 = in_n * in_a
   3 |     val = t1
   4 |     t2 = in_n + in_a
   5 |     t3 = in_n + in_a
   6 |     t4 = t2 * t3
   7 |     p = t4
   8 |     t5 = tmp * val
   9 |     t6 = tmp * val
  10 |     t7 = t5 + t6
  11 |     x = t7
  12 |     t8 = p + x
  13 |     print t8
=== Optimized TAC ===
  0 |     t0 = in_n * in_a
  1 |     t2 = in_n + in_a
  2 |     p = t2 * t2
  3 |     t5 = t0 * t0
  4 |     x = t5 + t5
  5 |     t8 = p + x
  6 |     print t8
