=== Program: repeated_expr_019.src ===
--- Iteration 1 ---
  [ANALYZE] Found 7 opportunities: CSE (priority=70), COPY_PROPAGATIONx6 (priority=50)
  [PROPOSE] Applying CSE at instruction 2: t1 = in_b + in_n → t1 = t0
  [VERIFY]  PASS (differential: 25/25 inputs matched, symbolic: equivalent)
  [COST]    Before: 19.0, After: 18.5 (reduction: 2.6%)
  [ACCEPT]  ✓ Change accepted
--- Iteration 2 ---
  [ANALYZE] Found 5 opportunities: COPY_PROPAGATIONx5 (priority=50)
  [PROPOSE] Applying COPY_PROPAGATION at instruction 1: b = t0 → uses of b -> t0 at instr 4
  [VERIFY]  PASS (differential: 25/25 inputs matched, symbolic: equivalent)
  [COST]    Before: 18.5, After: 16.0 (reduction: 13.5%)
  [ACCEPT]  ✓ Change accepted
--- Iteration 3 ---
  [ANALYZE] Found 4 opportunities: COPY_PROPAGATIONx4 (priority=50)
  [PROPOSE] Applying COPY_PROPAGATION at instruction 1: t1 = t0 → uses of t1 -> t0 at instr 2
  [VERIFY]  PASS (differential: 25/25 inputs matched, symbolic: equivalent)
  [COST]    Before: 16.0, After: 13.0 (reduction: 18.8%)
  [ACCEPT]  ✓ Change accepted
--- Iteration 4 ---
  [ANALYZE] Found 3 opportunities: COPY_PROPAGATIONx3 (priority=50)
  [PROPOSE] Applying COPY_PROPAGATION at instruction 1: k = t0 → uses of k -> t0 at instr 2
  [VERIFY]  PASS (differential: 25/25 inputs matched, symbolic: equivalent)
  [COST]    Before: 13.0, After: 10.5 (reduction: 19.2%)
  [ACCEPT]  ✓ Change accepted
--- Iteration 5 ---
  [ANALYZE] Found 2 opportunities: COPY_PROPAGATIONx2 (priority=50)
  [PROPOSE] Applying COPY_PROPAGATION at instruction 2: t2 = t0 + t0; acc = t2 → acc = t0 + t0
  [VERIFY]  PASS (differential: 25/25 inputs matched, symbolic: equivalent)
  [COST]    Before: 10.5, After: 7.5 (reduction: 28.6%)
  [ACCEPT]  ✓ Change accepted
--- Iteration 6 ---
  [ANALYZE] No more opportunities found.
=== RESULT ===
  Original cost: 19.0
  Final cost:    7.5
  Reduction:     60.5%
  Iterations:    6
  Accepted:      5
  Rejected:      0
  Invalid:       0
  Output match:  PASS ✓
=== Original TAC ===
  0 |     t0 = in_n + in_b
  1 |     b = t0
  2 |     t1 = in_b + in_n
  3 |     k = t1
  4 |     t2 = b + k
  5 |     acc = t2
  6 |     print acc
=== Optimized TAC ===
  0 |     t0 = in_n + in_b
  1 |     acc = t0 + t0
  2 |     print acc
